<html>
<body>
<pre>
<h1>µVision Build Log</h1>
<h2>Tool Versions:</h2>
IDE-Version: ¶ÃVision V5.14.2.1
Copyright (C) 2015 ARM Ltd and ARM Germany GmbH. All rights reserved.
License Information: Cortex-M3, null, LIC=9N0BS-LAXMM-246SS-LFYWE-LK2DS-K2BYR
 
Tool Versions:
Toolchain:       MDK-ARM Professional  Version: 5.14.0.0
Toolchain Path:  C:\Keil_v5\ARM\ARMCC\Bin
C Compiler:      Armcc.exe V5.05 update 1 (build 106)
Assembler:       Armasm.exe V5.05 update 1 (build 106)
Linker/Locator:  ArmLink.exe V5.05 update 1 (build 106)
Library Manager: ArmAr.exe V5.05 update 1 (build 106)
Hex Converter:   FromElf.exe V5.05 update 1 (build 106)
CPU DLL:         SARMCM3.DLL V5.14.0.0
Dialog DLL:      DCM.DLL V1.13.1.0
Target DLL:      Segger\JL2CM3.dll V2.99.13.0
Dialog DLL:      TCM.DLL V1.14.4.0
 
<h2>Project:</h2>
C:\Users\kangs\Documents\GitHub\robort\Robort_Stm32\Project\RVMDK£®uv4£©\Robort_Stm32.uvprojx
Project File Date:  09/01/2017

<h2>Output:</h2>
*** Using Compiler 'V5.05 update 1 (build 106)', folder: 'C:\Keil_v5\ARM\ARMCC\Bin'
Rebuild target 'Robort_Stm32'
assembling startup_stm32f10x_hd.s...
compiling core_cm3.c...
compiling system_stm32f10x.c...
compiling misc.c...
compiling stm32f10x_adc.c...
compiling stm32f10x_bkp.c...
compiling stm32f10x_can.c...
compiling stm32f10x_cec.c...
compiling stm32f10x_crc.c...
compiling stm32f10x_dac.c...
compiling stm32f10x_dbgmcu.c...
compiling stm32f10x_dma.c...
compiling stm32f10x_exti.c...
compiling stm32f10x_flash.c...
compiling stm32f10x_fsmc.c...
compiling stm32f10x_gpio.c...
compiling stm32f10x_i2c.c...
compiling stm32f10x_iwdg.c...
compiling stm32f10x_pwr.c...
compiling stm32f10x_rcc.c...
compiling stm32f10x_rtc.c...
compiling stm32f10x_sdio.c...
compiling stm32f10x_spi.c...
compiling stm32f10x_tim.c...
compiling stm32f10x_usart.c...
compiling stm32f10x_wwdg.c...
compiling main.c...
..\..\APP\main.c(48): warning:  #174-D: expression has no effect
                __NOP; 
..\..\APP\main.c(68): warning:  #177-D: variable "ProtocolData" was declared but never referenced
        App_Robort_Dat_Tag ProtocolData = {0};
..\..\APP\main.c(69): warning:  #177-D: variable "SensorEntry" was declared but never referenced
        uSensorInfoTag SensorEntry = {0};
..\..\APP\main.c: 3 warnings, 0 errors
compiling stm32f10x_it.c...
compiling App_Steer.c...
..\..\APP\App_Steer.c(122): warning:  #68-D: integer conversion resulted in a change of sign
                return -1;
..\..\APP\App_Steer.c: 1 warning, 0 errors
compiling App_Beep.c...
compiling App_Light.c...
compiling App_Message.c...
compiling App_Motor.c...
compiling App_Protocol.c...
..\..\APP\App_Protocol.c(272): warning:  #188-D: enumerated type mixed with another type
                 fSensorType = pdata->Data[0]; //angle data
..\..\APP\App_Protocol.c: 1 warning, 0 errors
compiling App_Sensor.c...
..\..\APP\App_Sensor.c(223): warning:  #177-D: variable "fEnergyQuantity" was declared but never referenced
      float  fEnergyQuantity = 0;
..\..\APP\App_Sensor.c(174): warning:  #177-D: function "StartToAcquireSensorInfo" was declared but never referenced
  static void StartToAcquireSensorInfo(void)
..\..\APP\App_Sensor.c(142): warning:  #177-D: function "GetTemperature" was declared but never referenced
  static void GetTemperature(uSensorInfoTag *pdata)
..\..\APP\App_Sensor.c(5): warning:  #177-D: variable "gRobortSensorInfo" was declared but never referenced
  static uSensorInfoTag gRobortSensorInfo;
..\..\APP\App_Sensor.c: 4 warnings, 0 errors
compiling App_GPS.c...
compiling BSP_Timer.c...
compiling BSP_Led.c...
compiling BSP_Systick.c...
..\..\BSP\BSP_Systick.c(3): warning:  #550-D: variable "fac_ms" was set but never used
  static u16 fac_ms=0;//ms—” ±±∂≥À ˝
..\..\BSP\BSP_Systick.c: 1 warning, 0 errors
compiling BSP_Uart.c...
compiling BSP_Pwm.c...
compiling BSP_Pantilt.c...
compiling BSP_ADC.C...
compiling BSP_Gpio.c...
compiling BSP_GPS.c...
compiling context.c...
compiling generate.c...
compiling generator.c...
compiling gmath.c...
..\..\nmea_decode\src\gmath.c(166): warning:  #550-D: variable "tan_sigma" was set but never used
          double tmp1, tmp2, tan_sigma, sin_alpha, cos_alpha, C, lambda_prev; 
..\..\nmea_decode\src\gmath.c(264): warning:  #550-D: variable "tan_sigma1" was set but never used
      double tan_sigma1, sigma1, sin_alpha, cos_alpha, sqr_cos_alpha, sqr_u, A, B;
..\..\nmea_decode\src\gmath.c(264): warning:  #550-D: variable "cos_alpha" was set but never used
      double tan_sigma1, sigma1, sin_alpha, cos_alpha, sqr_cos_alpha, sqr_u, A, B;
..\..\nmea_decode\src\gmath.c: 3 warnings, 0 errors
compiling info.c...
compiling parse.c...
compiling parser.c...
compiling sentence.c...
compiling time.c...
compiling tok.c...
linking...
Program Size: Code=10660 RO-data=336 RW-data=136 ZI-data=1176  
FromELF: creating hex file...
"..\..\Output\Robort_Stm32.axf" - 0 Error(s), 13 Warning(s).

<h2>Collection of Component include folders:</h2>
  C:\Users\kangs\Documents\GitHub\robort\Robort_Stm32\Project\RVMDK£®uv4£©\RTE
  C:\Keil_v5\ARM\PACK\Keil\STM32F1xx_DFP\1.0.5\Device\Include

<h2>Collection of Component Files used:</h2>
</pre>
</body>
</html>
