<html>
<body>
<pre>
<h1>µVision Build Log</h1>
<h2>Tool Versions:</h2>
IDE-Version: ¦ÌVision V5.14.0.0
Copyright (C) 2015 ARM Ltd and ARM Germany GmbH. All rights reserved.
License Information: st st, st, LIC=----
 
Tool Versions:
Toolchain:       MDK-Lite  Version: 5.14.0.0
Toolchain Path:  C:\Keil_v5\ARM\ARMCC\Bin
C Compiler:      Armcc.exe V5.05 update 1 (build 106)
Assembler:       Armasm.exe V5.05 update 1 (build 106)
Linker/Locator:  ArmLink.exe V5.05 update 1 (build 106)
Library Manager: ArmAr.exe V5.05 update 1 (build 106)
Hex Converter:   FromElf.exe V5.05 update 1 (build 106)
CPU DLL:         SARMCM3.DLL V5.14.0.0
Dialog DLL:      DCM.DLL V1.13.1.0
Target DLL:      Segger\JL2CM3.dll V2.99.13.0
Dialog DLL:      TCM.DLL V1.14.4.0
 
<h2>Project:</h2>
E:\gitHub\robort\Robort_Stm32\Project\RVMDK£¨uv4£©\Robort_Stm32.uvprojx
Project File Date:  08/09/2017

<h2>Output:</h2>
Build target 'Robort_Stm32'
compiling main.c...
..\..\BSP\BSP_Gpio.h(47): warning:  #375-D: declaration requires a typedef name
  };
..\..\APP\main.c(60): warning:  #174-D: expression has no effect
                __NOP; 
..\..\APP\main.c(80): warning:  #177-D: variable "ProtocolData" was declared but never referenced
       App_Robort_Dat_Tag ProtocolData = {0};
..\..\APP\main.c(81): warning:  #177-D: variable "SensorEntry" was declared but never referenced
       uSensorInfoTag SensorEntry = {0};
..\..\APP\main.c(191): warning:  #1-D: last line of file ends without a newline
  #endif
..\..\APP\main.c: 5 warnings, 0 errors
compiling App_Steer.c...
..\..\APP\App_Steer.c(122): warning:  #68-D: integer conversion resulted in a change of sign
                return -1;
..\..\APP\App_Steer.c: 1 warning, 0 errors
compiling App_Protocol.c...
..\..\BSP\BSP_Gpio.h(47): warning:  #375-D: declaration requires a typedef name
  };
..\..\APP\App_Protocol.c(272): warning:  #188-D: enumerated type mixed with another type
                 fSensorType = pdata->Data[0]; //angle data
..\..\APP\App_Protocol.c: 2 warnings, 0 errors
linking...
Program Size: Code=11008 RO-data=336 RW-data=80 ZI-data=1176  
FromELF: creating hex file...
"..\..\Output\Robort_Stm32.axf" - 0 Error(s), 8 Warning(s).

<h2>Collection of Component include folders:</h2>
  E:\gitHub\robort\Robort_Stm32\Project\RVMDK£¨uv4£©\RTE
  C:\Keil_v5\ARM\PACK\Keil\STM32F1xx_DFP\2.2.0

<h2>Collection of Component Files used:</h2>
</pre>
</body>
</html>
