Component: ARM Compiler 5.05 update 1 (build 106) Tool: armlink [4d0efa]

==============================================================================

Section Cross References

    startup_stm32f10x_hd.o(RESET) refers to startup_stm32f10x_hd.o(STACK) for __initial_sp
    startup_stm32f10x_hd.o(RESET) refers to startup_stm32f10x_hd.o(.text) for Reset_Handler
    startup_stm32f10x_hd.o(RESET) refers to stm32f10x_it.o(i.NMI_Handler) for NMI_Handler
    startup_stm32f10x_hd.o(RESET) refers to stm32f10x_it.o(i.HardFault_Handler) for HardFault_Handler
    startup_stm32f10x_hd.o(RESET) refers to stm32f10x_it.o(i.MemManage_Handler) for MemManage_Handler
    startup_stm32f10x_hd.o(RESET) refers to stm32f10x_it.o(i.BusFault_Handler) for BusFault_Handler
    startup_stm32f10x_hd.o(RESET) refers to stm32f10x_it.o(i.UsageFault_Handler) for UsageFault_Handler
    startup_stm32f10x_hd.o(RESET) refers to stm32f10x_it.o(i.SVC_Handler) for SVC_Handler
    startup_stm32f10x_hd.o(RESET) refers to stm32f10x_it.o(i.DebugMon_Handler) for DebugMon_Handler
    startup_stm32f10x_hd.o(RESET) refers to stm32f10x_it.o(i.PendSV_Handler) for PendSV_Handler
    startup_stm32f10x_hd.o(RESET) refers to stm32f10x_it.o(i.SysTick_Handler) for SysTick_Handler
    startup_stm32f10x_hd.o(RESET) refers to stm32f10x_it.o(i.DMA1_Channel3_IRQHandler) for DMA1_Channel3_IRQHandler
    startup_stm32f10x_hd.o(RESET) refers to stm32f10x_it.o(i.DMA1_Channel4_IRQHandler) for DMA1_Channel4_IRQHandler
    startup_stm32f10x_hd.o(RESET) refers to bsp_timer.o(i.TIM1_UP_IRQHandler) for TIM1_UP_IRQHandler
    startup_stm32f10x_hd.o(RESET) refers to bsp_uart.o(i.USART1_IRQHandler) for USART1_IRQHandler
    startup_stm32f10x_hd.o(.text) refers to system_stm32f10x.o(i.SystemInit) for SystemInit
    startup_stm32f10x_hd.o(.text) refers to entry.o(.ARM.Collect$$$$00000000) for __main
    system_stm32f10x.o(i.SystemCoreClockUpdate) refers to system_stm32f10x.o(.data) for .data
    system_stm32f10x.o(i.SystemInit) refers to system_stm32f10x.o(i.SetSysClockTo72) for SetSysClockTo72
    stm32f10x_adc.o(i.ADC_DeInit) refers to stm32f10x_rcc.o(i.RCC_APB2PeriphResetCmd) for RCC_APB2PeriphResetCmd
    stm32f10x_bkp.o(i.BKP_DeInit) refers to stm32f10x_rcc.o(i.RCC_BackupResetCmd) for RCC_BackupResetCmd
    stm32f10x_can.o(i.CAN_DeInit) refers to stm32f10x_rcc.o(i.RCC_APB1PeriphResetCmd) for RCC_APB1PeriphResetCmd
    stm32f10x_can.o(i.CAN_GetITStatus) refers to stm32f10x_can.o(i.CheckITStatus) for CheckITStatus
    stm32f10x_cec.o(i.CEC_DeInit) refers to stm32f10x_rcc.o(i.RCC_APB1PeriphResetCmd) for RCC_APB1PeriphResetCmd
    stm32f10x_dac.o(i.DAC_DeInit) refers to stm32f10x_rcc.o(i.RCC_APB1PeriphResetCmd) for RCC_APB1PeriphResetCmd
    stm32f10x_flash.o(i.FLASH_EnableWriteProtection) refers to stm32f10x_flash.o(i.FLASH_WaitForLastOperation) for FLASH_WaitForLastOperation
    stm32f10x_flash.o(i.FLASH_EraseAllBank1Pages) refers to stm32f10x_flash.o(i.FLASH_WaitForLastBank1Operation) for FLASH_WaitForLastBank1Operation
    stm32f10x_flash.o(i.FLASH_EraseAllPages) refers to stm32f10x_flash.o(i.FLASH_WaitForLastOperation) for FLASH_WaitForLastOperation
    stm32f10x_flash.o(i.FLASH_EraseOptionBytes) refers to stm32f10x_flash.o(i.FLASH_GetReadOutProtectionStatus) for FLASH_GetReadOutProtectionStatus
    stm32f10x_flash.o(i.FLASH_EraseOptionBytes) refers to stm32f10x_flash.o(i.FLASH_WaitForLastOperation) for FLASH_WaitForLastOperation
    stm32f10x_flash.o(i.FLASH_ErasePage) refers to stm32f10x_flash.o(i.FLASH_WaitForLastOperation) for FLASH_WaitForLastOperation
    stm32f10x_flash.o(i.FLASH_ProgramHalfWord) refers to stm32f10x_flash.o(i.FLASH_WaitForLastOperation) for FLASH_WaitForLastOperation
    stm32f10x_flash.o(i.FLASH_ProgramOptionByteData) refers to stm32f10x_flash.o(i.FLASH_WaitForLastOperation) for FLASH_WaitForLastOperation
    stm32f10x_flash.o(i.FLASH_ProgramWord) refers to stm32f10x_flash.o(i.FLASH_WaitForLastOperation) for FLASH_WaitForLastOperation
    stm32f10x_flash.o(i.FLASH_ReadOutProtection) refers to stm32f10x_flash.o(i.FLASH_WaitForLastOperation) for FLASH_WaitForLastOperation
    stm32f10x_flash.o(i.FLASH_UserOptionByteConfig) refers to stm32f10x_flash.o(i.FLASH_WaitForLastOperation) for FLASH_WaitForLastOperation
    stm32f10x_flash.o(i.FLASH_WaitForLastBank1Operation) refers to stm32f10x_flash.o(i.FLASH_GetBank1Status) for FLASH_GetBank1Status
    stm32f10x_flash.o(i.FLASH_WaitForLastOperation) refers to stm32f10x_flash.o(i.FLASH_GetBank1Status) for FLASH_GetBank1Status
    stm32f10x_gpio.o(i.GPIO_AFIODeInit) refers to stm32f10x_rcc.o(i.RCC_APB2PeriphResetCmd) for RCC_APB2PeriphResetCmd
    stm32f10x_gpio.o(i.GPIO_DeInit) refers to stm32f10x_rcc.o(i.RCC_APB2PeriphResetCmd) for RCC_APB2PeriphResetCmd
    stm32f10x_i2c.o(i.I2C_DeInit) refers to stm32f10x_rcc.o(i.RCC_APB1PeriphResetCmd) for RCC_APB1PeriphResetCmd
    stm32f10x_i2c.o(i.I2C_Init) refers to stm32f10x_rcc.o(i.RCC_GetClocksFreq) for RCC_GetClocksFreq
[...]
    Removing stm32f10x_usart.o(i.USART_SetGuardTime), (16 bytes).
    Removing stm32f10x_usart.o(i.USART_SetPrescaler), (16 bytes).
    Removing stm32f10x_usart.o(i.USART_SmartCardCmd), (20 bytes).
    Removing stm32f10x_usart.o(i.USART_SmartCardNACKCmd), (20 bytes).
    Removing stm32f10x_usart.o(i.USART_StructInit), (22 bytes).
    Removing stm32f10x_usart.o(i.USART_WakeUpConfig), (16 bytes).
    Removing stm32f10x_wwdg.o(i.WWDG_ClearFlag), (12 bytes).
    Removing stm32f10x_wwdg.o(i.WWDG_DeInit), (24 bytes).
    Removing stm32f10x_wwdg.o(i.WWDG_Enable), (16 bytes).
    Removing stm32f10x_wwdg.o(i.WWDG_EnableIT), (16 bytes).
    Removing stm32f10x_wwdg.o(i.WWDG_GetFlagStatus), (12 bytes).
    Removing stm32f10x_wwdg.o(i.WWDG_SetCounter), (16 bytes).
    Removing stm32f10x_wwdg.o(i.WWDG_SetPrescaler), (20 bytes).
    Removing stm32f10x_wwdg.o(i.WWDG_SetWindowValue), (28 bytes).
    Removing main.o(.bss), (27 bytes).
    Removing main.o(.data), (17 bytes).
    Removing main.o(.data), (17 bytes).
    Removing app_beep.o(i.Robort_Beep_Control), (24 bytes).
    Removing app_message.o(i.GPS_Message_Upload), (172 bytes).
    Removing app_message.o(i.Robort_Receive_Frame), (22 bytes).
    Removing app_message.o(i.Robort_Send_Frame), (10 bytes).
    Removing app_message.o(.bss), (50 bytes).
    Removing app_motor.o(i.Robort_Direction_Control), (304 bytes).
    Removing app_motor.o(i.Robort_Speed_Control), (24 bytes).
    Removing app_motor.o(i.Set_Motor_Direction), (96 bytes).
    Removing app_motor.o(i.Set_Motor_Speed), (104 bytes).
    Removing app_motor.o(.data), (7 bytes).
    Removing app_protocol.o(i.Process_Robort_Direction_Cmd), (44 bytes).
    Removing app_protocol.o(i.Process_Robort_Sensor_Cmd), (228 bytes).
    Removing app_protocol.o(i.Process_Robort_Steer_Cmd), (92 bytes).
    Removing app_protocol.o(i.Protocol_Parser), (170 bytes).
    Removing app_sensor.o(i.GetIR_Distance), (56 bytes).
    Removing app_sensor.o(i.Robort_Get_Sensor_Data), (72 bytes).
    Removing app_sensor.o(i.Robort_Sensor_Init), (4 bytes).
    Removing app_sensor.o(.data), (256 bytes).
    Removing app_gps.o(i.GPS_HalfTransferEnd_Nema), (136 bytes).
    Removing app_gps.o(i.GPS_TransferEnd_Nema), (136 bytes).
    Removing app_gps.o(i.Robort_Get_Nema), (32 bytes).
    Removing app_gps.o(.data), (1 bytes).
    Removing bsp_timer.o(i.NVIC_Configuration), (8 bytes).
    Removing bsp_timer.o(i.STM32_TIMER3_GetCounterFlag), (36 bytes).
    Removing bsp_led.o(i.LED1_OFF), (16 bytes).
    Removing bsp_led.o(i.LED1_ON), (16 bytes).
    Removing bsp_led.o(i.LED1_TOGGLE), (16 bytes).
    Removing bsp_led.o(i.LED_Init), (84 bytes).
    Removing bsp_systick.o(i.delay_systick), (48 bytes).
    Removing bsp_systick.o(i.delay_us), (52 bytes).
    Removing bsp_uart.o(i.Crc16), (48 bytes).
    Removing bsp_uart.o(i.DMA1_DATA_Trans_Task_OFF), (12 bytes).
    Removing bsp_uart.o(i.DMA1_DATA_Trans_Task_ON), (12 bytes).
    Removing bsp_uart.o(i.DMA1_Uart1_Status_Get), (12 bytes).
    Removing bsp_uart.o(i.STM32_UART1_Write), (40 bytes).
    Removing bsp_uart.o(i.STM32_UART_Read), (120 bytes).
    Removing bsp_uart.o(i.STM32_UART_Write), (72 bytes).
    Removing bsp_uart.o(i.fgetc), (32 bytes).
    Removing bsp_uart.o(.data), (1 bytes).
    Removing bsp_uart.o(.data), (1 bytes).
    Removing bsp_uart.o(.data), (1 bytes).
    Removing bsp_pantilt.o(i.H_ACT_Ctrl), (12 bytes).
    Removing bsp_pantilt.o(.data), (1 bytes).
    Removing bsp_pantilt.o(.data), (1 bytes).
    Removing bsp_adc.o(i.ADC1_Init), (160 bytes).
    Removing bsp_adc.o(i.ADC_Vaule_Handle), (64 bytes).
    Removing bsp_adc.o(i.STM32_ADC_Gather), (52 bytes).
    Removing bsp_adc.o(i.STM32_ADC_Read), (12 bytes).
    Removing bsp_adc.o(i.Task_ADC_Handle), (192 bytes).
    Removing bsp_adc.o(.bss), (96 bytes).
    Removing bsp_adc.o(.data), (2 bytes).
    Removing bsp_gps.o(i.GMTconvert), (282 bytes).
    Removing bsp_gps.o(i.IsLeapYear), (44 bytes).
    Removing bsp_gps.o(i.error), (2 bytes).
    Removing bsp_gps.o(i.trace), (2 bytes).
    Removing context.o(i.nmea_trace), (56 bytes).
    Removing context.o(i.nmea_trace_buff), (20 bytes).
    Removing generate.o(i.nmea_gen_GPGGA), (116 bytes).
    Removing generate.o(i.nmea_gen_GPGSA), (92 bytes).
    Removing generate.o(i.nmea_gen_GPGSV), (96 bytes).
    Removing generate.o(i.nmea_gen_GPRMC), (116 bytes).
    Removing generate.o(i.nmea_gen_GPVTG), (108 bytes).
    Removing generate.o(i.nmea_generate), (232 bytes).
    Removing generate.o(i.nmea_gsv_npack), (30 bytes).
    Removing generate.o(i.nmea_info2GPGGA), (120 bytes).
    Removing generate.o(i.nmea_info2GPGSA), (76 bytes).
    Removing generate.o(i.nmea_info2GPGSV), (102 bytes).
    Removing generate.o(i.nmea_info2GPRMC), (172 bytes).
    Removing generate.o(i.nmea_info2GPVTG), (64 bytes).
    Removing generate.o(.conststring), (380 bytes).
    Removing generator.o(i.__nmea_create_generator), (248 bytes).
    Removing generator.o(i.nmea_create_generator), (22 bytes).
    Removing generator.o(i.nmea_destroy_generator), (4 bytes).
    Removing generator.o(i.nmea_gen_add), (12 bytes).
    Removing generator.o(i.nmea_gen_destroy), (34 bytes).
    Removing generator.o(i.nmea_gen_init), (80 bytes).
    Removing generator.o(i.nmea_gen_loop), (34 bytes).
    Removing generator.o(i.nmea_gen_reset), (16 bytes).
    Removing generator.o(i.nmea_generate_from), (44 bytes).
    Removing generator.o(i.nmea_igen_noise_init), (4 bytes).
    Removing generator.o(i.nmea_igen_noise_loop), (400 bytes).
    Removing generator.o(i.nmea_igen_noise_reset), (4 bytes).
    Removing generator.o(i.nmea_igen_pos_rmove_destroy), (4 bytes).
    Removing generator.o(i.nmea_igen_pos_rmove_init), (32 bytes).
    Removing generator.o(i.nmea_igen_pos_rmove_loop), (248 bytes).
    Removing generator.o(i.nmea_igen_rotate_init), (16 bytes).
    Removing generator.o(i.nmea_igen_rotate_loop), (148 bytes).
    Removing generator.o(i.nmea_igen_rotate_reset), (100 bytes).
    Removing generator.o(i.nmea_igen_static_init), (16 bytes).
    Removing generator.o(i.nmea_igen_static_loop), (12 bytes).
    Removing generator.o(i.nmea_igen_static_reset), (76 bytes).
    Removing generator.o(i.nmea_random), (72 bytes).
    Removing generator.o(.data), (8 bytes).
    Removing gmath.o(i.__ARM_isnan), (24 bytes).
    Removing gmath.o(i.nmea_calc_pdop), (60 bytes).
    Removing gmath.o(i.nmea_degree2ndeg), (56 bytes).
    Removing gmath.o(i.nmea_degree2radian), (16 bytes).
    Removing gmath.o(i.nmea_distance), (124 bytes).
    Removing gmath.o(i.nmea_distance_ellipsoid), (1560 bytes).
    Removing gmath.o(i.nmea_dop2meters), (12 bytes).
    Removing gmath.o(i.nmea_info2pos), (32 bytes).
    Removing gmath.o(i.nmea_meters2dop), (12 bytes).
    Removing gmath.o(i.nmea_move_horz), (312 bytes).
    Removing gmath.o(i.nmea_move_horz_ellipsoid), (1480 bytes).
    Removing gmath.o(i.nmea_ndeg2degree), (76 bytes).
    Removing gmath.o(i.nmea_ndeg2radian), (14 bytes).
    Removing gmath.o(i.nmea_pos2info), (32 bytes).
    Removing gmath.o(i.nmea_radian2degree), (16 bytes).
    Removing gmath.o(i.nmea_radian2ndeg), (14 bytes).
    Removing parse.o(i._nmea_parse_time), (144 bytes).
    Removing parse.o(i.nmea_GPGGA2info), (86 bytes).
    Removing parse.o(i.nmea_GPGSA2info), (96 bytes).
    Removing parse.o(i.nmea_GPGSV2info), (110 bytes).
    Removing parse.o(i.nmea_GPRMC2info), (136 bytes).
    Removing parse.o(i.nmea_GPVTG2info), (34 bytes).
    Removing parse.o(i.nmea_find_tail), (122 bytes).
    Removing parse.o(i.nmea_pack_type), (96 bytes).
    Removing parse.o(i.nmea_parse_GPGGA), (236 bytes).
    Removing parse.o(i.nmea_parse_GPGSA), (204 bytes).
    Removing parse.o(i.nmea_parse_GPGSV), (188 bytes).
    Removing parse.o(i.nmea_parse_GPRMC), (252 bytes).
    Removing parse.o(i.nmea_parse_GPVTG), (212 bytes).
    Removing parse.o(.conststring), (105 bytes).
    Removing parse.o(.data), (20 bytes).
    Removing parser.o(i.nmea_parse), (114 bytes).
    Removing parser.o(i.nmea_parser_buff_clear), (8 bytes).
    Removing parser.o(i.nmea_parser_destroy), (28 bytes).
    Removing parser.o(i.nmea_parser_drop), (40 bytes).
    Removing parser.o(i.nmea_parser_peek), (18 bytes).
    Removing parser.o(i.nmea_parser_pop), (34 bytes).
    Removing parser.o(i.nmea_parser_push), (42 bytes).
    Removing parser.o(i.nmea_parser_queue_clear), (22 bytes).
    Removing parser.o(i.nmea_parser_real_push), (428 bytes).
    Removing parser.o(i.nmea_parser_top), (14 bytes).
    Removing sentence.o(i.nmea_zero_GPGGA), (38 bytes).
    Removing sentence.o(i.nmea_zero_GPGSA), (20 bytes).
    Removing sentence.o(i.nmea_zero_GPGSV), (6 bytes).
    Removing sentence.o(i.nmea_zero_GPRMC), (36 bytes).
    Removing sentence.o(i.nmea_zero_GPVTG), (32 bytes).
    Removing tok.o(i.nmea_atof), (44 bytes).
    Removing tok.o(i.nmea_atoi), (44 bytes).
    Removing tok.o(i.nmea_calc_crc), (22 bytes).
    Removing tok.o(i.nmea_printf), (92 bytes).
    Removing tok.o(i.nmea_scanf), (408 bytes).
    Removing dscalb.o(.text), (46 bytes).
    Removing ffltui.o(.text), (10 bytes).
    Removing dfltui.o(.text), (26 bytes).
    Removing dfixi.o(.text), (62 bytes).
    Removing cdcmple.o(.text), (48 bytes).
    Removing fepilogue.o(.text), (110 bytes).
    Removing dsqrt.o(.text), (162 bytes).
    Removing dfltul.o(.text), (24 bytes).
    Removing d2f.o(.text), (56 bytes).

583 unused section(s) (total 27835 bytes) removed from the image.

==============================================================================

Image Symbol Table

    Local Symbols

    Symbol Name                              Value     Ov Type        Size  Object(Section)

    ../clib/microlib/ctype/ctype.c           0x00000000   Number         0  isspace_o.o ABSOLUTE
    ../clib/microlib/ctype/ctype.c           0x00000000   Number         0  isalnum_o.o ABSOLUTE
    ../clib/microlib/ctype/ctype.c           0x00000000   Number         0  isalpha_o.o ABSOLUTE
    ../clib/microlib/ctype/ctype.c           0x00000000   Number         0  isblank_o.o ABSOLUTE
    ../clib/microlib/ctype/ctype.c           0x00000000   Number         0  isgraph_o.o ABSOLUTE
    ../clib/microlib/ctype/ctype.c           0x00000000   Number         0  islower_o.o ABSOLUTE
    ../clib/microlib/ctype/ctype.c           0x00000000   Number         0  iscntrl_o.o ABSOLUTE
    ../clib/microlib/ctype/ctype.c           0x00000000   Number         0  isxdigit_o.o ABSOLUTE
    ../clib/microlib/ctype/ctype.c           0x00000000   Number         0  isdigit_o.o ABSOLUTE
    ../clib/microlib/ctype/ctype.c           0x00000000   Number         0  isupper_o.o ABSOLUTE
    ../clib/microlib/ctype/ctype.c           0x00000000   Number         0  ctype_c.o ABSOLUTE
    ../clib/microlib/ctype/ctype.c           0x00000000   Number         0  isspace_c.o ABSOLUTE
    ../clib/microlib/ctype/ctype.c           0x00000000   Number         0  isprint_o.o ABSOLUTE
    ../clib/microlib/ctype/ctype.c           0x00000000   Number         0  ispunct_o.o ABSOLUTE
    ../clib/microlib/ctype/ctype.c           0x00000000   Number         0  ctype_o.o ABSOLUTE
    ../clib/microlib/division.c              0x00000000   Number         0  uldiv.o ABSOLUTE
    ../clib/microlib/division.c              0x00000000   Number         0  uidiv.o ABSOLUTE
    ../clib/microlib/errno.c                 0x00000000   Number         0  errno.o ABSOLUTE
    ../clib/microlib/init/entry.s            0x00000000   Number         0  entry10b.o ABSOLUTE
    ../clib/microlib/init/entry.s            0x00000000   Number         0  entry11a.o ABSOLUTE
    ../clib/microlib/init/entry.s            0x00000000   Number         0  entry10a.o ABSOLUTE
    ../clib/microlib/init/entry.s            0x00000000   Number         0  entry9b.o ABSOLUTE
    ../clib/microlib/init/entry.s            0x00000000   Number         0  entry9a.o ABSOLUTE
    ../clib/microlib/init/entry.s            0x00000000   Number         0  entry8a.o ABSOLUTE
    ../clib/microlib/init/entry.s            0x00000000   Number         0  entry7b.o ABSOLUTE
    ../clib/microlib/init/entry.s            0x00000000   Number         0  entry7a.o ABSOLUTE
    ../clib/microlib/init/entry.s            0x00000000   Number         0  entry5.o ABSOLUTE
    ../clib/microlib/init/entry.s            0x00000000   Number         0  entry8b.o ABSOLUTE
    ../clib/microlib/init/entry.s            0x00000000   Number         0  entry2.o ABSOLUTE
    ../clib/microlib/init/entry.s            0x00000000   Number         0  entry11b.o ABSOLUTE
    ../clib/microlib/init/entry.s            0x00000000   Number         0  entry.o ABSOLUTE
    ../clib/microlib/longlong.c              0x00000000   Number         0  llshl.o ABSOLUTE
    ../clib/microlib/longlong.c              0x00000000   Number         0  llsshr.o ABSOLUTE
    ../clib/microlib/longlong.c              0x00000000   Number         0  llushr.o ABSOLUTE
    ../clib/microlib/malloc/malloc.c         0x00000000   Number         0  mallocra.o ABSOLUTE
    ../clib/microlib/malloc/malloc.c         0x00000000   Number         0  malloca.o ABSOLUTE
    ../clib/microlib/malloc/malloc.c         0x00000000   Number         0  malloc.o ABSOLUTE
    ../clib/microlib/malloc/malloc.c         0x00000000   Number         0  mallocr.o ABSOLUTE
    ../clib/microlib/malloc/mvars.c          0x00000000   Number         0  mvars.o ABSOLUTE
    ../clib/microlib/printf/printf.c         0x00000000   Number         0  printfa.o ABSOLUTE
    ../clib/microlib/printf/printf.c         0x00000000   Number         0  printf8.o ABSOLUTE
    ../clib/microlib/printf/printf.c         0x00000000   Number         0  printf7.o ABSOLUTE
    ../clib/microlib/printf/printf.c         0x00000000   Number         0  printf6.o ABSOLUTE
    ../clib/microlib/printf/printf.c         0x00000000   Number         0  printf5.o ABSOLUTE
    ../clib/microlib/printf/printf.c         0x00000000   Number         0  printfb.o ABSOLUTE
    ../clib/microlib/printf/printf.c         0x00000000   Number         0  printf0.o ABSOLUTE
    ../clib/microlib/printf/printf.c         0x00000000   Number         0  printf1.o ABSOLUTE
    ../clib/microlib/printf/printf.c         0x00000000   Number         0  printf2.o ABSOLUTE
    ../clib/microlib/printf/printf.c         0x00000000   Number         0  printf3.o ABSOLUTE
    ../clib/microlib/printf/printf.c         0x00000000   Number         0  printf4.o ABSOLUTE
    ../clib/microlib/printf/stubs.s          0x00000000   Number         0  stubs.o ABSOLUTE
    ../clib/microlib/stdio/streams.c         0x00000000   Number         0  stdout.o ABSOLUTE
    ../clib/microlib/stdlib/rand.c           0x00000000   Number         0  rand.o ABSOLUTE
    ../clib/microlib/string/memchr.c         0x00000000   Number         0  memchr.o ABSOLUTE
    ../clib/microlib/string/memcmp.c         0x00000000   Number         0  memcmp.o ABSOLUTE
    ../clib/microlib/string/memcpy.c         0x00000000   Number         0  memcpyb.o ABSOLUTE
    ../clib/microlib/string/memcpy.c         0x00000000   Number         0  memcpya.o ABSOLUTE
    ../clib/microlib/string/memset.c         0x00000000   Number         0  memseta.o ABSOLUTE
    ../clib/microlib/string/strlen.c         0x00000000   Number         0  strlen.o ABSOLUTE
    ../clib/microlib/stubs.s                 0x00000000   Number         0  iusefp.o ABSOLUTE
    ../clib/scanf.c                          0x00000000   Number         0  strtol.o ABSOLUTE
    ../clib/scanf.c                          0x00000000   Number         0  _sgetc.o ABSOLUTE
    ../clib/scanf.c                          0x00000000   Number         0  scanf_fp.o ABSOLUTE
    ../clib/scanf.c                          0x00000000   Number         0  _chval.o ABSOLUTE
    ../clib/scanf.c                          0x00000000   Number         0  _strtoul.o ABSOLUTE
    ../clib/scanf.c                          0x00000000   Number         0  strtod.o ABSOLUTE
    ../fplib/microlib/d2f.c                  0x00000000   Number         0  d2f.o ABSOLUTE
    ../fplib/microlib/fpadd.c                0x00000000   Number         0  dadd.o ABSOLUTE
    ../fplib/microlib/fpdiv.c                0x00000000   Number         0  ddiv.o ABSOLUTE
    ../fplib/microlib/fpepilogue.c           0x00000000   Number         0  fepilogue.o ABSOLUTE
    ../fplib/microlib/fpepilogue.c           0x00000000   Number         0  depilogue.o ABSOLUTE
    ../fplib/microlib/fpfix.c                0x00000000   Number         0  dfixul.o ABSOLUTE
    ../fplib/microlib/fpfix.c                0x00000000   Number         0  dfixi.o ABSOLUTE
    ../fplib/microlib/fpfix.c                0x00000000   Number         0  dfixui.o ABSOLUTE
    ../fplib/microlib/fpflt.c                0x00000000   Number         0  ffltui.o ABSOLUTE
    ../fplib/microlib/fpflt.c                0x00000000   Number         0  dfltui.o ABSOLUTE
    ../fplib/microlib/fpflt.c                0x00000000   Number         0  dfltul.o ABSOLUTE
    ../fplib/microlib/fpflt.c                0x00000000   Number         0  dflti.o ABSOLUTE
    ../fplib/microlib/fpmul.c                0x00000000   Number         0  dmul.o ABSOLUTE
    ../fplib/microlib/fpscalb.c              0x00000000   Number         0  dscalb.o ABSOLUTE
    ../fplib/microlib/fpsqrt.c               0x00000000   Number         0  dsqrt.o ABSOLUTE
    ../mathlib/acos.c                        0x00000000   Number         0  acos.o ABSOLUTE
    ../mathlib/acos.c                        0x00000000   Number         0  acos_x.o ABSOLUTE
    ../mathlib/asin.c                        0x00000000   Number         0  asin.o ABSOLUTE
    ../mathlib/asin.c                        0x00000000   Number         0  asin_x.o ABSOLUTE
    ../mathlib/atan.c                        0x00000000   Number         0  atan.o ABSOLUTE
    ../mathlib/atan.c                        0x00000000   Number         0  atan_x.o ABSOLUTE
    ../mathlib/atan2.c                       0x00000000   Number         0  atan2.o ABSOLUTE
    ../mathlib/atan2.c                       0x00000000   Number         0  atan2_x.o ABSOLUTE
    ../mathlib/ceil.c                        0x00000000   Number         0  ceil.o ABSOLUTE
    ../mathlib/cos.c                         0x00000000   Number         0  cos.o ABSOLUTE
    ../mathlib/cos.c                         0x00000000   Number         0  cos_x.o ABSOLUTE
    ../mathlib/cos_i.c                       0x00000000   Number         0  cos_i.o ABSOLUTE
    ../mathlib/dunder.c                      0x00000000   Number         0  dunder.o ABSOLUTE
    ../mathlib/fpclassify.c                  0x00000000   Number         0  fpclassify.o ABSOLUTE
    ../mathlib/modf.c                        0x00000000   Number         0  modf.o ABSOLUTE
    ../mathlib/poly.c                        0x00000000   Number         0  poly.o ABSOLUTE
    ../mathlib/pow.c                         0x00000000   Number         0  pow.o ABSOLUTE
    ../mathlib/pow.c                         0x00000000   Number         0  pow_x.o ABSOLUTE
    ../mathlib/qnan.c                        0x00000000   Number         0  qnan.o ABSOLUTE
    ../mathlib/rred.c                        0x00000000   Number         0  rred.o ABSOLUTE
    ../mathlib/sin.c                         0x00000000   Number         0  sin_x.o ABSOLUTE
    ../mathlib/sin.c                         0x00000000   Number         0  sin.o ABSOLUTE
    ../mathlib/sin_i.c                       0x00000000   Number         0  sin_i_x.o ABSOLUTE
    ../mathlib/sin_i.c                       0x00000000   Number         0  sin_i.o ABSOLUTE
    ../mathlib/sqrt.c                        0x00000000   Number         0  sqrt_x.o ABSOLUTE
    ../mathlib/sqrt.c                        0x00000000   Number         0  sqrt.o ABSOLUTE
    ../mathlib/strtod.c                      0x00000000   Number         0  strtod.o ABSOLUTE
    ../mathlib/tan.c                         0x00000000   Number         0  tan.o ABSOLUTE
    ../mathlib/tan.c                         0x00000000   Number         0  tan_x.o ABSOLUTE
    ../mathlib/tan_i.c                       0x00000000   Number         0  tan_i.o ABSOLUTE
    ../mathlib/tan_i.c                       0x00000000   Number         0  tan_i_x.o ABSOLUTE
    ..\..\APP\App_Beep.c                     0x00000000   Number         0  app_beep.o ABSOLUTE
    ..\..\APP\App_GPS.c                      0x00000000   Number         0  app_gps.o ABSOLUTE
    ..\..\APP\App_Light.c                    0x00000000   Number         0  app_light.o ABSOLUTE
    ..\..\APP\App_Message.c                  0x00000000   Number         0  app_message.o ABSOLUTE
    ..\..\APP\App_Motor.c                    0x00000000   Number         0  app_motor.o ABSOLUTE
    ..\..\APP\App_Protocol.c                 0x00000000   Number         0  app_protocol.o ABSOLUTE
    ..\..\APP\App_Sensor.c                   0x00000000   Number         0  app_sensor.o ABSOLUTE
    ..\..\APP\App_Steer.c                    0x00000000   Number         0  app_steer.o ABSOLUTE
    ..\..\APP\main.c                         0x00000000   Number         0  main.o ABSOLUTE
    ..\..\APP\stm32f10x_it.c                 0x00000000   Number         0  stm32f10x_it.o ABSOLUTE
    ..\..\BSP\BSP_ADC.C                      0x00000000   Number         0  bsp_adc.o ABSOLUTE
    ..\..\BSP\BSP_GPS.c                      0x00000000   Number         0  bsp_gps.o ABSOLUTE
    ..\..\BSP\BSP_Gpio.c                     0x00000000   Number         0  bsp_gpio.o ABSOLUTE
    ..\..\BSP\BSP_Led.c                      0x00000000   Number         0  bsp_led.o ABSOLUTE
    ..\..\BSP\BSP_Pantilt.c                  0x00000000   Number         0  bsp_pantilt.o ABSOLUTE
    ..\..\BSP\BSP_Pwm.c                      0x00000000   Number         0  bsp_pwm.o ABSOLUTE
    ..\..\BSP\BSP_Systick.c                  0x00000000   Number         0  bsp_systick.o ABSOLUTE
    ..\..\BSP\BSP_Timer.c                    0x00000000   Number         0  bsp_timer.o ABSOLUTE
    ..\..\BSP\BSP_Uart.c                     0x00000000   Number         0  bsp_uart.o ABSOLUTE
    ..\..\Libraries\CMSIS\core_cm3.c         0x00000000   Number         0  core_cm3.o ABSOLUTE
    ..\..\Libraries\CMSIS\startup\startup_stm32f10x_hd.s 0x00000000   Number         0  startup_stm32f10x_hd.o ABSOLUTE
    ..\..\Libraries\CMSIS\system_stm32f10x.c 0x00000000   Number         0  system_stm32f10x.o ABSOLUTE
    ..\..\Libraries\FWlib\src\misc.c         0x00000000   Number         0  misc.o ABSOLUTE
    ..\..\Libraries\FWlib\src\stm32f10x_adc.c 0x00000000   Number         0  stm32f10x_adc.o ABSOLUTE
    ..\..\Libraries\FWlib\src\stm32f10x_bkp.c 0x00000000   Number         0  stm32f10x_bkp.o ABSOLUTE
    ..\..\Libraries\FWlib\src\stm32f10x_can.c 0x00000000   Number         0  stm32f10x_can.o ABSOLUTE
    ..\..\Libraries\FWlib\src\stm32f10x_cec.c 0x00000000   Number         0  stm32f10x_cec.o ABSOLUTE
    ..\..\Libraries\FWlib\src\stm32f10x_crc.c 0x00000000   Number         0  stm32f10x_crc.o ABSOLUTE
    ..\..\Libraries\FWlib\src\stm32f10x_dac.c 0x00000000   Number         0  stm32f10x_dac.o ABSOLUTE
    ..\..\Libraries\FWlib\src\stm32f10x_dbgmcu.c 0x00000000   Number         0  stm32f10x_dbgmcu.o ABSOLUTE
    ..\..\Libraries\FWlib\src\stm32f10x_dma.c 0x00000000   Number         0  stm32f10x_dma.o ABSOLUTE
    ..\..\Libraries\FWlib\src\stm32f10x_exti.c 0x00000000   Number         0  stm32f10x_exti.o ABSOLUTE
    ..\..\Libraries\FWlib\src\stm32f10x_flash.c 0x00000000   Number         0  stm32f10x_flash.o ABSOLUTE
    ..\..\Libraries\FWlib\src\stm32f10x_fsmc.c 0x00000000   Number         0  stm32f10x_fsmc.o ABSOLUTE
    ..\..\Libraries\FWlib\src\stm32f10x_gpio.c 0x00000000   Number         0  stm32f10x_gpio.o ABSOLUTE
    ..\..\Libraries\FWlib\src\stm32f10x_i2c.c 0x00000000   Number         0  stm32f10x_i2c.o ABSOLUTE
    ..\..\Libraries\FWlib\src\stm32f10x_iwdg.c 0x00000000   Number         0  stm32f10x_iwdg.o ABSOLUTE
    ..\..\Libraries\FWlib\src\stm32f10x_pwr.c 0x00000000   Number         0  stm32f10x_pwr.o ABSOLUTE
    ..\..\Libraries\FWlib\src\stm32f10x_rcc.c 0x00000000   Number         0  stm32f10x_rcc.o ABSOLUTE
    ..\..\Libraries\FWlib\src\stm32f10x_rtc.c 0x00000000   Number         0  stm32f10x_rtc.o ABSOLUTE
    ..\..\Libraries\FWlib\src\stm32f10x_sdio.c 0x00000000   Number         0  stm32f10x_sdio.o ABSOLUTE
    ..\..\Libraries\FWlib\src\stm32f10x_spi.c 0x00000000   Number         0  stm32f10x_spi.o ABSOLUTE
    ..\..\Libraries\FWlib\src\stm32f10x_tim.c 0x00000000   Number         0  stm32f10x_tim.o ABSOLUTE
    ..\..\Libraries\FWlib\src\stm32f10x_usart.c 0x00000000   Number         0  stm32f10x_usart.o ABSOLUTE
    ..\..\Libraries\FWlib\src\stm32f10x_wwdg.c 0x00000000   Number         0  stm32f10x_wwdg.o ABSOLUTE
    ..\..\nmea_decode\src\context.c          0x00000000   Number         0  context.o ABSOLUTE
    ..\..\nmea_decode\src\generate.c         0x00000000   Number         0  generate.o ABSOLUTE
    ..\..\nmea_decode\src\generator.c        0x00000000   Number         0  generator.o ABSOLUTE
    ..\..\nmea_decode\src\gmath.c            0x00000000   Number         0  gmath.o ABSOLUTE
    ..\..\nmea_decode\src\info.c             0x00000000   Number         0  info.o ABSOLUTE
    ..\..\nmea_decode\src\parse.c            0x00000000   Number         0  parse.o ABSOLUTE
    ..\..\nmea_decode\src\parser.c           0x00000000   Number         0  parser.o ABSOLUTE
    ..\..\nmea_decode\src\sentence.c         0x00000000   Number         0  sentence.o ABSOLUTE
    ..\..\nmea_decode\src\time.c             0x00000000   Number         0  time.o ABSOLUTE
    ..\..\nmea_decode\src\tok.c              0x00000000   Number         0  tok.o ABSOLUTE
    ..\\..\\Libraries\\CMSIS\\core_cm3.c     0x00000000   Number         0  core_cm3.o ABSOLUTE
    cdcmple.s                                0x00000000   Number         0  cdcmple.o ABSOLUTE
    cdrcmple.s                               0x00000000   Number         0  cdrcmple.o ABSOLUTE
    dc.s                                     0x00000000   Number         0  dc.o ABSOLUTE
    handlers.s                               0x00000000   Number         0  handlers.o ABSOLUTE
    init.s                                   0x00000000   Number         0  init.o ABSOLUTE
    RESET                                    0x08000000   Section      304  startup_stm32f10x_hd.o(RESET)
    .ARM.Collect$$$$00000000                 0x08000130   Section        0  entry.o(.ARM.Collect$$$$00000000)
    .ARM.Collect$$$$00000001                 0x08000130   Section        4  entry2.o(.ARM.Collect$$$$00000001)
    .ARM.Collect$$$$00000004                 0x08000134   Section        4  entry5.o(.ARM.Collect$$$$00000004)
    .ARM.Collect$$$$00000008                 0x08000138   Section        0  entry7b.o(.ARM.Collect$$$$00000008)
    .ARM.Collect$$$$0000000A                 0x08000138   Section        0  entry8b.o(.ARM.Collect$$$$0000000A)
    .ARM.Collect$$$$0000000B                 0x08000138   Section        8  entry9a.o(.ARM.Collect$$$$0000000B)
    .ARM.Collect$$$$0000000D                 0x08000140   Section        0  entry10a.o(.ARM.Collect$$$$0000000D)
    .ARM.Collect$$$$0000000F                 0x08000140   Section        0  entry11a.o(.ARM.Collect$$$$0000000F)
    .ARM.Collect$$$$00002712                 0x08000140   Section        4  entry2.o(.ARM.Collect$$$$00002712)
    __lit__00000000                          0x08000140   Data           4  entry2.o(.ARM.Collect$$$$00002712)
    .text                                    0x08000144   Section       36  startup_stm32f10x_hd.o(.text)
    .text                                    0x08000168   Section        0  memseta.o(.text)
    .text                                    0x0800018c   Section        0  dadd.o(.text)
    .text                                    0x080002da   Section        0  dmul.o(.text)
    .text                                    0x080003be   Section        0  ddiv.o(.text)
    .text                                    0x0800049c   Section        0  dflti.o(.text)
    .text                                    0x080004be   Section        0  dfixui.o(.text)
    .text                                    0x080004f0   Section       48  cdrcmple.o(.text)
    .text                                    0x08000520   Section        0  uidiv.o(.text)
    .text                                    0x0800054c   Section        0  uldiv.o(.text)
    .text                                    0x080005ae   Section        0  llshl.o(.text)
    .text                                    0x080005cc   Section        0  llushr.o(.text)
    .text                                    0x080005ec   Section        0  llsshr.o(.text)
    .text                                    0x08000610   Section        0  depilogue.o(.text)
    .text                                    0x08000610   Section        0  iusefp.o(.text)
    .text                                    0x080006ca   Section        0  dfixul.o(.text)
    .text                                    0x080006fc   Section       36  init.o(.text)
    i.BusFault_Handler                       0x08000720   Section        0  stm32f10x_it.o(i.BusFault_Handler)
    i.DMA1_Channel3_IRQHandler               0x08000722   Section        0  stm32f10x_it.o(i.DMA1_Channel3_IRQHandler)
    i.DMA1_Channel4_IRQHandler               0x08000726   Section        0  stm32f10x_it.o(i.DMA1_Channel4_IRQHandler)
    i.DMA_ClearFlag                          0x0800072c   Section        0  stm32f10x_dma.o(i.DMA_ClearFlag)
    i.DMA_Cmd                                0x08000744   Section        0  stm32f10x_dma.o(i.DMA_Cmd)
    i.DMA_DeInit                             0x0800075c   Section        0  stm32f10x_dma.o(i.DMA_DeInit)
    i.DMA_GetITStatus                        0x08000840   Section        0  stm32f10x_dma.o(i.DMA_GetITStatus)
    i.DMA_ITConfig                           0x08000860   Section        0  stm32f10x_dma.o(i.DMA_ITConfig)
    i.DMA_Init                               0x08000870   Section        0  stm32f10x_dma.o(i.DMA_Init)
    i.DMA_Uart1_Init                         0x080008ac   Section        0  bsp_uart.o(i.DMA_Uart1_Init)
    i.DebugMon_Handler                       0x0800093c   Section        0  stm32f10x_it.o(i.DebugMon_Handler)
    i.GPIO_Init                              0x08000940   Section        0  stm32f10x_gpio.o(i.GPIO_Init)
    i.GPIO_ResetBits                         0x080009e2   Section        0  stm32f10x_gpio.o(i.GPIO_ResetBits)
    i.GPIO_SetBits                           0x080009e6   Section        0  stm32f10x_gpio.o(i.GPIO_SetBits)
    i.GPS_DATA_Init                          0x080009ec   Section        0  app_gps.o(i.GPS_DATA_Init)
    i.GPS_DMA_Config                         0x08000a08   Section        0  bsp_gps.o(i.GPS_DMA_Config)
    GPS_DMA_Config                           0x08000a09   Thumb Code   128  bsp_gps.o(i.GPS_DMA_Config)
    i.GPS_ProcessDMAIRQ                      0x08000a94   Section        0  bsp_gps.o(i.GPS_ProcessDMAIRQ)
    i.HardFault_Handler                      0x08000acc   Section        0  stm32f10x_it.o(i.HardFault_Handler)
    i.MemManage_Handler                      0x08000aec   Section        0  stm32f10x_it.o(i.MemManage_Handler)
    i.NMI_Handler                            0x08000aee   Section        0  stm32f10x_it.o(i.NMI_Handler)
    i.NVIC_Init                              0x08000af0   Section        0  misc.o(i.NVIC_Init)
    i.NVIC_PriorityGroupConfig               0x08000b54   Section        0  misc.o(i.NVIC_PriorityGroupConfig)
    i.PendSV_Handler                         0x08000b68   Section        0  stm32f10x_it.o(i.PendSV_Handler)
    i.RCC_AHBPeriphClockCmd                  0x08000b6c   Section        0  stm32f10x_rcc.o(i.RCC_AHBPeriphClockCmd)
    i.RCC_APB1PeriphClockCmd                 0x08000b84   Section        0  stm32f10x_rcc.o(i.RCC_APB1PeriphClockCmd)
    i.RCC_APB1PeriphResetCmd                 0x08000b9c   Section        0  stm32f10x_rcc.o(i.RCC_APB1PeriphResetCmd)
    i.RCC_APB2PeriphClockCmd                 0x08000bb4   Section        0  stm32f10x_rcc.o(i.RCC_APB2PeriphClockCmd)
    i.RCC_APB2PeriphResetCmd                 0x08000bcc   Section        0  stm32f10x_rcc.o(i.RCC_APB2PeriphResetCmd)
    i.RCC_GetClocksFreq                      0x08000be4   Section        0  stm32f10x_rcc.o(i.RCC_GetClocksFreq)
    i.Robort_Beep_Init                       0x08000c74   Section        0  app_beep.o(i.Robort_Beep_Init)
    i.Robort_GPS_Init                        0x08000cac   Section        0  bsp_gps.o(i.Robort_GPS_Init)
    i.Robort_Light_Control                   0x08000cb0   Section        0  app_light.o(i.Robort_Light_Control)
    i.Robort_Light_Init                      0x08000cd0   Section        0  app_light.o(i.Robort_Light_Init)
    i.Robort_Motor_Init                      0x08000d08   Section        0  app_motor.o(i.Robort_Motor_Init)
    i.Robort_Steer_Control                   0x08000d94   Section        0  app_steer.o(i.Robort_Steer_Control)
    i.Robort_Steer_Init                      0x08000e38   Section        0  app_steer.o(i.Robort_Steer_Init)
    i.Robort_Uart_Init                       0x08000e84   Section        0  app_message.o(i.Robort_Uart_Init)
    i.STM32_GPIO_SetPin                      0x08000e88   Section        0  bsp_gpio.o(i.STM32_GPIO_SetPin)
    i.STM32_TIMER2_PWMControl                0x08000e9a   Section        0  bsp_pwm.o(i.STM32_TIMER2_PWMControl)
    i.STM32_TIMER3_PWMControl                0x08000f04   Section        0  bsp_pwm.o(i.STM32_TIMER3_PWMControl)
    i.STM32_TIMER4_PWMControl                0x08000f70   Section        0  bsp_pwm.o(i.STM32_TIMER4_PWMControl)
    i.SVC_Handler                            0x08000fdc   Section        0  stm32f10x_it.o(i.SVC_Handler)
    i.SetSysClockTo72                        0x08000fe0   Section        0  system_stm32f10x.o(i.SetSysClockTo72)
    SetSysClockTo72                          0x08000fe1   Thumb Code   160  system_stm32f10x.o(i.SetSysClockTo72)
    i.Steer_Test                             0x08001088   Section        0  app_protocol.o(i.Steer_Test)
    i.SysTick_CLKSourceConfig                0x080010a8   Section        0  misc.o(i.SysTick_CLKSourceConfig)
    i.SysTick_Handler                        0x080010c0   Section        0  stm32f10x_it.o(i.SysTick_Handler)
    i.SystemInit                             0x080010c4   Section        0  system_stm32f10x.o(i.SystemInit)
    i.TIM1_Int_Init                          0x08001114   Section        0  bsp_timer.o(i.TIM1_Int_Init)
    i.TIM1_UP_IRQHandler                     0x08001174   Section        0  bsp_timer.o(i.TIM1_UP_IRQHandler)
    i.TIM2_PWM_Init                          0x080011e0   Section        0  bsp_pwm.o(i.TIM2_PWM_Init)
    i.TIM3_PWM_Init                          0x080012c4   Section        0  bsp_pwm.o(i.TIM3_PWM_Init)
    i.TIM4_PWM_Init                          0x080013cc   Section        0  bsp_pwm.o(i.TIM4_PWM_Init)
    i.TIMER_Init                             0x080014b4   Section        0  bsp_timer.o(i.TIMER_Init)
    i.TIM_ARRPreloadConfig                   0x080014cc   Section        0  stm32f10x_tim.o(i.TIM_ARRPreloadConfig)
    i.TIM_ClearITPendingBit                  0x080014e0   Section        0  stm32f10x_tim.o(i.TIM_ClearITPendingBit)
    i.TIM_Cmd                                0x080014e6   Section        0  stm32f10x_tim.o(i.TIM_Cmd)
    i.TIM_CtrlPWMOutputs                     0x080014fa   Section        0  stm32f10x_tim.o(i.TIM_CtrlPWMOutputs)
    i.TIM_ITConfig                           0x08001510   Section        0  stm32f10x_tim.o(i.TIM_ITConfig)
    i.TIM_OC1Init                            0x08001520   Section        0  stm32f10x_tim.o(i.TIM_OC1Init)
    i.TIM_OC1PreloadConfig                   0x080015a0   Section        0  stm32f10x_tim.o(i.TIM_OC1PreloadConfig)
    i.TIM_OC2Init                            0x080015ac   Section        0  stm32f10x_tim.o(i.TIM_OC2Init)
    i.TIM_OC2PreloadConfig                   0x0800162c   Section        0  stm32f10x_tim.o(i.TIM_OC2PreloadConfig)
    i.TIM_OC3Init                            0x08001640   Section        0  stm32f10x_tim.o(i.TIM_OC3Init)
    i.TIM_OC3PreloadConfig                   0x080016bc   Section        0  stm32f10x_tim.o(i.TIM_OC3PreloadConfig)
    i.TIM_OC4Init                            0x080016c8   Section        0  stm32f10x_tim.o(i.TIM_OC4Init)
    i.TIM_OC4PreloadConfig                   0x0800172c   Section        0  stm32f10x_tim.o(i.TIM_OC4PreloadConfig)
    i.TIM_SetCompare1                        0x08001740   Section        0  stm32f10x_tim.o(i.TIM_SetCompare1)
    i.TIM_SetCompare2                        0x08001744   Section        0  stm32f10x_tim.o(i.TIM_SetCompare2)
    i.TIM_SetCompare3                        0x08001748   Section        0  stm32f10x_tim.o(i.TIM_SetCompare3)
    i.TIM_SetCompare4                        0x0800174c   Section        0  stm32f10x_tim.o(i.TIM_SetCompare4)
    i.TIM_TimeBaseInit                       0x08001754   Section        0  stm32f10x_tim.o(i.TIM_TimeBaseInit)
    i.UART1_Init                             0x080017f0   Section        0  bsp_uart.o(i.UART1_Init)
    i.UART2_Init                             0x08001894   Section        0  bsp_uart.o(i.UART2_Init)
    i.UART3_Init                             0x08001910   Section        0  bsp_uart.o(i.UART3_Init)
    i.UART_Init                              0x08001990   Section        0  bsp_uart.o(i.UART_Init)
    i.USART1_IRQHandler                      0x080019b0   Section        0  bsp_uart.o(i.USART1_IRQHandler)
    i.USART_Cmd                              0x08001a6c   Section        0  stm32f10x_usart.o(i.USART_Cmd)
    i.USART_DMACmd                           0x08001a80   Section        0  stm32f10x_usart.o(i.USART_DMACmd)
    i.USART_DeInit                           0x08001a90   Section        0  stm32f10x_usart.o(i.USART_DeInit)
    i.USART_GetFlagStatus                    0x08001b04   Section        0  stm32f10x_usart.o(i.USART_GetFlagStatus)
    i.USART_GetITStatus                      0x08001b12   Section        0  stm32f10x_usart.o(i.USART_GetITStatus)
    i.USART_ITConfig                         0x08001b50   Section        0  stm32f10x_usart.o(i.USART_ITConfig)
    i.USART_Init                             0x08001b80   Section        0  stm32f10x_usart.o(i.USART_Init)
    i.USART_ReceiveData                      0x08001c2c   Section        0  stm32f10x_usart.o(i.USART_ReceiveData)
    i.USART_SendData                         0x08001c34   Section        0  stm32f10x_usart.o(i.USART_SendData)
    i.Upload_ProcessDMAIRQ                   0x08001c3c   Section        0  bsp_uart.o(i.Upload_ProcessDMAIRQ)
    i.UsageFault_Handler                     0x08001c64   Section        0  stm32f10x_it.o(i.UsageFault_Handler)
    i.__0printf                              0x08001c68   Section        0  printfa.o(i.__0printf)
    i.__0vsnprintf                           0x08001c88   Section        0  printfa.o(i.__0vsnprintf)
    i.__scatterload_copy                     0x08001cac   Section       14  handlers.o(i.__scatterload_copy)
    i.__scatterload_null                     0x08001cba   Section        2  handlers.o(i.__scatterload_null)
    i.__scatterload_zeroinit                 0x08001cbc   Section       14  handlers.o(i.__scatterload_zeroinit)
    i._fp_digits                             0x08001ccc   Section        0  printfa.o(i._fp_digits)
    _fp_digits                               0x08001ccd   Thumb Code   334  printfa.o(i._fp_digits)
    i._printf_core                           0x08001e30   Section        0  printfa.o(i._printf_core)
    _printf_core                             0x08001e31   Thumb Code  1744  printfa.o(i._printf_core)
    i._printf_post_padding                   0x0800250c   Section        0  printfa.o(i._printf_post_padding)
    _printf_post_padding                     0x0800250d   Thumb Code    36  printfa.o(i._printf_post_padding)
    i._printf_pre_padding                    0x08002530   Section        0  printfa.o(i._printf_pre_padding)
    _printf_pre_padding                      0x08002531   Thumb Code    46  printfa.o(i._printf_pre_padding)
    i._snputc                                0x0800255e   Section        0  printfa.o(i._snputc)
    _snputc                                  0x0800255f   Thumb Code    22  printfa.o(i._snputc)
    i.calDutyCycle                           0x08002574   Section        0  app_steer.o(i.calDutyCycle)
    calDutyCycle                             0x08002575   Thumb Code    30  app_steer.o(i.calDutyCycle)
    i.delay_init                             0x080025a0   Section        0  bsp_systick.o(i.delay_init)
    i.delay_ms                               0x080025e0   Section        0  bsp_systick.o(i.delay_ms)
    i.fputc                                  0x08002610   Section        0  bsp_uart.o(i.fputc)
    i.main                                   0x08002634   Section        0  main.o(i.main)
    i.malloc                                 0x08002688   Section        0  malloc.o(i.malloc)
    i.nmea_error                             0x080026f4   Section        0  context.o(i.nmea_error)
    i.nmea_parser_init                       0x0800272c   Section        0  parser.o(i.nmea_parser_init)
    i.nmea_property                          0x0800277c   Section        0  context.o(i.nmea_property)
    i.nmea_time_now                          0x08002784   Section        0  time.o(i.nmea_time_now)
    i.nmea_zero_INFO                         0x0800279a   Section        0  info.o(i.nmea_zero_INFO)
    .data                                    0x20000000   Section       20  system_stm32f10x.o(.data)
    .data                                    0x20000014   Section       20  stm32f10x_rcc.o(.data)
    ADCPrescTable                            0x20000014   Data           4  stm32f10x_rcc.o(.data)
    APBAHBPrescTable                         0x20000018   Data          16  stm32f10x_rcc.o(.data)
    .data                                    0x20000028   Section       12  bsp_timer.o(.data)
    Task_10ms                                0x20000030   Data           4  bsp_timer.o(.data)
    .data                                    0x20000034   Section        8  bsp_systick.o(.data)
    fac_us                                   0x20000034   Data           1  bsp_systick.o(.data)
    fac_ms                                   0x20000036   Data           2  bsp_systick.o(.data)
    fac_systic                               0x20000038   Data           4  bsp_systick.o(.data)
    .data                                    0x2000003c   Section        8  bsp_uart.o(.data)
    .data                                    0x20000044   Section        2  bsp_gps.o(.data)
    .data                                    0x20000048   Section       12  context.o(.data)
    prop                                     0x20000048   Data          12  context.o(.data)
    .data                                    0x20000054   Section        4  stdout.o(.data)
    .data                                    0x20000058   Section        4  mvars.o(.data)
    .data                                    0x2000005c   Section        4  mvars.o(.data)
    .bss                                     0x20000060   Section      404  app_gps.o(.bss)
    .bss                                     0x200001f4   Section      150  bsp_uart.o(.bss)
    .bss                                     0x2000028a   Section      512  bsp_gps.o(.bss)
    HEAP                                     0x20000490   Section     4096  startup_stm32f10x_hd.o(HEAP)
    STACK                                    0x20001490   Section     1024  startup_stm32f10x_hd.o(STACK)

    Global Symbols

    Symbol Name                              Value     Ov Type        Size  Object(Section)

    BuildAttributes$$THM_ISAv4$P$D$K$B$S$PE$A:L22UL41UL21$X:L11$S22US41US21$IEEE1$IW$USESV6$~STKCKD$USESV7$~SHL$OTIME$ROPI$IEEEX$EBA8$MICROLIB$REQ8$PRES8$EABIv2 0x00000000   Number         0  anon$$obj.o ABSOLUTE
    __ARM_use_no_argv                        0x00000000   Number         0  main.o ABSOLUTE
    _printf_a                                0x00000000   Number         0  stubs.o ABSOLUTE
    _printf_c                                0x00000000   Number         0  stubs.o ABSOLUTE
    _printf_charcount                        0x00000000   Number         0  stubs.o ABSOLUTE
    _printf_d                                0x00000000   Number         0  stubs.o ABSOLUTE
    _printf_e                                0x00000000   Number         0  stubs.o ABSOLUTE
    _printf_f                                0x00000000   Number         0  stubs.o ABSOLUTE
    _printf_flags                            0x00000000   Number         0  stubs.o ABSOLUTE
    _printf_fp_dec                           0x00000000   Number         0  stubs.o ABSOLUTE
    _printf_fp_hex                           0x00000000   Number         0  stubs.o ABSOLUTE
    _printf_g                                0x00000000   Number         0  stubs.o ABSOLUTE
    _printf_i                                0x00000000   Number         0  stubs.o ABSOLUTE
    _printf_int_dec                          0x00000000   Number         0  stubs.o ABSOLUTE
    _printf_l                                0x00000000   Number         0  stubs.o ABSOLUTE
    _printf_lc                               0x00000000   Number         0  stubs.o ABSOLUTE
    _printf_ll                               0x00000000   Number         0  stubs.o ABSOLUTE
    _printf_lld                              0x00000000   Number         0  stubs.o ABSOLUTE
    _printf_lli                              0x00000000   Number         0  stubs.o ABSOLUTE
    _printf_llo                              0x00000000   Number         0  stubs.o ABSOLUTE
    _printf_llu                              0x00000000   Number         0  stubs.o ABSOLUTE
    _printf_llx                              0x00000000   Number         0  stubs.o ABSOLUTE
    _printf_longlong_dec                     0x00000000   Number         0  stubs.o ABSOLUTE
    _printf_longlong_hex                     0x00000000   Number         0  stubs.o ABSOLUTE
    _printf_longlong_oct                     0x00000000   Number         0  stubs.o ABSOLUTE
    _printf_ls                               0x00000000   Number         0  stubs.o ABSOLUTE
    _printf_mbtowc                           0x00000000   Number         0  stubs.o ABSOLUTE
    _printf_n                                0x00000000   Number         0  stubs.o ABSOLUTE
    _printf_o                                0x00000000   Number         0  stubs.o ABSOLUTE
    _printf_p                                0x00000000   Number         0  stubs.o ABSOLUTE
    _printf_percent                          0x00000000   Number         0  stubs.o ABSOLUTE
    _printf_pre_padding                      0x00000000   Number         0  stubs.o ABSOLUTE
    _printf_return_value                     0x00000000   Number         0  stubs.o ABSOLUTE
    _printf_s                                0x00000000   Number         0  stubs.o ABSOLUTE
    _printf_sizespec                         0x00000000   Number         0  stubs.o ABSOLUTE
    _printf_str                              0x00000000   Number         0  stubs.o ABSOLUTE
    _printf_truncate_signed                  0x00000000   Number         0  stubs.o ABSOLUTE
    _printf_truncate_unsigned                0x00000000   Number         0  stubs.o ABSOLUTE
    _printf_u                                0x00000000   Number         0  stubs.o ABSOLUTE
    _printf_wc                               0x00000000   Number         0  stubs.o ABSOLUTE
    _printf_wctomb                           0x00000000   Number         0  stubs.o ABSOLUTE
    _printf_widthprec                        0x00000000   Number         0  stubs.o ABSOLUTE
    _printf_x                                0x00000000   Number         0  stubs.o ABSOLUTE
    __cpp_initialize__aeabi_                  - Undefined Weak Reference
    __cxa_finalize                            - Undefined Weak Reference
    __decompress                              - Undefined Weak Reference
    _clock_init                               - Undefined Weak Reference
    _microlib_exit                            - Undefined Weak Reference
    __Vectors_Size                           0x00000130   Number         0  startup_stm32f10x_hd.o ABSOLUTE
    __Vectors                                0x08000000   Data           4  startup_stm32f10x_hd.o(RESET)
    __Vectors_End                            0x08000130   Data           0  startup_stm32f10x_hd.o(RESET)
    __main                                   0x08000131   Thumb Code     0  entry.o(.ARM.Collect$$$$00000000)
    _main_stk                                0x08000131   Thumb Code     0  entry2.o(.ARM.Collect$$$$00000001)
    _main_scatterload                        0x08000135   Thumb Code     0  entry5.o(.ARM.Collect$$$$00000004)
    __main_after_scatterload                 0x08000139   Thumb Code     0  entry5.o(.ARM.Collect$$$$00000004)
    _main_clock                              0x08000139   Thumb Code     0  entry7b.o(.ARM.Collect$$$$00000008)
    _main_cpp_init                           0x08000139   Thumb Code     0  entry8b.o(.ARM.Collect$$$$0000000A)
    _main_init                               0x08000139   Thumb Code     0  entry9a.o(.ARM.Collect$$$$0000000B)
    __rt_final_cpp                           0x08000141   Thumb Code     0  entry10a.o(.ARM.Collect$$$$0000000D)
    __rt_final_exit                          0x08000141   Thumb Code     0  entry11a.o(.ARM.Collect$$$$0000000F)
    Reset_Handler                            0x08000145   Thumb Code     8  startup_stm32f10x_hd.o(.text)
    ADC1_2_IRQHandler                        0x0800015f   Thumb Code     0  startup_stm32f10x_hd.o(.text)
    ADC3_IRQHandler                          0x0800015f   Thumb Code     0  startup_stm32f10x_hd.o(.text)
    CAN1_RX1_IRQHandler                      0x0800015f   Thumb Code     0  startup_stm32f10x_hd.o(.text)
    CAN1_SCE_IRQHandler                      0x0800015f   Thumb Code     0  startup_stm32f10x_hd.o(.text)
    DMA1_Channel1_IRQHandler                 0x0800015f   Thumb Code     0  startup_stm32f10x_hd.o(.text)
    DMA1_Channel2_IRQHandler                 0x0800015f   Thumb Code     0  startup_stm32f10x_hd.o(.text)
    DMA1_Channel5_IRQHandler                 0x0800015f   Thumb Code     0  startup_stm32f10x_hd.o(.text)
    DMA1_Channel6_IRQHandler                 0x0800015f   Thumb Code     0  startup_stm32f10x_hd.o(.text)
    DMA1_Channel7_IRQHandler                 0x0800015f   Thumb Code     0  startup_stm32f10x_hd.o(.text)
    DMA2_Channel1_IRQHandler                 0x0800015f   Thumb Code     0  startup_stm32f10x_hd.o(.text)
    DMA2_Channel2_IRQHandler                 0x0800015f   Thumb Code     0  startup_stm32f10x_hd.o(.text)
    DMA2_Channel3_IRQHandler                 0x0800015f   Thumb Code     0  startup_stm32f10x_hd.o(.text)
    DMA2_Channel4_5_IRQHandler               0x0800015f   Thumb Code     0  startup_stm32f10x_hd.o(.text)
    EXTI0_IRQHandler                         0x0800015f   Thumb Code     0  startup_stm32f10x_hd.o(.text)
    EXTI15_10_IRQHandler                     0x0800015f   Thumb Code     0  startup_stm32f10x_hd.o(.text)
    EXTI1_IRQHandler                         0x0800015f   Thumb Code     0  startup_stm32f10x_hd.o(.text)
    EXTI2_IRQHandler                         0x0800015f   Thumb Code     0  startup_stm32f10x_hd.o(.text)
    EXTI3_IRQHandler                         0x0800015f   Thumb Code     0  startup_stm32f10x_hd.o(.text)
    EXTI4_IRQHandler                         0x0800015f   Thumb Code     0  startup_stm32f10x_hd.o(.text)
    EXTI9_5_IRQHandler                       0x0800015f   Thumb Code     0  startup_stm32f10x_hd.o(.text)
    FLASH_IRQHandler                         0x0800015f   Thumb Code     0  startup_stm32f10x_hd.o(.text)
    FSMC_IRQHandler                          0x0800015f   Thumb Code     0  startup_stm32f10x_hd.o(.text)
    I2C1_ER_IRQHandler                       0x0800015f   Thumb Code     0  startup_stm32f10x_hd.o(.text)
    I2C1_EV_IRQHandler                       0x0800015f   Thumb Code     0  startup_stm32f10x_hd.o(.text)
    I2C2_ER_IRQHandler                       0x0800015f   Thumb Code     0  startup_stm32f10x_hd.o(.text)
    I2C2_EV_IRQHandler                       0x0800015f   Thumb Code     0  startup_stm32f10x_hd.o(.text)
    PVD_IRQHandler                           0x0800015f   Thumb Code     0  startup_stm32f10x_hd.o(.text)
    RCC_IRQHandler                           0x0800015f   Thumb Code     0  startup_stm32f10x_hd.o(.text)
    RTCAlarm_IRQHandler                      0x0800015f   Thumb Code     0  startup_stm32f10x_hd.o(.text)
    RTC_IRQHandler                           0x0800015f   Thumb Code     0  startup_stm32f10x_hd.o(.text)
    SDIO_IRQHandler                          0x0800015f   Thumb Code     0  startup_stm32f10x_hd.o(.text)
    SPI1_IRQHandler                          0x0800015f   Thumb Code     0  startup_stm32f10x_hd.o(.text)
    SPI2_IRQHandler                          0x0800015f   Thumb Code     0  startup_stm32f10x_hd.o(.text)
    SPI3_IRQHandler                          0x0800015f   Thumb Code     0  startup_stm32f10x_hd.o(.text)
    TAMPER_IRQHandler                        0x0800015f   Thumb Code     0  startup_stm32f10x_hd.o(.text)
    TIM1_BRK_IRQHandler                      0x0800015f   Thumb Code     0  startup_stm32f10x_hd.o(.text)
    TIM1_CC_IRQHandler                       0x0800015f   Thumb Code     0  startup_stm32f10x_hd.o(.text)
    TIM1_TRG_COM_IRQHandler                  0x0800015f   Thumb Code     0  startup_stm32f10x_hd.o(.text)
    TIM2_IRQHandler                          0x0800015f   Thumb Code     0  startup_stm32f10x_hd.o(.text)
    TIM3_IRQHandler                          0x0800015f   Thumb Code     0  startup_stm32f10x_hd.o(.text)
    TIM4_IRQHandler                          0x0800015f   Thumb Code     0  startup_stm32f10x_hd.o(.text)
    TIM5_IRQHandler                          0x0800015f   Thumb Code     0  startup_stm32f10x_hd.o(.text)
    TIM6_IRQHandler                          0x0800015f   Thumb Code     0  startup_stm32f10x_hd.o(.text)
    TIM7_IRQHandler                          0x0800015f   Thumb Code     0  startup_stm32f10x_hd.o(.text)
    TIM8_BRK_IRQHandler                      0x0800015f   Thumb Code     0  startup_stm32f10x_hd.o(.text)
    TIM8_CC_IRQHandler                       0x0800015f   Thumb Code     0  startup_stm32f10x_hd.o(.text)
    TIM8_TRG_COM_IRQHandler                  0x0800015f   Thumb Code     0  startup_stm32f10x_hd.o(.text)
    TIM8_UP_IRQHandler                       0x0800015f   Thumb Code     0  startup_stm32f10x_hd.o(.text)
    UART4_IRQHandler                         0x0800015f   Thumb Code     0  startup_stm32f10x_hd.o(.text)
    UART5_IRQHandler                         0x0800015f   Thumb Code     0  startup_stm32f10x_hd.o(.text)
    USART2_IRQHandler                        0x0800015f   Thumb Code     0  startup_stm32f10x_hd.o(.text)
    USART3_IRQHandler                        0x0800015f   Thumb Code     0  startup_stm32f10x_hd.o(.text)
    USBWakeUp_IRQHandler                     0x0800015f   Thumb Code     0  startup_stm32f10x_hd.o(.text)
    USB_HP_CAN1_TX_IRQHandler                0x0800015f   Thumb Code     0  startup_stm32f10x_hd.o(.text)
    USB_LP_CAN1_RX0_IRQHandler               0x0800015f   Thumb Code     0  startup_stm32f10x_hd.o(.text)
    WWDG_IRQHandler                          0x0800015f   Thumb Code     0  startup_stm32f10x_hd.o(.text)
    __aeabi_memset                           0x08000169   Thumb Code    14  memseta.o(.text)
    __aeabi_memset4                          0x08000169   Thumb Code     0  memseta.o(.text)
    __aeabi_memset8                          0x08000169   Thumb Code     0  memseta.o(.text)
    __aeabi_memclr                           0x08000177   Thumb Code     4  memseta.o(.text)
    __aeabi_memclr4                          0x08000177   Thumb Code     0  memseta.o(.text)
    __aeabi_memclr8                          0x08000177   Thumb Code     0  memseta.o(.text)
    _memset$wrapper                          0x0800017b   Thumb Code    18  memseta.o(.text)
    __aeabi_dadd                             0x0800018d   Thumb Code   322  dadd.o(.text)
    __aeabi_dsub                             0x080002cf   Thumb Code     6  dadd.o(.text)
    __aeabi_drsub                            0x080002d5   Thumb Code     6  dadd.o(.text)
    __aeabi_dmul                             0x080002db   Thumb Code   228  dmul.o(.text)
    __aeabi_ddiv                             0x080003bf   Thumb Code   222  ddiv.o(.text)
    __aeabi_i2d                              0x0800049d   Thumb Code    34  dflti.o(.text)
    __aeabi_d2uiz                            0x080004bf   Thumb Code    50  dfixui.o(.text)
    __aeabi_cdrcmple                         0x080004f1   Thumb Code    48  cdrcmple.o(.text)
    __aeabi_uidiv                            0x08000521   Thumb Code     0  uidiv.o(.text)
    __aeabi_uidivmod                         0x08000521   Thumb Code    44  uidiv.o(.text)
    __aeabi_uldivmod                         0x0800054d   Thumb Code    98  uldiv.o(.text)
    __aeabi_llsl                             0x080005af   Thumb Code    30  llshl.o(.text)
    _ll_shift_l                              0x080005af   Thumb Code     0  llshl.o(.text)
    __aeabi_llsr                             0x080005cd   Thumb Code    32  llushr.o(.text)
    _ll_ushift_r                             0x080005cd   Thumb Code     0  llushr.o(.text)
    __aeabi_lasr                             0x080005ed   Thumb Code    36  llsshr.o(.text)
    _ll_sshift_r                             0x080005ed   Thumb Code     0  llsshr.o(.text)
    __I$use$fp                               0x08000611   Thumb Code     0  iusefp.o(.text)
    _double_round                            0x08000611   Thumb Code    30  depilogue.o(.text)
    _double_epilogue                         0x0800062f   Thumb Code   156  depilogue.o(.text)
    __aeabi_d2ulz                            0x080006cb   Thumb Code    48  dfixul.o(.text)
    __scatterload                            0x080006fd   Thumb Code    28  init.o(.text)
    __scatterload_rt2                        0x080006fd   Thumb Code     0  init.o(.text)
    BusFault_Handler                         0x08000721   Thumb Code     2  stm32f10x_it.o(i.BusFault_Handler)
    DMA1_Channel3_IRQHandler                 0x08000723   Thumb Code     4  stm32f10x_it.o(i.DMA1_Channel3_IRQHandler)
    DMA1_Channel4_IRQHandler                 0x08000727   Thumb Code     4  stm32f10x_it.o(i.DMA1_Channel4_IRQHandler)
    DMA_ClearFlag                            0x0800072d   Thumb Code    16  stm32f10x_dma.o(i.DMA_ClearFlag)
    DMA_Cmd                                  0x08000745   Thumb Code    22  stm32f10x_dma.o(i.DMA_Cmd)
    DMA_DeInit                               0x0800075d   Thumb Code   218  stm32f10x_dma.o(i.DMA_DeInit)
    DMA_GetITStatus                          0x08000841   Thumb Code    24  stm32f10x_dma.o(i.DMA_GetITStatus)
    DMA_ITConfig                             0x08000861   Thumb Code    16  stm32f10x_dma.o(i.DMA_ITConfig)
    DMA_Init                                 0x08000871   Thumb Code    58  stm32f10x_dma.o(i.DMA_Init)
    DMA_Uart1_Init                           0x080008ad   Thumb Code   132  bsp_uart.o(i.DMA_Uart1_Init)
    DebugMon_Handler                         0x0800093d   Thumb Code     2  stm32f10x_it.o(i.DebugMon_Handler)
    GPIO_Init                                0x08000941   Thumb Code   162  stm32f10x_gpio.o(i.GPIO_Init)
    GPIO_ResetBits                           0x080009e3   Thumb Code     4  stm32f10x_gpio.o(i.GPIO_ResetBits)
    GPIO_SetBits                             0x080009e7   Thumb Code     4  stm32f10x_gpio.o(i.GPIO_SetBits)
    GPS_DATA_Init                            0x080009ed   Thumb Code    18  app_gps.o(i.GPS_DATA_Init)
    GPS_ProcessDMAIRQ                        0x08000a95   Thumb Code    50  bsp_gps.o(i.GPS_ProcessDMAIRQ)
    HardFault_Handler                        0x08000acd   Thumb Code     8  stm32f10x_it.o(i.HardFault_Handler)
    MemManage_Handler                        0x08000aed   Thumb Code     2  stm32f10x_it.o(i.MemManage_Handler)
    NMI_Handler                              0x08000aef   Thumb Code     2  stm32f10x_it.o(i.NMI_Handler)
    NVIC_Init                                0x08000af1   Thumb Code    94  misc.o(i.NVIC_Init)
    NVIC_PriorityGroupConfig                 0x08000b55   Thumb Code    10  misc.o(i.NVIC_PriorityGroupConfig)
    PendSV_Handler                           0x08000b69   Thumb Code     2  stm32f10x_it.o(i.PendSV_Handler)
    RCC_AHBPeriphClockCmd                    0x08000b6d   Thumb Code    18  stm32f10x_rcc.o(i.RCC_AHBPeriphClockCmd)
    RCC_APB1PeriphClockCmd                   0x08000b85   Thumb Code    18  stm32f10x_rcc.o(i.RCC_APB1PeriphClockCmd)
    RCC_APB1PeriphResetCmd                   0x08000b9d   Thumb Code    18  stm32f10x_rcc.o(i.RCC_APB1PeriphResetCmd)
    RCC_APB2PeriphClockCmd                   0x08000bb5   Thumb Code    18  stm32f10x_rcc.o(i.RCC_APB2PeriphClockCmd)
    RCC_APB2PeriphResetCmd                   0x08000bcd   Thumb Code    18  stm32f10x_rcc.o(i.RCC_APB2PeriphResetCmd)
    RCC_GetClocksFreq                        0x08000be5   Thumb Code   128  stm32f10x_rcc.o(i.RCC_GetClocksFreq)
    Robort_Beep_Init                         0x08000c75   Thumb Code    52  app_beep.o(i.Robort_Beep_Init)
    Robort_GPS_Init                          0x08000cad   Thumb Code     4  bsp_gps.o(i.Robort_GPS_Init)
    Robort_Light_Control                     0x08000cb1   Thumb Code    26  app_light.o(i.Robort_Light_Control)
    Robort_Light_Init                        0x08000cd1   Thumb Code    52  app_light.o(i.Robort_Light_Init)
    Robort_Motor_Init                        0x08000d09   Thumb Code   134  app_motor.o(i.Robort_Motor_Init)
    Robort_Steer_Control                     0x08000d95   Thumb Code   164  app_steer.o(i.Robort_Steer_Control)
    Robort_Steer_Init                        0x08000e39   Thumb Code    76  app_steer.o(i.Robort_Steer_Init)
    Robort_Uart_Init                         0x08000e85   Thumb Code     4  app_message.o(i.Robort_Uart_Init)
    STM32_GPIO_SetPin                        0x08000e89   Thumb Code    18  bsp_gpio.o(i.STM32_GPIO_SetPin)
    STM32_TIMER2_PWMControl                  0x08000e9b   Thumb Code   104  bsp_pwm.o(i.STM32_TIMER2_PWMControl)
    STM32_TIMER3_PWMControl                  0x08000f05   Thumb Code   102  bsp_pwm.o(i.STM32_TIMER3_PWMControl)
    STM32_TIMER4_PWMControl                  0x08000f71   Thumb Code   102  bsp_pwm.o(i.STM32_TIMER4_PWMControl)
    SVC_Handler                              0x08000fdd   Thumb Code     2  stm32f10x_it.o(i.SVC_Handler)
    Steer_Test                               0x08001089   Thumb Code    32  app_protocol.o(i.Steer_Test)
    SysTick_CLKSourceConfig                  0x080010a9   Thumb Code    24  misc.o(i.SysTick_CLKSourceConfig)
    SysTick_Handler                          0x080010c1   Thumb Code     2  stm32f10x_it.o(i.SysTick_Handler)
    SystemInit                               0x080010c5   Thumb Code    64  system_stm32f10x.o(i.SystemInit)
    TIM1_Int_Init                            0x08001115   Thumb Code    90  bsp_timer.o(i.TIM1_Int_Init)
    TIM1_UP_IRQHandler                       0x08001175   Thumb Code    98  bsp_timer.o(i.TIM1_UP_IRQHandler)
    TIM2_PWM_Init                            0x080011e1   Thumb Code   222  bsp_pwm.o(i.TIM2_PWM_Init)
    TIM3_PWM_Init                            0x080012c5   Thumb Code   250  bsp_pwm.o(i.TIM3_PWM_Init)
    TIM4_PWM_Init                            0x080013cd   Thumb Code   224  bsp_pwm.o(i.TIM4_PWM_Init)
    TIMER_Init                               0x080014b5   Thumb Code    24  bsp_timer.o(i.TIMER_Init)
    TIM_ARRPreloadConfig                     0x080014cd   Thumb Code    20  stm32f10x_tim.o(i.TIM_ARRPreloadConfig)
    TIM_ClearITPendingBit                    0x080014e1   Thumb Code     6  stm32f10x_tim.o(i.TIM_ClearITPendingBit)
    TIM_Cmd                                  0x080014e7   Thumb Code    20  stm32f10x_tim.o(i.TIM_Cmd)
    TIM_CtrlPWMOutputs                       0x080014fb   Thumb Code    22  stm32f10x_tim.o(i.TIM_CtrlPWMOutputs)
    TIM_ITConfig                             0x08001511   Thumb Code    16  stm32f10x_tim.o(i.TIM_ITConfig)
    TIM_OC1Init                              0x08001521   Thumb Code   106  stm32f10x_tim.o(i.TIM_OC1Init)
    TIM_OC1PreloadConfig                     0x080015a1   Thumb Code    12  stm32f10x_tim.o(i.TIM_OC1PreloadConfig)
    TIM_OC2Init                              0x080015ad   Thumb Code   120  stm32f10x_tim.o(i.TIM_OC2Init)
    TIM_OC2PreloadConfig                     0x0800162d   Thumb Code    20  stm32f10x_tim.o(i.TIM_OC2PreloadConfig)
    TIM_OC3Init                              0x08001641   Thumb Code   116  stm32f10x_tim.o(i.TIM_OC3Init)
    TIM_OC3PreloadConfig                     0x080016bd   Thumb Code    12  stm32f10x_tim.o(i.TIM_OC3PreloadConfig)
    TIM_OC4Init                              0x080016c9   Thumb Code    90  stm32f10x_tim.o(i.TIM_OC4Init)
    TIM_OC4PreloadConfig                     0x0800172d   Thumb Code    20  stm32f10x_tim.o(i.TIM_OC4PreloadConfig)
    TIM_SetCompare1                          0x08001741   Thumb Code     4  stm32f10x_tim.o(i.TIM_SetCompare1)
    TIM_SetCompare2                          0x08001745   Thumb Code     4  stm32f10x_tim.o(i.TIM_SetCompare2)
    TIM_SetCompare3                          0x08001749   Thumb Code     4  stm32f10x_tim.o(i.TIM_SetCompare3)
    TIM_SetCompare4                          0x0800174d   Thumb Code     6  stm32f10x_tim.o(i.TIM_SetCompare4)
    TIM_TimeBaseInit                         0x08001755   Thumb Code   114  stm32f10x_tim.o(i.TIM_TimeBaseInit)
    UART1_Init                               0x080017f1   Thumb Code   156  bsp_uart.o(i.UART1_Init)
    UART2_Init                               0x08001895   Thumb Code   116  bsp_uart.o(i.UART2_Init)
    UART3_Init                               0x08001911   Thumb Code   120  bsp_uart.o(i.UART3_Init)
    UART_Init                                0x08001991   Thumb Code    32  bsp_uart.o(i.UART_Init)
    USART1_IRQHandler                        0x080019b1   Thumb Code   174  bsp_uart.o(i.USART1_IRQHandler)
    USART_Cmd                                0x08001a6d   Thumb Code    20  stm32f10x_usart.o(i.USART_Cmd)
    USART_DMACmd                             0x08001a81   Thumb Code    16  stm32f10x_usart.o(i.USART_DMACmd)
    USART_DeInit                             0x08001a91   Thumb Code    96  stm32f10x_usart.o(i.USART_DeInit)
    USART_GetFlagStatus                      0x08001b05   Thumb Code    14  stm32f10x_usart.o(i.USART_GetFlagStatus)
    USART_GetITStatus                        0x08001b13   Thumb Code    62  stm32f10x_usart.o(i.USART_GetITStatus)
    USART_ITConfig                           0x08001b51   Thumb Code    48  stm32f10x_usart.o(i.USART_ITConfig)
    USART_Init                               0x08001b81   Thumb Code   166  stm32f10x_usart.o(i.USART_Init)
    USART_ReceiveData                        0x08001c2d   Thumb Code     8  stm32f10x_usart.o(i.USART_ReceiveData)
    USART_SendData                           0x08001c35   Thumb Code     8  stm32f10x_usart.o(i.USART_SendData)
    Upload_ProcessDMAIRQ                     0x08001c3d   Thumb Code    34  bsp_uart.o(i.Upload_ProcessDMAIRQ)
    UsageFault_Handler                       0x08001c65   Thumb Code     2  stm32f10x_it.o(i.UsageFault_Handler)
    __0printf                                0x08001c69   Thumb Code    22  printfa.o(i.__0printf)
    __1printf                                0x08001c69   Thumb Code     0  printfa.o(i.__0printf)
    __2printf                                0x08001c69   Thumb Code     0  printfa.o(i.__0printf)
    __c89printf                              0x08001c69   Thumb Code     0  printfa.o(i.__0printf)
    printf                                   0x08001c69   Thumb Code     0  printfa.o(i.__0printf)
    __0vsnprintf                             0x08001c89   Thumb Code    32  printfa.o(i.__0vsnprintf)
    __1vsnprintf                             0x08001c89   Thumb Code     0  printfa.o(i.__0vsnprintf)
    __2vsnprintf                             0x08001c89   Thumb Code     0  printfa.o(i.__0vsnprintf)
    __c89vsnprintf                           0x08001c89   Thumb Code     0  printfa.o(i.__0vsnprintf)
    vsnprintf                                0x08001c89   Thumb Code     0  printfa.o(i.__0vsnprintf)
    __scatterload_copy                       0x08001cad   Thumb Code    14  handlers.o(i.__scatterload_copy)
    __scatterload_null                       0x08001cbb   Thumb Code     2  handlers.o(i.__scatterload_null)
    __scatterload_zeroinit                   0x08001cbd   Thumb Code    14  handlers.o(i.__scatterload_zeroinit)
    delay_init                               0x080025a1   Thumb Code    50  bsp_systick.o(i.delay_init)
    delay_ms                                 0x080025e1   Thumb Code    44  bsp_systick.o(i.delay_ms)
    fputc                                    0x08002611   Thumb Code    30  bsp_uart.o(i.fputc)
    main                                     0x08002635   Thumb Code    84  main.o(i.main)
    malloc                                   0x08002689   Thumb Code    92  malloc.o(i.malloc)
    nmea_error                               0x080026f5   Thumb Code    52  context.o(i.nmea_error)
    nmea_parser_init                         0x0800272d   Thumb Code    54  parser.o(i.nmea_parser_init)
    nmea_property                            0x0800277d   Thumb Code     4  context.o(i.nmea_property)
    nmea_time_now                            0x08002785   Thumb Code    22  time.o(i.nmea_time_now)
    nmea_zero_INFO                           0x0800279b   Thumb Code    28  info.o(i.nmea_zero_INFO)
    Region$$Table$$Base                      0x080027b8   Number         0  anon$$obj.o(Region$$Table)
    Region$$Table$$Limit                     0x080027d8   Number         0  anon$$obj.o(Region$$Table)
    SystemCoreClock                          0x20000000   Data           4  system_stm32f10x.o(.data)
    AHBPrescTable                            0x20000004   Data          16  system_stm32f10x.o(.data)
    Task_20ms                                0x20000028   Data           1  bsp_timer.o(.data)
    Task_50ms                                0x20000029   Data           1  bsp_timer.o(.data)
    Task_100ms                               0x2000002a   Data           1  bsp_timer.o(.data)
    Task_500ms                               0x2000002b   Data           1  bsp_timer.o(.data)
    Task_1s                                  0x2000002c   Data           1  bsp_timer.o(.data)
    Task_Uart1_Rx                            0x2000003c   Data           1  bsp_uart.o(.data)
    Rx_Step                                  0x2000003d   Data           1  bsp_uart.o(.data)
    Temp                                     0x2000003e   Data           1  bsp_uart.o(.data)
    i                                        0x2000003f   Data           1  bsp_uart.o(.data)
    DMA1_Uart_Status                         0x20000040   Data           1  bsp_uart.o(.data)
    Rx_Ptr                                   0x20000041   Data           1  bsp_uart.o(.data)
    Rx_Tail                                  0x20000042   Data           1  bsp_uart.o(.data)
    Rx_Count                                 0x20000043   Data           1  bsp_uart.o(.data)
    GPS_TransferEnd                          0x20000044   Data           1  bsp_gps.o(.data)
    GPS_HalfTransferEnd                      0x20000045   Data           1  bsp_gps.o(.data)
    __stdout                                 0x20000054   Data           4  stdout.o(.data)
    __microlib_freelist                      0x20000058   Data           4  mvars.o(.data)
    __microlib_freelist_initialised          0x2000005c   Data           4  mvars.o(.data)
    GPS_Info_Data                            0x20000060   Data          20  app_gps.o(.bss)
    info                                     0x20000078   Data         360  app_gps.o(.bss)
    parser                                   0x200001e0   Data          20  app_gps.o(.bss)
    Tx_Buffer                                0x200001f4   Data          50  bsp_uart.o(.bss)
    Rx_Buffer                                0x20000226   Data          50  bsp_uart.o(.bss)
    Rx_Process_Buffer                        0x20000258   Data          50  bsp_uart.o(.bss)
    gps_rbuff                                0x2000028a   Data         512  bsp_gps.o(.bss)
    __heap_base                              0x20000490   Data           0  startup_stm32f10x_hd.o(HEAP)
    __heap_limit                             0x20001490   Data           0  startup_stm32f10x_hd.o(HEAP)
    __initial_sp                             0x20001890   Data           0  startup_stm32f10x_hd.o(STACK)



==============================================================================

Memory Map of the image

  Image Entry point : 0x08000131

  Load Region LR_IROM1 (Base: 0x08000000, Size: 0x00002838, Max: 0x00020000, ABSOLUTE)

    Execution Region ER_IROM1 (Base: 0x08000000, Size: 0x000027d8, Max: 0x00020000, ABSOLUTE)

    Base Addr    Size         Type   Attr      Idx    E Section Name        Object

    0x08000000   0x00000130   Data   RO            3    RESET               startup_stm32f10x_hd.o
    0x08000130   0x00000000   Code   RO         4667  * .ARM.Collect$$$$00000000  mc_w.l(entry.o)
    0x08000130   0x00000004   Code   RO         5065    .ARM.Collect$$$$00000001  mc_w.l(entry2.o)
    0x08000134   0x00000004   Code   RO         5068    .ARM.Collect$$$$00000004  mc_w.l(entry5.o)
    0x08000138   0x00000000   Code   RO         5070    .ARM.Collect$$$$00000008  mc_w.l(entry7b.o)
    0x08000138   0x00000000   Code   RO         5072    .ARM.Collect$$$$0000000A  mc_w.l(entry8b.o)
    0x08000138   0x00000008   Code   RO         5073    .ARM.Collect$$$$0000000B  mc_w.l(entry9a.o)
    0x08000140   0x00000000   Code   RO         5075    .ARM.Collect$$$$0000000D  mc_w.l(entry10a.o)
    0x08000140   0x00000000   Code   RO         5077    .ARM.Collect$$$$0000000F  mc_w.l(entry11a.o)
    0x08000140   0x00000004   Code   RO         5066    .ARM.Collect$$$$00002712  mc_w.l(entry2.o)
    0x08000144   0x00000024   Code   RO            4    .text               startup_stm32f10x_hd.o
    0x08000168   0x00000024   Code   RO         4703    .text               mc_w.l(memseta.o)
    0x0800018c   0x0000014e   Code   RO         5004    .text               mf_w.l(dadd.o)
    0x080002da   0x000000e4   Code   RO         5006    .text               mf_w.l(dmul.o)
    0x080003be   0x000000de   Code   RO         5008    .text               mf_w.l(ddiv.o)
    0x0800049c   0x00000022   Code   RO         5014    .text               mf_w.l(dflti.o)
    0x080004be   0x00000032   Code   RO         5020    .text               mf_w.l(dfixui.o)
    0x080004f0   0x00000030   Code   RO         5024    .text               mf_w.l(cdrcmple.o)
    0x08000520   0x0000002c   Code   RO         5080    .text               mc_w.l(uidiv.o)
    0x0800054c   0x00000062   Code   RO         5082    .text               mc_w.l(uldiv.o)
    0x080005ae   0x0000001e   Code   RO         5084    .text               mc_w.l(llshl.o)
    0x080005cc   0x00000020   Code   RO         5086    .text               mc_w.l(llushr.o)
    0x080005ec   0x00000024   Code   RO         5088    .text               mc_w.l(llsshr.o)
    0x08000610   0x00000000   Code   RO         5103    .text               mc_w.l(iusefp.o)
    0x08000610   0x000000ba   Code   RO         5106    .text               mf_w.l(depilogue.o)
    0x080006ca   0x00000030   Code   RO         5110    .text               mf_w.l(dfixul.o)
    0x080006fa   0x00000002   PAD
    0x080006fc   0x00000024   Code   RO         5112    .text               mc_w.l(init.o)
    0x08000720   0x00000002   Code   RO         3197    i.BusFault_Handler  stm32f10x_it.o
    0x08000722   0x00000004   Code   RO         3198    i.DMA1_Channel3_IRQHandler  stm32f10x_it.o
    0x08000726   0x00000004   Code   RO         3199    i.DMA1_Channel4_IRQHandler  stm32f10x_it.o
    0x0800072a   0x00000002   PAD
    0x0800072c   0x00000018   Code   RO          831    i.DMA_ClearFlag     stm32f10x_dma.o
    0x08000744   0x00000016   Code   RO          833    i.DMA_Cmd           stm32f10x_dma.o
    0x0800075a   0x00000002   PAD
    0x0800075c   0x000000e4   Code   RO          834    i.DMA_DeInit        stm32f10x_dma.o
    0x08000840   0x00000020   Code   RO          837    i.DMA_GetITStatus   stm32f10x_dma.o
    0x08000860   0x00000010   Code   RO          838    i.DMA_ITConfig      stm32f10x_dma.o
    0x08000870   0x0000003a   Code   RO          839    i.DMA_Init          stm32f10x_dma.o
    0x080008aa   0x00000002   PAD
    0x080008ac   0x00000090   Code   RO         3605    i.DMA_Uart1_Init    bsp_uart.o
    0x0800093c   0x00000002   Code   RO         3200    i.DebugMon_Handler  stm32f10x_it.o
    0x0800093e   0x00000002   PAD
    0x08000940   0x000000a2   Code   RO         1264    i.GPIO_Init         stm32f10x_gpio.o
    0x080009e2   0x00000004   Code   RO         1271    i.GPIO_ResetBits    stm32f10x_gpio.o
    0x080009e6   0x00000004   Code   RO         1272    i.GPIO_SetBits      stm32f10x_gpio.o
    0x080009ea   0x00000002   PAD
    0x080009ec   0x0000001c   Code   RO         3465    i.GPS_DATA_Init     app_gps.o
    0x08000a08   0x0000008c   Code   RO         3823    i.GPS_DMA_Config    bsp_gps.o
    0x08000a94   0x00000038   Code   RO         3824    i.GPS_ProcessDMAIRQ  bsp_gps.o
    0x08000acc   0x00000020   Code   RO         3201    i.HardFault_Handler  stm32f10x_it.o
    0x08000aec   0x00000002   Code   RO         3202    i.MemManage_Handler  stm32f10x_it.o
    0x08000aee   0x00000002   Code   RO         3203    i.NMI_Handler       stm32f10x_it.o
    0x08000af0   0x00000064   Code   RO           84    i.NVIC_Init         misc.o
    0x08000b54   0x00000014   Code   RO           85    i.NVIC_PriorityGroupConfig  misc.o
    0x08000b68   0x00000002   Code   RO         3204    i.PendSV_Handler    stm32f10x_it.o
    0x08000b6a   0x00000002   PAD
    0x08000b6c   0x00000018   Code   RO         1688    i.RCC_AHBPeriphClockCmd  stm32f10x_rcc.o
    0x08000b84   0x00000018   Code   RO         1689    i.RCC_APB1PeriphClockCmd  stm32f10x_rcc.o
    0x08000b9c   0x00000018   Code   RO         1690    i.RCC_APB1PeriphResetCmd  stm32f10x_rcc.o
    0x08000bb4   0x00000018   Code   RO         1691    i.RCC_APB2PeriphClockCmd  stm32f10x_rcc.o
    0x08000bcc   0x00000018   Code   RO         1692    i.RCC_APB2PeriphResetCmd  stm32f10x_rcc.o
    0x08000be4   0x00000090   Code   RO         1699    i.RCC_GetClocksFreq  stm32f10x_rcc.o
    0x08000c74   0x00000038   Code   RO         3300    i.Robort_Beep_Init  app_beep.o
    0x08000cac   0x00000004   Code   RO         3826    i.Robort_GPS_Init   bsp_gps.o
    0x08000cb0   0x00000020   Code   RO         3317    i.Robort_Light_Control  app_light.o
    0x08000cd0   0x00000038   Code   RO         3318    i.Robort_Light_Init  app_light.o
    0x08000d08   0x0000008c   Code   RO         3369    i.Robort_Motor_Init  app_motor.o
    0x08000d94   0x000000a4   Code   RO         3276    i.Robort_Steer_Control  app_steer.o
    0x08000e38   0x0000004c   Code   RO         3277    i.Robort_Steer_Init  app_steer.o
    0x08000e84   0x00000004   Code   RO         3338    i.Robort_Uart_Init  app_message.o
    0x08000e88   0x00000012   Code   RO         3810    i.STM32_GPIO_SetPin  bsp_gpio.o
    0x08000e9a   0x00000068   Code   RO         3712    i.STM32_TIMER2_PWMControl  bsp_pwm.o
    0x08000f02   0x00000002   PAD
    0x08000f04   0x0000006c   Code   RO         3713    i.STM32_TIMER3_PWMControl  bsp_pwm.o
    0x08000f70   0x0000006c   Code   RO         3714    i.STM32_TIMER4_PWMControl  bsp_pwm.o
    0x08000fdc   0x00000002   Code   RO         3205    i.SVC_Handler       stm32f10x_it.o
    0x08000fde   0x00000002   PAD
    0x08000fe0   0x000000a8   Code   RO           24    i.SetSysClockTo72   system_stm32f10x.o
    0x08001088   0x00000020   Code   RO         3408    i.Steer_Test        app_protocol.o
    0x080010a8   0x00000018   Code   RO           88    i.SysTick_CLKSourceConfig  misc.o
    0x080010c0   0x00000002   Code   RO         3206    i.SysTick_Handler   stm32f10x_it.o
    0x080010c2   0x00000002   PAD
    0x080010c4   0x00000050   Code   RO           26    i.SystemInit        system_stm32f10x.o
    0x08001114   0x00000060   Code   RO         3502    i.TIM1_Int_Init     bsp_timer.o
    0x08001174   0x0000006c   Code   RO         3503    i.TIM1_UP_IRQHandler  bsp_timer.o
    0x080011e0   0x000000e4   Code   RO         3715    i.TIM2_PWM_Init     bsp_pwm.o
    0x080012c4   0x00000108   Code   RO         3716    i.TIM3_PWM_Init     bsp_pwm.o
    0x080013cc   0x000000e8   Code   RO         3717    i.TIM4_PWM_Init     bsp_pwm.o
    0x080014b4   0x00000018   Code   RO         3504    i.TIMER_Init        bsp_timer.o
    0x080014cc   0x00000014   Code   RO         2317    i.TIM_ARRPreloadConfig  stm32f10x_tim.o
    0x080014e0   0x00000006   Code   RO         2324    i.TIM_ClearITPendingBit  stm32f10x_tim.o
    0x080014e6   0x00000014   Code   RO         2329    i.TIM_Cmd           stm32f10x_tim.o
    0x080014fa   0x00000016   Code   RO         2331    i.TIM_CtrlPWMOutputs  stm32f10x_tim.o
    0x08001510   0x00000010   Code   RO         2354    i.TIM_ITConfig      stm32f10x_tim.o
    0x08001520   0x00000080   Code   RO         2358    i.TIM_OC1Init       stm32f10x_tim.o
    0x080015a0   0x0000000c   Code   RO         2361    i.TIM_OC1PreloadConfig  stm32f10x_tim.o
    0x080015ac   0x00000080   Code   RO         2363    i.TIM_OC2Init       stm32f10x_tim.o
    0x0800162c   0x00000014   Code   RO         2366    i.TIM_OC2PreloadConfig  stm32f10x_tim.o
    0x08001640   0x0000007c   Code   RO         2368    i.TIM_OC3Init       stm32f10x_tim.o
    0x080016bc   0x0000000c   Code   RO         2371    i.TIM_OC3PreloadConfig  stm32f10x_tim.o
    0x080016c8   0x00000064   Code   RO         2373    i.TIM_OC4Init       stm32f10x_tim.o
    0x0800172c   0x00000014   Code   RO         2375    i.TIM_OC4PreloadConfig  stm32f10x_tim.o
    0x08001740   0x00000004   Code   RO         2390    i.TIM_SetCompare1   stm32f10x_tim.o
    0x08001744   0x00000004   Code   RO         2391    i.TIM_SetCompare2   stm32f10x_tim.o
    0x08001748   0x00000004   Code   RO         2392    i.TIM_SetCompare3   stm32f10x_tim.o
    0x0800174c   0x00000006   Code   RO         2393    i.TIM_SetCompare4   stm32f10x_tim.o
    0x08001752   0x00000002   PAD
    0x08001754   0x0000009c   Code   RO         2400    i.TIM_TimeBaseInit  stm32f10x_tim.o
    0x080017f0   0x000000a4   Code   RO         3609    i.UART1_Init        bsp_uart.o
    0x08001894   0x0000007c   Code   RO         3610    i.UART2_Init        bsp_uart.o
    0x08001910   0x00000080   Code   RO         3611    i.UART3_Init        bsp_uart.o
    0x08001990   0x00000020   Code   RO         3612    i.UART_Init         bsp_uart.o
    0x080019b0   0x000000bc   Code   RO         3613    i.USART1_IRQHandler  bsp_uart.o
    0x08001a6c   0x00000014   Code   RO         2852    i.USART_Cmd         stm32f10x_usart.o
    0x08001a80   0x00000010   Code   RO         2853    i.USART_DMACmd      stm32f10x_usart.o
    0x08001a90   0x00000074   Code   RO         2854    i.USART_DeInit      stm32f10x_usart.o
    0x08001b04   0x0000000e   Code   RO         2855    i.USART_GetFlagStatus  stm32f10x_usart.o
    0x08001b12   0x0000003e   Code   RO         2856    i.USART_GetITStatus  stm32f10x_usart.o
    0x08001b50   0x00000030   Code   RO         2858    i.USART_ITConfig    stm32f10x_usart.o
    0x08001b80   0x000000ac   Code   RO         2859    i.USART_Init        stm32f10x_usart.o
    0x08001c2c   0x00000008   Code   RO         2866    i.USART_ReceiveData  stm32f10x_usart.o
    0x08001c34   0x00000008   Code   RO         2869    i.USART_SendData    stm32f10x_usart.o
    0x08001c3c   0x00000028   Code   RO         3614    i.Upload_ProcessDMAIRQ  bsp_uart.o
    0x08001c64   0x00000002   Code   RO         3207    i.UsageFault_Handler  stm32f10x_it.o
    0x08001c66   0x00000002   PAD
    0x08001c68   0x00000020   Code   RO         4946    i.__0printf         mc_w.l(printfa.o)
    0x08001c88   0x00000024   Code   RO         4951    i.__0vsnprintf      mc_w.l(printfa.o)
    0x08001cac   0x0000000e   Code   RO         5133    i.__scatterload_copy  mc_w.l(handlers.o)
    0x08001cba   0x00000002   Code   RO         5134    i.__scatterload_null  mc_w.l(handlers.o)
    0x08001cbc   0x0000000e   Code   RO         5135    i.__scatterload_zeroinit  mc_w.l(handlers.o)
    0x08001cca   0x00000002   PAD
    0x08001ccc   0x00000164   Code   RO         4953    i._fp_digits        mc_w.l(printfa.o)
    0x08001e30   0x000006dc   Code   RO         4954    i._printf_core      mc_w.l(printfa.o)
    0x0800250c   0x00000024   Code   RO         4955    i._printf_post_padding  mc_w.l(printfa.o)
    0x08002530   0x0000002e   Code   RO         4956    i._printf_pre_padding  mc_w.l(printfa.o)
    0x0800255e   0x00000016   Code   RO         4957    i._snputc           mc_w.l(printfa.o)
    0x08002574   0x0000002c   Code   RO         3278    i.calDutyCycle      app_steer.o
    0x080025a0   0x00000040   Code   RO         3569    i.delay_init        bsp_systick.o
    0x080025e0   0x00000030   Code   RO         3570    i.delay_ms          bsp_systick.o
    0x08002610   0x00000024   Code   RO         3616    i.fputc             bsp_uart.o
    0x08002634   0x00000054   Code   RO         3085    i.main              main.o
    0x08002688   0x0000006c   Code   RO         4975    i.malloc            mc_w.l(malloc.o)
    0x080026f4   0x00000038   Code   RO         3879    i.nmea_error        context.o
    0x0800272c   0x00000050   Code   RO         4396    i.nmea_parser_init  parser.o
    0x0800277c   0x00000008   Code   RO         3880    i.nmea_property     context.o
    0x08002784   0x00000016   Code   RO         4506    i.nmea_time_now     time.o
    0x0800279a   0x0000001c   Code   RO         4281    i.nmea_zero_INFO    info.o
    0x080027b6   0x00000002   PAD
    0x080027b8   0x00000020   Data   RO         5131    Region$$Table       anon$$obj.o


    Execution Region RW_IRAM1 (Base: 0x20000000, Size: 0x00001890, Max: 0x00005000, ABSOLUTE)

    Base Addr    Size         Type   Attr      Idx    E Section Name        Object

    0x20000000   0x00000014   Data   RW           27    .data               system_stm32f10x.o
    0x20000014   0x00000014   Data   RW         1719    .data               stm32f10x_rcc.o
    0x20000028   0x0000000c   Data   RW         3505    .data               bsp_timer.o
    0x20000034   0x00000008   Data   RW         3573    .data               bsp_systick.o
    0x2000003c   0x00000008   Data   RW         3618    .data               bsp_uart.o
    0x20000044   0x00000002   Data   RW         3830    .data               bsp_gps.o
    0x20000046   0x00000002   PAD
    0x20000048   0x0000000c   Data   RW         3883    .data               context.o
    0x20000054   0x00000004   Data   RW         5079    .data               mc_w.l(stdout.o)
    0x20000058   0x00000004   Data   RW         5090    .data               mc_w.l(mvars.o)
    0x2000005c   0x00000004   Data   RW         5091    .data               mc_w.l(mvars.o)
    0x20000060   0x00000194   Zero   RW         3469    .bss                app_gps.o
    0x200001f4   0x00000096   Zero   RW         3617    .bss                bsp_uart.o
    0x2000028a   0x00000200   Zero   RW         3829    .bss                bsp_gps.o
    0x2000048a   0x00000006   PAD
    0x20000490   0x00001000   Zero   RW            2    HEAP                startup_stm32f10x_hd.o
    0x20001490   0x00000400   Zero   RW            1    STACK               startup_stm32f10x_hd.o


==============================================================================

Image component sizes


      Code (inc. data)   RO Data    RW Data    ZI Data      Debug   Object Name

        56          4          0          0          0        503   app_beep.o
        28         10          0          0        404       1350   app_gps.o
        88         10          0          0          0       1395   app_light.o
         4          0          0          0          0        423   app_message.o
       140          6          0          0          0        540   app_motor.o
        32          0          0          0          0        497   app_protocol.o
       284         14          0          0          0       2755   app_steer.o
        18          0          0          0          0        752   bsp_gpio.o
       200         18          0          2        512       2362   bsp_gps.o
      1044         40          0          0          0       4086   bsp_pwm.o
       112         18          0          8          0       1132   bsp_systick.o
       228         16          0         12          0       2371   bsp_timer.o
       856         62          0          8        150       5844   bsp_uart.o
        64          8          0         12          0       2753   context.o
         0          0          0          0          0       4504   core_cm3.o
         0          0          0          0          0       1464   generate.o
        28          0          0          0          0       1917   info.o
        84          0          0          0          0       6851   main.o
       144         16          0          0          0       1929   misc.o
        80         26          0          0          0       2085   parser.o
        36          8        304          0       5120        856   startup_stm32f10x_hd.o
       380         26          0          0          0       4915   stm32f10x_dma.o
       170          0          0          0          0       2720   stm32f10x_gpio.o
        56         24          0          0          0       4668   stm32f10x_it.o
       264         46          0         20          0       5920   stm32f10x_rcc.o
       802         90          0          0          0      11171   stm32f10x_tim.o
       464         26          0          0          0       6803   stm32f10x_usart.o
       248         24          0         20          0     258685   system_stm32f10x.o
        22          0          0          0          0       1268   time.o

    ----------------------------------------------------------------------
      5956        492        336         84       6192     342519   Object Totals
         0          0         32          0          0          0   (incl. Generated)
        24          0          0          2          6          0   (incl. Padding)

    ----------------------------------------------------------------------

      Code (inc. data)   RO Data    RW Data    ZI Data      Debug   Library Member Name

         0          0          0          0          0          0   entry.o
         0          0          0          0          0          0   entry10a.o
         0          0          0          0          0          0   entry11a.o
         8          4          0          0          0          0   entry2.o
         4          0          0          0          0          0   entry5.o
         0          0          0          0          0          0   entry7b.o
         0          0          0          0          0          0   entry8b.o
         8          4          0          0          0          0   entry9a.o
        30          0          0          0          0          0   handlers.o
        36          8          0          0          0         68   init.o
         0          0          0          0          0          0   iusefp.o
        30          0          0          0          0         68   llshl.o
        36          0          0          0          0         68   llsshr.o
        32          0          0          0          0         68   llushr.o
       108         16          0          0          0         84   malloc.o
        36          0          0          0          0        108   memseta.o
         0          0          0          8          0          0   mvars.o
      2284         94          0          0          0        592   printfa.o
         0          0          0          4          0          0   stdout.o
        44          0          0          0          0         80   uidiv.o
        98          0          0          0          0         92   uldiv.o
        48          0          0          0          0         68   cdrcmple.o
       334          0          0          0          0        148   dadd.o
       222          0          0          0          0        100   ddiv.o
       186          0          0          0          0        176   depilogue.o
        50          0          0          0          0         76   dfixui.o
        48          0          0          0          0         68   dfixul.o
        34          0          0          0          0         76   dflti.o
       228          0          0          0          0         96   dmul.o

    ----------------------------------------------------------------------
      3908        126          0         12          0       2036   Library Totals
         4          0          0          0          0          0   (incl. Padding)

    ----------------------------------------------------------------------

      Code (inc. data)   RO Data    RW Data    ZI Data      Debug   Library Name

      2754        126          0         12          0       1228   mc_w.l
      1150          0          0          0          0        808   mf_w.l

    ----------------------------------------------------------------------
      3908        126          0         12          0       2036   Library Totals

    ----------------------------------------------------------------------

==============================================================================


      Code (inc. data)   RO Data    RW Data    ZI Data      Debug   

      9864        618        336         96       6192     338779   Grand Totals
      9864        618        336         96       6192     338779   ELF Image Totals
      9864        618        336         96          0          0   ROM Totals

==============================================================================

    Total RO  Size (Code + RO Data)                10200 (   9.96kB)
    Total RW  Size (RW Data + ZI Data)              6288 (   6.14kB)
    Total ROM Size (Code + RO Data + RW Data)      10296 (  10.05kB)

==============================================================================

