Component: ARM Compiler 5.05 update 1 (build 106) Tool: armlink [4d0efa]

==============================================================================

Section Cross References

    startup_stm32f10x_hd.o(RESET) refers to startup_stm32f10x_hd.o(STACK) for __initial_sp
    startup_stm32f10x_hd.o(RESET) refers to startup_stm32f10x_hd.o(.text) for Reset_Handler
    startup_stm32f10x_hd.o(RESET) refers to stm32f10x_it.o(i.NMI_Handler) for NMI_Handler
    startup_stm32f10x_hd.o(RESET) refers to stm32f10x_it.o(i.HardFault_Handler) for HardFault_Handler
    startup_stm32f10x_hd.o(RESET) refers to stm32f10x_it.o(i.MemManage_Handler) for MemManage_Handler
    startup_stm32f10x_hd.o(RESET) refers to stm32f10x_it.o(i.BusFault_Handler) for BusFault_Handler
    startup_stm32f10x_hd.o(RESET) refers to stm32f10x_it.o(i.UsageFault_Handler) for UsageFault_Handler
    startup_stm32f10x_hd.o(RESET) refers to stm32f10x_it.o(i.SVC_Handler) for SVC_Handler
    startup_stm32f10x_hd.o(RESET) refers to stm32f10x_it.o(i.DebugMon_Handler) for DebugMon_Handler
    startup_stm32f10x_hd.o(RESET) refers to stm32f10x_it.o(i.PendSV_Handler) for PendSV_Handler
    startup_stm32f10x_hd.o(RESET) refers to stm32f10x_it.o(i.SysTick_Handler) for SysTick_Handler
    startup_stm32f10x_hd.o(RESET) refers to stm32f10x_it.o(i.DMA1_Channel3_IRQHandler) for DMA1_Channel3_IRQHandler
    startup_stm32f10x_hd.o(RESET) refers to stm32f10x_it.o(i.DMA1_Channel4_IRQHandler) for DMA1_Channel4_IRQHandler
    startup_stm32f10x_hd.o(RESET) refers to bsp_timer.o(i.TIM1_UP_IRQHandler) for TIM1_UP_IRQHandler
    startup_stm32f10x_hd.o(RESET) refers to bsp_uart.o(i.USART1_IRQHandler) for USART1_IRQHandler
    startup_stm32f10x_hd.o(.text) refers to system_stm32f10x.o(i.SystemInit) for SystemInit
    startup_stm32f10x_hd.o(.text) refers to entry.o(.ARM.Collect$$$$00000000) for __main
    system_stm32f10x.o(i.SetSysClock) refers to system_stm32f10x.o(i.SetSysClockTo72) for SetSysClockTo72
    system_stm32f10x.o(i.SystemCoreClockUpdate) refers to system_stm32f10x.o(.data) for SystemCoreClock
    system_stm32f10x.o(i.SystemInit) refers to system_stm32f10x.o(i.SetSysClock) for SetSysClock
    stm32f10x_adc.o(i.ADC_DeInit) refers to stm32f10x_rcc.o(i.RCC_APB2PeriphResetCmd) for RCC_APB2PeriphResetCmd
    stm32f10x_bkp.o(i.BKP_DeInit) refers to stm32f10x_rcc.o(i.RCC_BackupResetCmd) for RCC_BackupResetCmd
    stm32f10x_can.o(i.CAN_DeInit) refers to stm32f10x_rcc.o(i.RCC_APB1PeriphResetCmd) for RCC_APB1PeriphResetCmd
    stm32f10x_can.o(i.CAN_GetITStatus) refers to stm32f10x_can.o(i.CheckITStatus) for CheckITStatus
    stm32f10x_cec.o(i.CEC_DeInit) refers to stm32f10x_rcc.o(i.RCC_APB1PeriphResetCmd) for RCC_APB1PeriphResetCmd
    stm32f10x_dac.o(i.DAC_DeInit) refers to stm32f10x_rcc.o(i.RCC_APB1PeriphResetCmd) for RCC_APB1PeriphResetCmd
    stm32f10x_flash.o(i.FLASH_EnableWriteProtection) refers to stm32f10x_flash.o(i.FLASH_WaitForLastOperation) for FLASH_WaitForLastOperation
    stm32f10x_flash.o(i.FLASH_EraseAllBank1Pages) refers to stm32f10x_flash.o(i.FLASH_WaitForLastBank1Operation) for FLASH_WaitForLastBank1Operation
    stm32f10x_flash.o(i.FLASH_EraseAllPages) refers to stm32f10x_flash.o(i.FLASH_WaitForLastOperation) for FLASH_WaitForLastOperation
    stm32f10x_flash.o(i.FLASH_EraseOptionBytes) refers to stm32f10x_flash.o(i.FLASH_GetReadOutProtectionStatus) for FLASH_GetReadOutProtectionStatus
    stm32f10x_flash.o(i.FLASH_EraseOptionBytes) refers to stm32f10x_flash.o(i.FLASH_WaitForLastOperation) for FLASH_WaitForLastOperation
    stm32f10x_flash.o(i.FLASH_ErasePage) refers to stm32f10x_flash.o(i.FLASH_WaitForLastOperation) for FLASH_WaitForLastOperation
    stm32f10x_flash.o(i.FLASH_ProgramHalfWord) refers to stm32f10x_flash.o(i.FLASH_WaitForLastOperation) for FLASH_WaitForLastOperation
    stm32f10x_flash.o(i.FLASH_ProgramOptionByteData) refers to stm32f10x_flash.o(i.FLASH_WaitForLastOperation) for FLASH_WaitForLastOperation
    stm32f10x_flash.o(i.FLASH_ProgramWord) refers to stm32f10x_flash.o(i.FLASH_WaitForLastOperation) for FLASH_WaitForLastOperation
    stm32f10x_flash.o(i.FLASH_ReadOutProtection) refers to stm32f10x_flash.o(i.FLASH_WaitForLastOperation) for FLASH_WaitForLastOperation
    stm32f10x_flash.o(i.FLASH_UserOptionByteConfig) refers to stm32f10x_flash.o(i.FLASH_WaitForLastOperation) for FLASH_WaitForLastOperation
    stm32f10x_flash.o(i.FLASH_WaitForLastBank1Operation) refers to stm32f10x_flash.o(i.FLASH_GetBank1Status) for FLASH_GetBank1Status
    stm32f10x_flash.o(i.FLASH_WaitForLastOperation) refers to stm32f10x_flash.o(i.FLASH_GetBank1Status) for FLASH_GetBank1Status
    stm32f10x_gpio.o(i.GPIO_AFIODeInit) refers to stm32f10x_rcc.o(i.RCC_APB2PeriphResetCmd) for RCC_APB2PeriphResetCmd
    stm32f10x_gpio.o(i.GPIO_DeInit) refers to stm32f10x_rcc.o(i.RCC_APB2PeriphResetCmd) for RCC_APB2PeriphResetCmd
    stm32f10x_i2c.o(i.I2C_DeInit) refers to stm32f10x_rcc.o(i.RCC_APB1PeriphResetCmd) for RCC_APB1PeriphResetCmd
[...]
    Removing stm32f10x_tim.o(i.TIM_OC3PolarityConfig), (26 bytes).
    Removing stm32f10x_tim.o(i.TIM_OC4FastConfig), (26 bytes).
    Removing stm32f10x_tim.o(i.TIM_OC4PolarityConfig), (26 bytes).
    Removing stm32f10x_tim.o(i.TIM_OCStructInit), (20 bytes).
    Removing stm32f10x_tim.o(i.TIM_PWMIConfig), (124 bytes).
    Removing stm32f10x_tim.o(i.TIM_PrescalerConfig), (6 bytes).
    Removing stm32f10x_tim.o(i.TIM_SelectCCDMA), (24 bytes).
    Removing stm32f10x_tim.o(i.TIM_SelectCOM), (24 bytes).
    Removing stm32f10x_tim.o(i.TIM_SelectHallSensor), (24 bytes).
    Removing stm32f10x_tim.o(i.TIM_SelectInputTrigger), (18 bytes).
    Removing stm32f10x_tim.o(i.TIM_SelectMasterSlaveMode), (18 bytes).
    Removing stm32f10x_tim.o(i.TIM_SelectOCxM), (82 bytes).
    Removing stm32f10x_tim.o(i.TIM_SelectOnePulseMode), (18 bytes).
    Removing stm32f10x_tim.o(i.TIM_SelectOutputTrigger), (18 bytes).
    Removing stm32f10x_tim.o(i.TIM_SelectSlaveMode), (18 bytes).
    Removing stm32f10x_tim.o(i.TIM_SetAutoreload), (4 bytes).
    Removing stm32f10x_tim.o(i.TIM_SetClockDivision), (18 bytes).
    Removing stm32f10x_tim.o(i.TIM_SetCounter), (4 bytes).
    Removing stm32f10x_tim.o(i.TIM_SetIC1Prescaler), (18 bytes).
    Removing stm32f10x_tim.o(i.TIM_SetIC2Prescaler), (26 bytes).
    Removing stm32f10x_tim.o(i.TIM_SetIC3Prescaler), (18 bytes).
    Removing stm32f10x_tim.o(i.TIM_SetIC4Prescaler), (26 bytes).
    Removing stm32f10x_tim.o(i.TIM_TIxExternalClockConfig), (62 bytes).
    Removing stm32f10x_tim.o(i.TIM_TimeBaseStructInit), (18 bytes).
    Removing stm32f10x_tim.o(i.TIM_UpdateDisableConfig), (24 bytes).
    Removing stm32f10x_tim.o(i.TIM_UpdateRequestConfig), (24 bytes).
    Removing stm32f10x_usart.o(i.USART_ClearFlag), (18 bytes).
    Removing stm32f10x_usart.o(i.USART_ClearITPendingBit), (30 bytes).
    Removing stm32f10x_usart.o(i.USART_ClockInit), (34 bytes).
    Removing stm32f10x_usart.o(i.USART_ClockStructInit), (12 bytes).
    Removing stm32f10x_usart.o(i.USART_HalfDuplexCmd), (24 bytes).
    Removing stm32f10x_usart.o(i.USART_IrDACmd), (24 bytes).
    Removing stm32f10x_usart.o(i.USART_IrDAConfig), (18 bytes).
    Removing stm32f10x_usart.o(i.USART_LINBreakDetectLengthConfig), (18 bytes).
    Removing stm32f10x_usart.o(i.USART_LINCmd), (24 bytes).
    Removing stm32f10x_usart.o(i.USART_OneBitMethodCmd), (24 bytes).
    Removing stm32f10x_usart.o(i.USART_OverSampling8Cmd), (22 bytes).
    Removing stm32f10x_usart.o(i.USART_ReceiverWakeUpCmd), (24 bytes).
    Removing stm32f10x_usart.o(i.USART_SendBreak), (10 bytes).
    Removing stm32f10x_usart.o(i.USART_SetAddress), (18 bytes).
    Removing stm32f10x_usart.o(i.USART_SetGuardTime), (16 bytes).
    Removing stm32f10x_usart.o(i.USART_SetPrescaler), (16 bytes).
    Removing stm32f10x_usart.o(i.USART_SmartCardCmd), (24 bytes).
    Removing stm32f10x_usart.o(i.USART_SmartCardNACKCmd), (24 bytes).
    Removing stm32f10x_usart.o(i.USART_StructInit), (24 bytes).
    Removing stm32f10x_usart.o(i.USART_WakeUpConfig), (18 bytes).
    Removing stm32f10x_wwdg.o(i.WWDG_ClearFlag), (12 bytes).
    Removing stm32f10x_wwdg.o(i.WWDG_DeInit), (22 bytes).
    Removing stm32f10x_wwdg.o(i.WWDG_Enable), (16 bytes).
    Removing stm32f10x_wwdg.o(i.WWDG_EnableIT), (12 bytes).
    Removing stm32f10x_wwdg.o(i.WWDG_GetFlagStatus), (12 bytes).
    Removing stm32f10x_wwdg.o(i.WWDG_SetCounter), (16 bytes).
    Removing stm32f10x_wwdg.o(i.WWDG_SetPrescaler), (24 bytes).
    Removing stm32f10x_wwdg.o(i.WWDG_SetWindowValue), (40 bytes).
    Removing main.o(.bss), (27 bytes).
    Removing app_steer.o(i.Robort_Steer_Control), (114 bytes).
    Removing app_steer.o(i.SteerEightControl), (28 bytes).
    Removing app_steer.o(i.SteerFiveControl), (28 bytes).
    Removing app_steer.o(i.SteerFourControl), (28 bytes).
    Removing app_steer.o(i.SteerOneControl), (28 bytes).
    Removing app_steer.o(i.SteerSevenControl), (28 bytes).
    Removing app_steer.o(i.SteerSixControl), (28 bytes).
    Removing app_steer.o(i.SteerThreeControl), (28 bytes).
    Removing app_steer.o(i.SteerTwoControl), (28 bytes).
    Removing app_steer.o(i.calDutyCycle), (60 bytes).
    Removing app_beep.o(i.Robort_Beep_Control), (30 bytes).
    Removing app_light.o(i.Control_1stLight), (30 bytes).
    Removing app_light.o(i.Control_2ndLight), (2 bytes).
    Removing app_light.o(i.Robort_Light_Control), (36 bytes).
    Removing app_message.o(i.Crc16), (56 bytes).
    Removing app_message.o(i.GPS_Message_Upload), (176 bytes).
    Removing app_message.o(i.Robort_Receive_Frame), (28 bytes).
    Removing app_message.o(i.Robort_Send_Frame), (16 bytes).
    Removing app_message.o(.bss), (50 bytes).
    Removing app_motor.o(i.CalPWMDutyCycle), (76 bytes).
    Removing app_motor.o(i.Robort_Direction_Control), (408 bytes).
    Removing app_motor.o(i.Robort_Speed_Control), (44 bytes).
    Removing app_motor.o(i.Set_Motor_Direction), (168 bytes).
    Removing app_motor.o(i.Set_Motor_Speed), (132 bytes).
    Removing app_motor.o(.data), (7 bytes).
    Removing app_protocol.o(i.Assemble_Message_Length), (12 bytes).
    Removing app_protocol.o(i.Crc16), (56 bytes).
    Removing app_protocol.o(i.Process_Robort_Beep_Cmd), (34 bytes).
    Removing app_protocol.o(i.Process_Robort_Direction_Cmd), (104 bytes).
    Removing app_protocol.o(i.Process_Robort_Light_Cmd), (94 bytes).
    Removing app_protocol.o(i.Process_Robort_Sensor_Cmd), (252 bytes).
    Removing app_protocol.o(i.Process_Robort_Speed_Cmd), (70 bytes).
    Removing app_protocol.o(i.Process_Robort_Steer_Cmd), (162 bytes).
    Removing app_protocol.o(i.Protocol_Parser), (132 bytes).
    Removing app_protocol.o(i.Robort_Adress_Veritfy), (14 bytes).
    Removing app_protocol.o(i.Steer_Test), (32 bytes).
    Removing app_sensor.o(i.GetHumidity), (10 bytes).
    Removing app_sensor.o(i.GetIR_Distance), (58 bytes).
    Removing app_sensor.o(i.GetTemperature), (28 bytes).
    Removing app_sensor.o(i.Get_Distance), (42 bytes).
    Removing app_sensor.o(i.Get_Energy_Quantity), (30 bytes).
    Removing app_sensor.o(i.Robort_Get_Sensor_Data), (60 bytes).
    Removing app_sensor.o(i.Robort_Sensor_Init), (8 bytes).
    Removing app_sensor.o(i.SensorDistanceProcess), (52 bytes).
    Removing app_sensor.o(i.StartToAcquireSensorInfo), (2 bytes).
    Removing app_sensor.o(.bss), (12 bytes).
    Removing app_sensor.o(.data), (256 bytes).
    Removing app_gps.o(i.GPS_DATA_Init), (24 bytes).
    Removing app_gps.o(i.GPS_HalfTransferEnd_Nema), (172 bytes).
    Removing app_gps.o(i.GPS_TransferEnd_Nema), (172 bytes).
    Removing app_gps.o(i.Robort_Get_Nema), (26 bytes).
    Removing app_gps.o(i.STM32_GET_GPS_HalfTransferEnd_FLAG), (20 bytes).
    Removing app_gps.o(i.STM32_GET_GPS_TransferEnd_FLAG), (20 bytes).
    Removing app_gps.o(.bss), (404 bytes).
    Removing app_gps.o(.data), (1 bytes).
    Removing app_sysdelay.o(i.SysDelay_ms), (12 bytes).
    Removing app_sysdelay.o(i.SysDelay_us), (12 bytes).
    Removing bsp_timer.o(i.STM32_TIMER3_GetCounterFlag), (60 bytes).
    Removing bsp_led.o(i.LED1_OFF), (20 bytes).
    Removing bsp_led.o(i.LED1_ON), (20 bytes).
    Removing bsp_led.o(i.LED1_TOGGLE), (20 bytes).
    Removing bsp_led.o(i.LED_Init), (80 bytes).
    Removing bsp_systick.o(i.delay_ms), (76 bytes).
    Removing bsp_systick.o(i.delay_systick), (72 bytes).
    Removing bsp_systick.o(i.delay_us), (76 bytes).
    Removing bsp_uart.o(i.Crc16), (56 bytes).
    Removing bsp_uart.o(i.DMA1_DATA_Trans_Task_ON), (12 bytes).
    Removing bsp_uart.o(i.DMA1_Uart1_Status_Get), (12 bytes).
    Removing bsp_uart.o(i.STM32_UART1_Write), (44 bytes).
    Removing bsp_uart.o(i.STM32_UART_Read), (144 bytes).
    Removing bsp_uart.o(i.STM32_UART_Write), (96 bytes).
    Removing bsp_uart.o(i.UART2_Init), (124 bytes).
    Removing bsp_uart.o(i.UART3_Init), (128 bytes).
    Removing bsp_uart.o(i.fgetc), (32 bytes).
    Removing bsp_pantilt.o(i.H_ACT_Ctrl), (20 bytes).
    Removing bsp_pantilt.o(.data), (2 bytes).
    Removing bsp_adc.o(i.ADC1_Init), (164 bytes).
    Removing bsp_adc.o(i.ADC_Vaule_Handle), (72 bytes).
    Removing bsp_adc.o(i.STM32_ADC_Gather), (52 bytes).
    Removing bsp_adc.o(i.STM32_ADC_Read), (16 bytes).
    Removing bsp_adc.o(i.Task_ADC_Handle), (252 bytes).
    Removing bsp_adc.o(.bss), (96 bytes).
    Removing bsp_adc.o(.data), (2 bytes).
    Removing bsp_gps.o(i.GMTconvert), (356 bytes).
    Removing bsp_gps.o(i.GPS_DMA_Config), (116 bytes).
    Removing bsp_gps.o(i.GPS_Interrupt_Config), (42 bytes).
    Removing bsp_gps.o(i.IsLeapYear), (50 bytes).
    Removing bsp_gps.o(i.Robort_GPS_Init), (8 bytes).
    Removing bsp_gps.o(i.error), (2 bytes).
    Removing bsp_gps.o(i.trace), (2 bytes).
    Removing bsp_gps.o(.bss), (512 bytes).
    Removing context.o(i.nmea_error), (70 bytes).
    Removing context.o(i.nmea_property), (8 bytes).
    Removing context.o(i.nmea_trace), (70 bytes).
    Removing context.o(i.nmea_trace_buff), (24 bytes).
    Removing context.o(.data), (12 bytes).
    Removing generate.o(i.nmea_gen_GPGGA), (128 bytes).
    Removing generate.o(i.nmea_gen_GPGSA), (108 bytes).
    Removing generate.o(i.nmea_gen_GPGSV), (104 bytes).
    Removing generate.o(i.nmea_gen_GPRMC), (128 bytes).
    Removing generate.o(i.nmea_gen_GPVTG), (116 bytes).
    Removing generate.o(i.nmea_generate), (242 bytes).
    Removing generate.o(i.nmea_gsv_npack), (56 bytes).
    Removing generate.o(i.nmea_info2GPGGA), (128 bytes).
    Removing generate.o(i.nmea_info2GPGSA), (92 bytes).
    Removing generate.o(i.nmea_info2GPGSV), (122 bytes).
    Removing generate.o(i.nmea_info2GPRMC), (184 bytes).
    Removing generate.o(i.nmea_info2GPVTG), (68 bytes).
    Removing generate.o(.conststring), (380 bytes).
    Removing generator.o(i.__nmea_create_generator), (296 bytes).
    Removing generator.o(i.nmea_create_generator), (30 bytes).
    Removing generator.o(i.nmea_destroy_generator), (12 bytes).
    Removing generator.o(i.nmea_gen_add), (24 bytes).
    Removing generator.o(i.nmea_gen_destroy), (36 bytes).
    Removing generator.o(i.nmea_gen_init), (88 bytes).
    Removing generator.o(i.nmea_gen_loop), (42 bytes).
    Removing generator.o(i.nmea_gen_reset), (26 bytes).
    Removing generator.o(i.nmea_generate_from), (50 bytes).
    Removing generator.o(i.nmea_igen_noise_init), (6 bytes).
    Removing generator.o(i.nmea_igen_noise_loop), (464 bytes).
    Removing generator.o(i.nmea_igen_noise_reset), (6 bytes).
    Removing generator.o(i.nmea_igen_pos_rmove_destroy), (6 bytes).
    Removing generator.o(i.nmea_igen_pos_rmove_init), (32 bytes).
    Removing generator.o(i.nmea_igen_pos_rmove_loop), (276 bytes).
    Removing generator.o(i.nmea_igen_rotate_init), (24 bytes).
    Removing generator.o(i.nmea_igen_rotate_loop), (164 bytes).
    Removing generator.o(i.nmea_igen_rotate_reset), (156 bytes).
    Removing generator.o(i.nmea_igen_static_init), (24 bytes).
    Removing generator.o(i.nmea_igen_static_loop), (16 bytes).
    Removing generator.o(i.nmea_igen_static_reset), (130 bytes).
    Removing generator.o(i.nmea_random), (88 bytes).
    Removing generator.o(.data), (8 bytes).
    Removing gmath.o(i.__ARM_isnan), (36 bytes).
    Removing gmath.o(i.nmea_calc_pdop), (66 bytes).
    Removing gmath.o(i.nmea_degree2ndeg), (80 bytes).
    Removing gmath.o(i.nmea_degree2radian), (28 bytes).
    Removing gmath.o(i.nmea_distance), (172 bytes).
    Removing gmath.o(i.nmea_distance_ellipsoid), (2016 bytes).
    Removing gmath.o(i.nmea_dop2meters), (24 bytes).
    Removing gmath.o(i.nmea_info2pos), (36 bytes).
    Removing gmath.o(i.nmea_meters2dop), (24 bytes).
    Removing gmath.o(i.nmea_move_horz), (392 bytes).
    Removing gmath.o(i.nmea_move_horz_ellipsoid), (2004 bytes).
    Removing gmath.o(i.nmea_ndeg2degree), (100 bytes).
    Removing gmath.o(i.nmea_ndeg2radian), (26 bytes).
    Removing gmath.o(i.nmea_pos2info), (36 bytes).
    Removing gmath.o(i.nmea_radian2degree), (28 bytes).
    Removing gmath.o(i.nmea_radian2ndeg), (26 bytes).
    Removing info.o(i.nmea_zero_INFO), (30 bytes).
    Removing parse.o(i._nmea_parse_time), (196 bytes).
    Removing parse.o(i.nmea_GPGGA2info), (98 bytes).
    Removing parse.o(i.nmea_GPGSA2info), (118 bytes).
    Removing parse.o(i.nmea_GPGSV2info), (198 bytes).
    Removing parse.o(i.nmea_GPRMC2info), (156 bytes).
    Removing parse.o(i.nmea_GPVTG2info), (34 bytes).
    Removing parse.o(i.nmea_find_tail), (130 bytes).
    Removing parse.o(i.nmea_pack_type), (112 bytes).
    Removing parse.o(i.nmea_parse_GPGGA), (244 bytes).
    Removing parse.o(i.nmea_parse_GPGSA), (208 bytes).
    Removing parse.o(i.nmea_parse_GPGSV), (200 bytes).
    Removing parse.o(i.nmea_parse_GPRMC), (268 bytes).
    Removing parse.o(i.nmea_parse_GPVTG), (220 bytes).
    Removing parse.o(.conststring), (105 bytes).
    Removing parse.o(.data), (20 bytes).
    Removing parser.o(i.nmea_parse), (134 bytes).
    Removing parser.o(i.nmea_parser_buff_clear), (10 bytes).
    Removing parser.o(i.nmea_parser_destroy), (26 bytes).
    Removing parser.o(i.nmea_parser_drop), (44 bytes).
    Removing parser.o(i.nmea_parser_init), (80 bytes).
    Removing parser.o(i.nmea_parser_peek), (20 bytes).
    Removing parser.o(i.nmea_parser_pop), (44 bytes).
    Removing parser.o(i.nmea_parser_push), (50 bytes).
    Removing parser.o(i.nmea_parser_queue_clear), (22 bytes).
    Removing parser.o(i.nmea_parser_real_push), (536 bytes).
    Removing parser.o(i.nmea_parser_top), (12 bytes).
    Removing sentence.o(i.nmea_zero_GPGGA), (42 bytes).
    Removing sentence.o(i.nmea_zero_GPGSA), (22 bytes).
    Removing sentence.o(i.nmea_zero_GPGSV), (14 bytes).
    Removing sentence.o(i.nmea_zero_GPRMC), (40 bytes).
    Removing sentence.o(i.nmea_zero_GPVTG), (34 bytes).
    Removing time.o(i.nmea_time_now), (24 bytes).
    Removing tok.o(i.nmea_atof), (54 bytes).
    Removing tok.o(i.nmea_atoi), (50 bytes).
    Removing tok.o(i.nmea_calc_crc), (24 bytes).
    Removing tok.o(i.nmea_printf), (112 bytes).
    Removing tok.o(i.nmea_scanf), (538 bytes).
    Removing ffltui.o(.text), (10 bytes).
    Removing dflti.o(.text), (34 bytes).
    Removing dfltui.o(.text), (26 bytes).
    Removing dfixi.o(.text), (62 bytes).
    Removing dfixui.o(.text), (50 bytes).
    Removing cdcmple.o(.text), (48 bytes).
    Removing fepilogue.o(.text), (110 bytes).
    Removing dscalb.o(.text), (46 bytes).
    Removing dsqrt.o(.text), (162 bytes).
    Removing dfltul.o(.text), (24 bytes).
    Removing d2f.o(.text), (56 bytes).

628 unused section(s) (total 41482 bytes) removed from the image.

==============================================================================

Image Symbol Table

    Local Symbols

    Symbol Name                              Value     Ov Type        Size  Object(Section)

    ../clib/microlib/ctype/ctype.c           0x00000000   Number         0  isgraph_o.o ABSOLUTE
    ../clib/microlib/ctype/ctype.c           0x00000000   Number         0  isblank_o.o ABSOLUTE
    ../clib/microlib/ctype/ctype.c           0x00000000   Number         0  islower_o.o ABSOLUTE
    ../clib/microlib/ctype/ctype.c           0x00000000   Number         0  isalpha_o.o ABSOLUTE
    ../clib/microlib/ctype/ctype.c           0x00000000   Number         0  isalnum_o.o ABSOLUTE
    ../clib/microlib/ctype/ctype.c           0x00000000   Number         0  isspace_o.o ABSOLUTE
    ../clib/microlib/ctype/ctype.c           0x00000000   Number         0  ctype_o.o ABSOLUTE
    ../clib/microlib/ctype/ctype.c           0x00000000   Number         0  isspace_c.o ABSOLUTE
    ../clib/microlib/ctype/ctype.c           0x00000000   Number         0  isxdigit_o.o ABSOLUTE
    ../clib/microlib/ctype/ctype.c           0x00000000   Number         0  isupper_o.o ABSOLUTE
    ../clib/microlib/ctype/ctype.c           0x00000000   Number         0  ctype_c.o ABSOLUTE
    ../clib/microlib/ctype/ctype.c           0x00000000   Number         0  ispunct_o.o ABSOLUTE
    ../clib/microlib/ctype/ctype.c           0x00000000   Number         0  isprint_o.o ABSOLUTE
    ../clib/microlib/ctype/ctype.c           0x00000000   Number         0  isdigit_o.o ABSOLUTE
    ../clib/microlib/ctype/ctype.c           0x00000000   Number         0  iscntrl_o.o ABSOLUTE
    ../clib/microlib/division.c              0x00000000   Number         0  uldiv.o ABSOLUTE
    ../clib/microlib/division.c              0x00000000   Number         0  uidiv.o ABSOLUTE
    ../clib/microlib/errno.c                 0x00000000   Number         0  errno.o ABSOLUTE
    ../clib/microlib/init/entry.s            0x00000000   Number         0  entry8a.o ABSOLUTE
    ../clib/microlib/init/entry.s            0x00000000   Number         0  entry8b.o ABSOLUTE
    ../clib/microlib/init/entry.s            0x00000000   Number         0  entry9a.o ABSOLUTE
    ../clib/microlib/init/entry.s            0x00000000   Number         0  entry10a.o ABSOLUTE
    ../clib/microlib/init/entry.s            0x00000000   Number         0  entry11a.o ABSOLUTE
    ../clib/microlib/init/entry.s            0x00000000   Number         0  entry11b.o ABSOLUTE
    ../clib/microlib/init/entry.s            0x00000000   Number         0  entry9b.o ABSOLUTE
    ../clib/microlib/init/entry.s            0x00000000   Number         0  entry7b.o ABSOLUTE
    ../clib/microlib/init/entry.s            0x00000000   Number         0  entry.o ABSOLUTE
    ../clib/microlib/init/entry.s            0x00000000   Number         0  entry7a.o ABSOLUTE
    ../clib/microlib/init/entry.s            0x00000000   Number         0  entry10b.o ABSOLUTE
    ../clib/microlib/init/entry.s            0x00000000   Number         0  entry2.o ABSOLUTE
    ../clib/microlib/init/entry.s            0x00000000   Number         0  entry5.o ABSOLUTE
    ../clib/microlib/longlong.c              0x00000000   Number         0  llshl.o ABSOLUTE
    ../clib/microlib/longlong.c              0x00000000   Number         0  llsshr.o ABSOLUTE
    ../clib/microlib/longlong.c              0x00000000   Number         0  llushr.o ABSOLUTE
    ../clib/microlib/malloc/malloc.c         0x00000000   Number         0  malloc.o ABSOLUTE
    ../clib/microlib/malloc/malloc.c         0x00000000   Number         0  mallocr.o ABSOLUTE
    ../clib/microlib/malloc/malloc.c         0x00000000   Number         0  malloca.o ABSOLUTE
    ../clib/microlib/malloc/malloc.c         0x00000000   Number         0  mallocra.o ABSOLUTE
    ../clib/microlib/malloc/mvars.c          0x00000000   Number         0  mvars.o ABSOLUTE
    ../clib/microlib/printf/printf.c         0x00000000   Number         0  printf4.o ABSOLUTE
    ../clib/microlib/printf/printf.c         0x00000000   Number         0  printf8.o ABSOLUTE
    ../clib/microlib/printf/printf.c         0x00000000   Number         0  printf5.o ABSOLUTE
    ../clib/microlib/printf/printf.c         0x00000000   Number         0  printf6.o ABSOLUTE
    ../clib/microlib/printf/printf.c         0x00000000   Number         0  printf2.o ABSOLUTE
    ../clib/microlib/printf/printf.c         0x00000000   Number         0  printf7.o ABSOLUTE
    ../clib/microlib/printf/printf.c         0x00000000   Number         0  printfa.o ABSOLUTE
    ../clib/microlib/printf/printf.c         0x00000000   Number         0  printf1.o ABSOLUTE
    ../clib/microlib/printf/printf.c         0x00000000   Number         0  printf0.o ABSOLUTE
    ../clib/microlib/printf/printf.c         0x00000000   Number         0  printf3.o ABSOLUTE
    ../clib/microlib/printf/printf.c         0x00000000   Number         0  printfb.o ABSOLUTE
    ../clib/microlib/printf/stubs.s          0x00000000   Number         0  stubs.o ABSOLUTE
    ../clib/microlib/stdio/streams.c         0x00000000   Number         0  stdout.o ABSOLUTE
    ../clib/microlib/stdlib/rand.c           0x00000000   Number         0  rand.o ABSOLUTE
    ../clib/microlib/string/memchr.c         0x00000000   Number         0  memchr.o ABSOLUTE
    ../clib/microlib/string/memcmp.c         0x00000000   Number         0  memcmp.o ABSOLUTE
    ../clib/microlib/string/memcpy.c         0x00000000   Number         0  memcpya.o ABSOLUTE
    ../clib/microlib/string/memcpy.c         0x00000000   Number         0  memcpyb.o ABSOLUTE
    ../clib/microlib/string/memset.c         0x00000000   Number         0  memseta.o ABSOLUTE
    ../clib/microlib/string/strlen.c         0x00000000   Number         0  strlen.o ABSOLUTE
    ../clib/microlib/stubs.s                 0x00000000   Number         0  iusefp.o ABSOLUTE
    ../clib/scanf.c                          0x00000000   Number         0  _sgetc.o ABSOLUTE
    ../clib/scanf.c                          0x00000000   Number         0  strtol.o ABSOLUTE
    ../clib/scanf.c                          0x00000000   Number         0  _strtoul.o ABSOLUTE
    ../clib/scanf.c                          0x00000000   Number         0  strtod.o ABSOLUTE
    ../clib/scanf.c                          0x00000000   Number         0  _chval.o ABSOLUTE
    ../clib/scanf.c                          0x00000000   Number         0  scanf_fp.o ABSOLUTE
    ../fplib/microlib/d2f.c                  0x00000000   Number         0  d2f.o ABSOLUTE
    ../fplib/microlib/fpadd.c                0x00000000   Number         0  dadd.o ABSOLUTE
    ../fplib/microlib/fpdiv.c                0x00000000   Number         0  ddiv.o ABSOLUTE
    ../fplib/microlib/fpepilogue.c           0x00000000   Number         0  fepilogue.o ABSOLUTE
    ../fplib/microlib/fpepilogue.c           0x00000000   Number         0  depilogue.o ABSOLUTE
    ../fplib/microlib/fpfix.c                0x00000000   Number         0  dfixui.o ABSOLUTE
    ../fplib/microlib/fpfix.c                0x00000000   Number         0  dfixi.o ABSOLUTE
    ../fplib/microlib/fpfix.c                0x00000000   Number         0  dfixul.o ABSOLUTE
    ../fplib/microlib/fpflt.c                0x00000000   Number         0  dfltul.o ABSOLUTE
    ../fplib/microlib/fpflt.c                0x00000000   Number         0  ffltui.o ABSOLUTE
    ../fplib/microlib/fpflt.c                0x00000000   Number         0  dflti.o ABSOLUTE
    ../fplib/microlib/fpflt.c                0x00000000   Number         0  dfltui.o ABSOLUTE
    ../fplib/microlib/fpmul.c                0x00000000   Number         0  dmul.o ABSOLUTE
    ../fplib/microlib/fpscalb.c              0x00000000   Number         0  dscalb.o ABSOLUTE
    ../fplib/microlib/fpsqrt.c               0x00000000   Number         0  dsqrt.o ABSOLUTE
    ../mathlib/acos.c                        0x00000000   Number         0  acos.o ABSOLUTE
    ../mathlib/acos.c                        0x00000000   Number         0  acos_x.o ABSOLUTE
    ../mathlib/asin.c                        0x00000000   Number         0  asin.o ABSOLUTE
    ../mathlib/asin.c                        0x00000000   Number         0  asin_x.o ABSOLUTE
    ../mathlib/atan.c                        0x00000000   Number         0  atan_x.o ABSOLUTE
    ../mathlib/atan.c                        0x00000000   Number         0  atan.o ABSOLUTE
    ../mathlib/atan2.c                       0x00000000   Number         0  atan2_x.o ABSOLUTE
    ../mathlib/atan2.c                       0x00000000   Number         0  atan2.o ABSOLUTE
    ../mathlib/ceil.c                        0x00000000   Number         0  ceil.o ABSOLUTE
    ../mathlib/cos.c                         0x00000000   Number         0  cos.o ABSOLUTE
    ../mathlib/cos.c                         0x00000000   Number         0  cos_x.o ABSOLUTE
    ../mathlib/cos_i.c                       0x00000000   Number         0  cos_i.o ABSOLUTE
    ../mathlib/dunder.c                      0x00000000   Number         0  dunder.o ABSOLUTE
    ../mathlib/fpclassify.c                  0x00000000   Number         0  fpclassify.o ABSOLUTE
    ../mathlib/modf.c                        0x00000000   Number         0  modf.o ABSOLUTE
    ../mathlib/poly.c                        0x00000000   Number         0  poly.o ABSOLUTE
    ../mathlib/pow.c                         0x00000000   Number         0  pow_x.o ABSOLUTE
    ../mathlib/pow.c                         0x00000000   Number         0  pow.o ABSOLUTE
    ../mathlib/qnan.c                        0x00000000   Number         0  qnan.o ABSOLUTE
    ../mathlib/rred.c                        0x00000000   Number         0  rred.o ABSOLUTE
    ../mathlib/sin.c                         0x00000000   Number         0  sin.o ABSOLUTE
    ../mathlib/sin.c                         0x00000000   Number         0  sin_x.o ABSOLUTE
    ../mathlib/sin_i.c                       0x00000000   Number         0  sin_i.o ABSOLUTE
    ../mathlib/sin_i.c                       0x00000000   Number         0  sin_i_x.o ABSOLUTE
    ../mathlib/sqrt.c                        0x00000000   Number         0  sqrt.o ABSOLUTE
    ../mathlib/sqrt.c                        0x00000000   Number         0  sqrt_x.o ABSOLUTE
    ../mathlib/strtod.c                      0x00000000   Number         0  strtod.o ABSOLUTE
    ../mathlib/tan.c                         0x00000000   Number         0  tan.o ABSOLUTE
    ../mathlib/tan.c                         0x00000000   Number         0  tan_x.o ABSOLUTE
    ../mathlib/tan_i.c                       0x00000000   Number         0  tan_i.o ABSOLUTE
    ../mathlib/tan_i.c                       0x00000000   Number         0  tan_i_x.o ABSOLUTE
    ..\..\APP\App_Beep.c                     0x00000000   Number         0  app_beep.o ABSOLUTE
    ..\..\APP\App_GPS.c                      0x00000000   Number         0  app_gps.o ABSOLUTE
    ..\..\APP\App_Light.c                    0x00000000   Number         0  app_light.o ABSOLUTE
    ..\..\APP\App_Message.c                  0x00000000   Number         0  app_message.o ABSOLUTE
    ..\..\APP\App_Motor.c                    0x00000000   Number         0  app_motor.o ABSOLUTE
    ..\..\APP\App_Protocol.c                 0x00000000   Number         0  app_protocol.o ABSOLUTE
    ..\..\APP\App_Sensor.c                   0x00000000   Number         0  app_sensor.o ABSOLUTE
    ..\..\APP\App_Steer.c                    0x00000000   Number         0  app_steer.o ABSOLUTE
    ..\..\APP\App_SysDelay.c                 0x00000000   Number         0  app_sysdelay.o ABSOLUTE
    ..\..\APP\main.c                         0x00000000   Number         0  main.o ABSOLUTE
    ..\..\APP\stm32f10x_it.c                 0x00000000   Number         0  stm32f10x_it.o ABSOLUTE
    ..\..\BSP\BSP_ADC.C                      0x00000000   Number         0  bsp_adc.o ABSOLUTE
    ..\..\BSP\BSP_GPS.c                      0x00000000   Number         0  bsp_gps.o ABSOLUTE
    ..\..\BSP\BSP_Gpio.c                     0x00000000   Number         0  bsp_gpio.o ABSOLUTE
    ..\..\BSP\BSP_Led.c                      0x00000000   Number         0  bsp_led.o ABSOLUTE
    ..\..\BSP\BSP_Pantilt.c                  0x00000000   Number         0  bsp_pantilt.o ABSOLUTE
    ..\..\BSP\BSP_Pwm.c                      0x00000000   Number         0  bsp_pwm.o ABSOLUTE
    ..\..\BSP\BSP_Systick.c                  0x00000000   Number         0  bsp_systick.o ABSOLUTE
    ..\..\BSP\BSP_Timer.c                    0x00000000   Number         0  bsp_timer.o ABSOLUTE
    ..\..\BSP\BSP_Uart.c                     0x00000000   Number         0  bsp_uart.o ABSOLUTE
    ..\..\Libraries\CMSIS\core_cm3.c         0x00000000   Number         0  core_cm3.o ABSOLUTE
    ..\..\Libraries\CMSIS\startup\startup_stm32f10x_hd.s 0x00000000   Number         0  startup_stm32f10x_hd.o ABSOLUTE
    ..\..\Libraries\CMSIS\system_stm32f10x.c 0x00000000   Number         0  system_stm32f10x.o ABSOLUTE
    ..\..\Libraries\FWlib\src\misc.c         0x00000000   Number         0  misc.o ABSOLUTE
    ..\..\Libraries\FWlib\src\stm32f10x_adc.c 0x00000000   Number         0  stm32f10x_adc.o ABSOLUTE
    ..\..\Libraries\FWlib\src\stm32f10x_bkp.c 0x00000000   Number         0  stm32f10x_bkp.o ABSOLUTE
    ..\..\Libraries\FWlib\src\stm32f10x_can.c 0x00000000   Number         0  stm32f10x_can.o ABSOLUTE
    ..\..\Libraries\FWlib\src\stm32f10x_cec.c 0x00000000   Number         0  stm32f10x_cec.o ABSOLUTE
    ..\..\Libraries\FWlib\src\stm32f10x_crc.c 0x00000000   Number         0  stm32f10x_crc.o ABSOLUTE
    ..\..\Libraries\FWlib\src\stm32f10x_dac.c 0x00000000   Number         0  stm32f10x_dac.o ABSOLUTE
    ..\..\Libraries\FWlib\src\stm32f10x_dbgmcu.c 0x00000000   Number         0  stm32f10x_dbgmcu.o ABSOLUTE
    ..\..\Libraries\FWlib\src\stm32f10x_dma.c 0x00000000   Number         0  stm32f10x_dma.o ABSOLUTE
    ..\..\Libraries\FWlib\src\stm32f10x_exti.c 0x00000000   Number         0  stm32f10x_exti.o ABSOLUTE
    ..\..\Libraries\FWlib\src\stm32f10x_flash.c 0x00000000   Number         0  stm32f10x_flash.o ABSOLUTE
    ..\..\Libraries\FWlib\src\stm32f10x_fsmc.c 0x00000000   Number         0  stm32f10x_fsmc.o ABSOLUTE
    ..\..\Libraries\FWlib\src\stm32f10x_gpio.c 0x00000000   Number         0  stm32f10x_gpio.o ABSOLUTE
    ..\..\Libraries\FWlib\src\stm32f10x_i2c.c 0x00000000   Number         0  stm32f10x_i2c.o ABSOLUTE
    ..\..\Libraries\FWlib\src\stm32f10x_iwdg.c 0x00000000   Number         0  stm32f10x_iwdg.o ABSOLUTE
    ..\..\Libraries\FWlib\src\stm32f10x_pwr.c 0x00000000   Number         0  stm32f10x_pwr.o ABSOLUTE
    ..\..\Libraries\FWlib\src\stm32f10x_rcc.c 0x00000000   Number         0  stm32f10x_rcc.o ABSOLUTE
    ..\..\Libraries\FWlib\src\stm32f10x_rtc.c 0x00000000   Number         0  stm32f10x_rtc.o ABSOLUTE
    ..\..\Libraries\FWlib\src\stm32f10x_sdio.c 0x00000000   Number         0  stm32f10x_sdio.o ABSOLUTE
    ..\..\Libraries\FWlib\src\stm32f10x_spi.c 0x00000000   Number         0  stm32f10x_spi.o ABSOLUTE
    ..\..\Libraries\FWlib\src\stm32f10x_tim.c 0x00000000   Number         0  stm32f10x_tim.o ABSOLUTE
    ..\..\Libraries\FWlib\src\stm32f10x_usart.c 0x00000000   Number         0  stm32f10x_usart.o ABSOLUTE
    ..\..\Libraries\FWlib\src\stm32f10x_wwdg.c 0x00000000   Number         0  stm32f10x_wwdg.o ABSOLUTE
    ..\..\nmea_decode\src\context.c          0x00000000   Number         0  context.o ABSOLUTE
    ..\..\nmea_decode\src\generate.c         0x00000000   Number         0  generate.o ABSOLUTE
    ..\..\nmea_decode\src\generator.c        0x00000000   Number         0  generator.o ABSOLUTE
    ..\..\nmea_decode\src\gmath.c            0x00000000   Number         0  gmath.o ABSOLUTE
    ..\..\nmea_decode\src\info.c             0x00000000   Number         0  info.o ABSOLUTE
    ..\..\nmea_decode\src\parse.c            0x00000000   Number         0  parse.o ABSOLUTE
    ..\..\nmea_decode\src\parser.c           0x00000000   Number         0  parser.o ABSOLUTE
    ..\..\nmea_decode\src\sentence.c         0x00000000   Number         0  sentence.o ABSOLUTE
    ..\..\nmea_decode\src\time.c             0x00000000   Number         0  time.o ABSOLUTE
    ..\..\nmea_decode\src\tok.c              0x00000000   Number         0  tok.o ABSOLUTE
    ..\\..\\Libraries\\CMSIS\\core_cm3.c     0x00000000   Number         0  core_cm3.o ABSOLUTE
    cdcmple.s                                0x00000000   Number         0  cdcmple.o ABSOLUTE
    cdrcmple.s                               0x00000000   Number         0  cdrcmple.o ABSOLUTE
    dc.s                                     0x00000000   Number         0  dc.o ABSOLUTE
    handlers.s                               0x00000000   Number         0  handlers.o ABSOLUTE
    init.s                                   0x00000000   Number         0  init.o ABSOLUTE
    RESET                                    0x08000000   Section      304  startup_stm32f10x_hd.o(RESET)
    .ARM.Collect$$$$00000000                 0x08000130   Section        0  entry.o(.ARM.Collect$$$$00000000)
    .ARM.Collect$$$$00000001                 0x08000130   Section        4  entry2.o(.ARM.Collect$$$$00000001)
    .ARM.Collect$$$$00000004                 0x08000134   Section        4  entry5.o(.ARM.Collect$$$$00000004)
    .ARM.Collect$$$$00000008                 0x08000138   Section        0  entry7b.o(.ARM.Collect$$$$00000008)
    .ARM.Collect$$$$0000000A                 0x08000138   Section        0  entry8b.o(.ARM.Collect$$$$0000000A)
    .ARM.Collect$$$$0000000B                 0x08000138   Section        8  entry9a.o(.ARM.Collect$$$$0000000B)
    .ARM.Collect$$$$0000000D                 0x08000140   Section        0  entry10a.o(.ARM.Collect$$$$0000000D)
    .ARM.Collect$$$$0000000F                 0x08000140   Section        0  entry11a.o(.ARM.Collect$$$$0000000F)
    .ARM.Collect$$$$00002712                 0x08000140   Section        4  entry2.o(.ARM.Collect$$$$00002712)
    __lit__00000000                          0x08000140   Data           4  entry2.o(.ARM.Collect$$$$00002712)
    .text                                    0x08000144   Section       36  startup_stm32f10x_hd.o(.text)
    .text                                    0x08000168   Section        0  memseta.o(.text)
    .text                                    0x0800018c   Section        0  dadd.o(.text)
    .text                                    0x080002da   Section        0  dmul.o(.text)
    .text                                    0x080003be   Section        0  ddiv.o(.text)
    .text                                    0x0800049c   Section       48  cdrcmple.o(.text)
    .text                                    0x080004cc   Section        0  uidiv.o(.text)
    .text                                    0x080004f8   Section        0  uldiv.o(.text)
    .text                                    0x0800055a   Section        0  llshl.o(.text)
    .text                                    0x08000578   Section        0  llushr.o(.text)
    .text                                    0x08000598   Section        0  llsshr.o(.text)
    .text                                    0x080005bc   Section        0  iusefp.o(.text)
    .text                                    0x080005bc   Section        0  depilogue.o(.text)
    .text                                    0x08000676   Section        0  dfixul.o(.text)
    .text                                    0x080006a8   Section       36  init.o(.text)
    i.BusFault_Handler                       0x080006cc   Section        0  stm32f10x_it.o(i.BusFault_Handler)
    i.DMA1_Channel3_IRQHandler               0x080006d0   Section        0  stm32f10x_it.o(i.DMA1_Channel3_IRQHandler)
    i.DMA1_Channel4_IRQHandler               0x080006d8   Section        0  stm32f10x_it.o(i.DMA1_Channel4_IRQHandler)
    i.DMA1_DATA_Trans_Task_OFF               0x080006e0   Section        0  bsp_uart.o(i.DMA1_DATA_Trans_Task_OFF)
    i.DMA_ClearFlag                          0x080006ec   Section        0  stm32f10x_dma.o(i.DMA_ClearFlag)
    i.DMA_Cmd                                0x08000708   Section        0  stm32f10x_dma.o(i.DMA_Cmd)
    i.DMA_DeInit                             0x08000720   Section        0  stm32f10x_dma.o(i.DMA_DeInit)
    i.DMA_GetITStatus                        0x0800086c   Section        0  stm32f10x_dma.o(i.DMA_GetITStatus)
    i.DMA_ITConfig                           0x08000898   Section        0  stm32f10x_dma.o(i.DMA_ITConfig)
    i.DMA_Init                               0x080008aa   Section        0  stm32f10x_dma.o(i.DMA_Init)
    i.DMA_Uart1_Init                         0x080008e8   Section        0  bsp_uart.o(i.DMA_Uart1_Init)
    i.DebugMon_Handler                       0x08000980   Section        0  stm32f10x_it.o(i.DebugMon_Handler)
    i.GPIO_Init                              0x08000982   Section        0  stm32f10x_gpio.o(i.GPIO_Init)
    i.GPIO_ResetBits                         0x08000a98   Section        0  stm32f10x_gpio.o(i.GPIO_ResetBits)
    i.GPIO_SetBits                           0x08000a9c   Section        0  stm32f10x_gpio.o(i.GPIO_SetBits)
    i.GPS_ProcessDMAIRQ                      0x08000aa0   Section        0  bsp_gps.o(i.GPS_ProcessDMAIRQ)
    i.HardFault_Handler                      0x08000adc   Section        0  stm32f10x_it.o(i.HardFault_Handler)
    i.Hardware_Test                          0x08000b00   Section        0  main.o(i.Hardware_Test)
    Hardware_Test                            0x08000b01   Thumb Code    48  main.o(i.Hardware_Test)
    i.MemManage_Handler                      0x08000b34   Section        0  stm32f10x_it.o(i.MemManage_Handler)
    i.NMI_Handler                            0x08000b38   Section        0  stm32f10x_it.o(i.NMI_Handler)
    i.NVIC_Configuration                     0x08000b3a   Section        0  bsp_timer.o(i.NVIC_Configuration)
    i.NVIC_Init                              0x08000b48   Section        0  misc.o(i.NVIC_Init)
    i.NVIC_PriorityGroupConfig               0x08000bb8   Section        0  misc.o(i.NVIC_PriorityGroupConfig)
    i.PendSV_Handler                         0x08000bcc   Section        0  stm32f10x_it.o(i.PendSV_Handler)
    i.RCC_AHBPeriphClockCmd                  0x08000bd0   Section        0  stm32f10x_rcc.o(i.RCC_AHBPeriphClockCmd)
    i.RCC_APB1PeriphClockCmd                 0x08000bf0   Section        0  stm32f10x_rcc.o(i.RCC_APB1PeriphClockCmd)
    i.RCC_APB1PeriphResetCmd                 0x08000c10   Section        0  stm32f10x_rcc.o(i.RCC_APB1PeriphResetCmd)
    i.RCC_APB2PeriphClockCmd                 0x08000c30   Section        0  stm32f10x_rcc.o(i.RCC_APB2PeriphClockCmd)
    i.RCC_APB2PeriphResetCmd                 0x08000c50   Section        0  stm32f10x_rcc.o(i.RCC_APB2PeriphResetCmd)
    i.RCC_GetClocksFreq                      0x08000c70   Section        0  stm32f10x_rcc.o(i.RCC_GetClocksFreq)
    i.Robort_Beep_Init                       0x08000d44   Section        0  app_beep.o(i.Robort_Beep_Init)
    i.Robort_Beep_Test                       0x08000d5e   Section        0  main.o(i.Robort_Beep_Test)
    Robort_Beep_Test                         0x08000d5f   Thumb Code     2  main.o(i.Robort_Beep_Test)
    i.Robort_Light_Init                      0x08000d60   Section        0  app_light.o(i.Robort_Light_Init)
    i.Robort_Light_Test                      0x08000d98   Section        0  main.o(i.Robort_Light_Test)
    Robort_Light_Test                        0x08000d99   Thumb Code     2  main.o(i.Robort_Light_Test)
    i.Robort_Motor_Init                      0x08000d9c   Section        0  app_motor.o(i.Robort_Motor_Init)
    i.Robort_Motor_Test                      0x08000e2c   Section        0  main.o(i.Robort_Motor_Test)
    Robort_Motor_Test                        0x08000e2d   Thumb Code     2  main.o(i.Robort_Motor_Test)
    i.Robort_Steer_Init                      0x08000e2e   Section        0  app_steer.o(i.Robort_Steer_Init)
    i.Robort_Steer_Test                      0x08000e82   Section        0  main.o(i.Robort_Steer_Test)
    Robort_Steer_Test                        0x08000e83   Thumb Code     2  main.o(i.Robort_Steer_Test)
    i.Robort_Uart_Init                       0x08000e84   Section        0  app_message.o(i.Robort_Uart_Init)
    i.STM32_GPIO_ConfgPin                    0x08000e8c   Section        0  bsp_gpio.o(i.STM32_GPIO_ConfgPin)
    i.STM32_GPIO_SetPin                      0x08001000   Section        0  bsp_gpio.o(i.STM32_GPIO_SetPin)
    i.STM32_TIMER2_PWMControl                0x080010f4   Section        0  bsp_pwm.o(i.STM32_TIMER2_PWMControl)
    i.STM32_TIMER3_PWMControl                0x08001174   Section        0  bsp_pwm.o(i.STM32_TIMER3_PWMControl)
    i.STM32_TIMER4_PWMControl                0x080011f0   Section        0  bsp_pwm.o(i.STM32_TIMER4_PWMControl)
    i.SVC_Handler                            0x0800126c   Section        0  stm32f10x_it.o(i.SVC_Handler)
    i.SetSysClock                            0x0800126e   Section        0  system_stm32f10x.o(i.SetSysClock)
    SetSysClock                              0x0800126f   Thumb Code     8  system_stm32f10x.o(i.SetSysClock)
    i.SetSysClockTo72                        0x08001278   Section        0  system_stm32f10x.o(i.SetSysClockTo72)
    SetSysClockTo72                          0x08001279   Thumb Code   214  system_stm32f10x.o(i.SetSysClockTo72)
    i.SysDelay_Init                          0x08001358   Section        0  app_sysdelay.o(i.SysDelay_Init)
    i.SysTick_CLKSourceConfig                0x08001360   Section        0  misc.o(i.SysTick_CLKSourceConfig)
    i.SysTick_Handler                        0x08001388   Section        0  stm32f10x_it.o(i.SysTick_Handler)
    i.SystemInit                             0x0800138c   Section        0  system_stm32f10x.o(i.SystemInit)
    i.TIM1_Int_Init                          0x080013ec   Section        0  bsp_timer.o(i.TIM1_Int_Init)
    i.TIM1_UP_IRQHandler                     0x0800144c   Section        0  bsp_timer.o(i.TIM1_UP_IRQHandler)
    i.TIM2_PWM_Init                          0x080014f4   Section        0  bsp_pwm.o(i.TIM2_PWM_Init)
    i.TIM3_PWM_Init                          0x080015e4   Section        0  bsp_pwm.o(i.TIM3_PWM_Init)
    i.TIM4_PWM_Init                          0x080016f4   Section        0  bsp_pwm.o(i.TIM4_PWM_Init)
    i.TIMER_Init                             0x080017e0   Section        0  bsp_timer.o(i.TIMER_Init)
    i.TIM_ARRPreloadConfig                   0x080017f2   Section        0  stm32f10x_tim.o(i.TIM_ARRPreloadConfig)
    i.TIM_ClearITPendingBit                  0x0800180a   Section        0  stm32f10x_tim.o(i.TIM_ClearITPendingBit)
    i.TIM_Cmd                                0x08001810   Section        0  stm32f10x_tim.o(i.TIM_Cmd)
    i.TIM_CtrlPWMOutputs                     0x08001828   Section        0  stm32f10x_tim.o(i.TIM_CtrlPWMOutputs)
    i.TIM_ITConfig                           0x08001846   Section        0  stm32f10x_tim.o(i.TIM_ITConfig)
    i.TIM_OC1Init                            0x08001858   Section        0  stm32f10x_tim.o(i.TIM_OC1Init)
    i.TIM_OC1PreloadConfig                   0x080018f0   Section        0  stm32f10x_tim.o(i.TIM_OC1PreloadConfig)
    i.TIM_OC2Init                            0x08001904   Section        0  stm32f10x_tim.o(i.TIM_OC2Init)
    i.TIM_OC2PreloadConfig                   0x080019a8   Section        0  stm32f10x_tim.o(i.TIM_OC2PreloadConfig)
    i.TIM_OC3Init                            0x080019c4   Section        0  stm32f10x_tim.o(i.TIM_OC3Init)
    i.TIM_OC3PreloadConfig                   0x08001a64   Section        0  stm32f10x_tim.o(i.TIM_OC3PreloadConfig)
    i.TIM_OC4Init                            0x08001a78   Section        0  stm32f10x_tim.o(i.TIM_OC4Init)
    i.TIM_OC4PreloadConfig                   0x08001af4   Section        0  stm32f10x_tim.o(i.TIM_OC4PreloadConfig)
    i.TIM_SetCompare1                        0x08001b0e   Section        0  stm32f10x_tim.o(i.TIM_SetCompare1)
    i.TIM_SetCompare2                        0x08001b12   Section        0  stm32f10x_tim.o(i.TIM_SetCompare2)
    i.TIM_SetCompare3                        0x08001b16   Section        0  stm32f10x_tim.o(i.TIM_SetCompare3)
    i.TIM_SetCompare4                        0x08001b1a   Section        0  stm32f10x_tim.o(i.TIM_SetCompare4)
    i.TIM_TimeBaseInit                       0x08001b20   Section        0  stm32f10x_tim.o(i.TIM_TimeBaseInit)
    i.UART1_Init                             0x08001bc4   Section        0  bsp_uart.o(i.UART1_Init)
    i.UART_Init                              0x08001c6c   Section        0  bsp_uart.o(i.UART_Init)
    i.USART1_IRQHandler                      0x08001c7c   Section        0  bsp_uart.o(i.USART1_IRQHandler)
    i.USART_Cmd                              0x08001ddc   Section        0  stm32f10x_usart.o(i.USART_Cmd)
    i.USART_DMACmd                           0x08001df4   Section        0  stm32f10x_usart.o(i.USART_DMACmd)
    i.USART_DeInit                           0x08001e08   Section        0  stm32f10x_usart.o(i.USART_DeInit)
    i.USART_GetFlagStatus                    0x08001ea4   Section        0  stm32f10x_usart.o(i.USART_GetFlagStatus)
    i.USART_GetITStatus                      0x08001ebe   Section        0  stm32f10x_usart.o(i.USART_GetITStatus)
    i.USART_ITConfig                         0x08001f12   Section        0  stm32f10x_usart.o(i.USART_ITConfig)
    i.USART_Init                             0x08001f5c   Section        0  stm32f10x_usart.o(i.USART_Init)
    i.USART_ReceiveData                      0x08002034   Section        0  stm32f10x_usart.o(i.USART_ReceiveData)
    i.USART_SendData                         0x0800203e   Section        0  stm32f10x_usart.o(i.USART_SendData)
    i.Upload_ProcessDMAIRQ                   0x08002046   Section        0  bsp_uart.o(i.Upload_ProcessDMAIRQ)
    i.UsageFault_Handler                     0x08002060   Section        0  stm32f10x_it.o(i.UsageFault_Handler)
    i.__0printf                              0x08002064   Section        0  printfa.o(i.__0printf)
    i.__scatterload_copy                     0x08002084   Section       14  handlers.o(i.__scatterload_copy)
    i.__scatterload_null                     0x08002092   Section        2  handlers.o(i.__scatterload_null)
    i.__scatterload_zeroinit                 0x08002094   Section       14  handlers.o(i.__scatterload_zeroinit)
    i._fp_digits                             0x080020a4   Section        0  printfa.o(i._fp_digits)
    _fp_digits                               0x080020a5   Thumb Code   334  printfa.o(i._fp_digits)
    i._printf_core                           0x08002208   Section        0  printfa.o(i._printf_core)
    _printf_core                             0x08002209   Thumb Code  1744  printfa.o(i._printf_core)
    i._printf_post_padding                   0x080028e4   Section        0  printfa.o(i._printf_post_padding)
    _printf_post_padding                     0x080028e5   Thumb Code    36  printfa.o(i._printf_post_padding)
    i._printf_pre_padding                    0x08002908   Section        0  printfa.o(i._printf_pre_padding)
    _printf_pre_padding                      0x08002909   Thumb Code    46  printfa.o(i._printf_pre_padding)
    i.delay_init                             0x08002938   Section        0  bsp_systick.o(i.delay_init)
    i.fputc                                  0x08002984   Section        0  bsp_uart.o(i.fputc)
    i.main                                   0x080029a8   Section        0  main.o(i.main)
    .data                                    0x20000000   Section       20  system_stm32f10x.o(.data)
    .data                                    0x20000014   Section       20  stm32f10x_rcc.o(.data)
    APBAHBPrescTable                         0x20000014   Data          16  stm32f10x_rcc.o(.data)
    ADCPrescTable                            0x20000024   Data           4  stm32f10x_rcc.o(.data)
    .data                                    0x20000028   Section       56  main.o(.data)
    Robort_Debug_Func                        0x20000028   Data          16  main.o(.data)
    .data                                    0x20000060   Section        9  bsp_timer.o(.data)
    Task_10ms                                0x20000060   Data           4  bsp_timer.o(.data)
    .data                                    0x2000006c   Section        8  bsp_systick.o(.data)
    fac_us                                   0x2000006c   Data           1  bsp_systick.o(.data)
    fac_ms                                   0x2000006e   Data           2  bsp_systick.o(.data)
    fac_systic                               0x20000070   Data           4  bsp_systick.o(.data)
    .data                                    0x20000074   Section       11  bsp_uart.o(.data)
    .data                                    0x2000007f   Section        2  bsp_gps.o(.data)
    .data                                    0x20000084   Section        4  stdout.o(.data)
    .bss                                     0x20000088   Section      150  bsp_uart.o(.bss)
    STACK                                    0x20000120   Section     1024  startup_stm32f10x_hd.o(STACK)

    Global Symbols

    Symbol Name                              Value     Ov Type        Size  Object(Section)

    BuildAttributes$$THM_ISAv4$P$D$K$B$S$PE$A:L22UL41UL21$X:L11$S22US41US21$IEEE1$IW$USESV6$~STKCKD$USESV7$~SHL$OTIME$ROPI$IEEEX$EBA8$MICROLIB$REQ8$PRES8$EABIv2 0x00000000   Number         0  anon$$obj.o ABSOLUTE
    __ARM_use_no_argv                        0x00000000   Number         0  main.o ABSOLUTE
    _printf_a                                0x00000000   Number         0  stubs.o ABSOLUTE
    _printf_c                                0x00000000   Number         0  stubs.o ABSOLUTE
    _printf_charcount                        0x00000000   Number         0  stubs.o ABSOLUTE
    _printf_d                                0x00000000   Number         0  stubs.o ABSOLUTE
    _printf_e                                0x00000000   Number         0  stubs.o ABSOLUTE
    _printf_f                                0x00000000   Number         0  stubs.o ABSOLUTE
    _printf_flags                            0x00000000   Number         0  stubs.o ABSOLUTE
    _printf_fp_dec                           0x00000000   Number         0  stubs.o ABSOLUTE
    _printf_fp_hex                           0x00000000   Number         0  stubs.o ABSOLUTE
    _printf_g                                0x00000000   Number         0  stubs.o ABSOLUTE
    _printf_i                                0x00000000   Number         0  stubs.o ABSOLUTE
    _printf_int_dec                          0x00000000   Number         0  stubs.o ABSOLUTE
    _printf_l                                0x00000000   Number         0  stubs.o ABSOLUTE
    _printf_lc                               0x00000000   Number         0  stubs.o ABSOLUTE
    _printf_ll                               0x00000000   Number         0  stubs.o ABSOLUTE
    _printf_lld                              0x00000000   Number         0  stubs.o ABSOLUTE
    _printf_lli                              0x00000000   Number         0  stubs.o ABSOLUTE
    _printf_llo                              0x00000000   Number         0  stubs.o ABSOLUTE
    _printf_llu                              0x00000000   Number         0  stubs.o ABSOLUTE
    _printf_llx                              0x00000000   Number         0  stubs.o ABSOLUTE
    _printf_longlong_dec                     0x00000000   Number         0  stubs.o ABSOLUTE
    _printf_longlong_hex                     0x00000000   Number         0  stubs.o ABSOLUTE
    _printf_longlong_oct                     0x00000000   Number         0  stubs.o ABSOLUTE
    _printf_ls                               0x00000000   Number         0  stubs.o ABSOLUTE
    _printf_mbtowc                           0x00000000   Number         0  stubs.o ABSOLUTE
    _printf_n                                0x00000000   Number         0  stubs.o ABSOLUTE
    _printf_o                                0x00000000   Number         0  stubs.o ABSOLUTE
    _printf_p                                0x00000000   Number         0  stubs.o ABSOLUTE
    _printf_percent                          0x00000000   Number         0  stubs.o ABSOLUTE
    _printf_pre_padding                      0x00000000   Number         0  stubs.o ABSOLUTE
    _printf_return_value                     0x00000000   Number         0  stubs.o ABSOLUTE
    _printf_s                                0x00000000   Number         0  stubs.o ABSOLUTE
    _printf_sizespec                         0x00000000   Number         0  stubs.o ABSOLUTE
    _printf_str                              0x00000000   Number         0  stubs.o ABSOLUTE
    _printf_truncate_signed                  0x00000000   Number         0  stubs.o ABSOLUTE
    _printf_truncate_unsigned                0x00000000   Number         0  stubs.o ABSOLUTE
    _printf_u                                0x00000000   Number         0  stubs.o ABSOLUTE
    _printf_wc                               0x00000000   Number         0  stubs.o ABSOLUTE
    _printf_wctomb                           0x00000000   Number         0  stubs.o ABSOLUTE
    _printf_widthprec                        0x00000000   Number         0  stubs.o ABSOLUTE
    _printf_x                                0x00000000   Number         0  stubs.o ABSOLUTE
    __cpp_initialize__aeabi_                  - Undefined Weak Reference
    __cxa_finalize                            - Undefined Weak Reference
    __decompress                              - Undefined Weak Reference
    _clock_init                               - Undefined Weak Reference
    _microlib_exit                            - Undefined Weak Reference
    __Vectors_Size                           0x00000130   Number         0  startup_stm32f10x_hd.o ABSOLUTE
    __Vectors                                0x08000000   Data           4  startup_stm32f10x_hd.o(RESET)
    __Vectors_End                            0x08000130   Data           0  startup_stm32f10x_hd.o(RESET)
    __main                                   0x08000131   Thumb Code     0  entry.o(.ARM.Collect$$$$00000000)
    _main_stk                                0x08000131   Thumb Code     0  entry2.o(.ARM.Collect$$$$00000001)
    _main_scatterload                        0x08000135   Thumb Code     0  entry5.o(.ARM.Collect$$$$00000004)
    __main_after_scatterload                 0x08000139   Thumb Code     0  entry5.o(.ARM.Collect$$$$00000004)
    _main_clock                              0x08000139   Thumb Code     0  entry7b.o(.ARM.Collect$$$$00000008)
    _main_cpp_init                           0x08000139   Thumb Code     0  entry8b.o(.ARM.Collect$$$$0000000A)
    _main_init                               0x08000139   Thumb Code     0  entry9a.o(.ARM.Collect$$$$0000000B)
    __rt_final_cpp                           0x08000141   Thumb Code     0  entry10a.o(.ARM.Collect$$$$0000000D)
    __rt_final_exit                          0x08000141   Thumb Code     0  entry11a.o(.ARM.Collect$$$$0000000F)
    Reset_Handler                            0x08000145   Thumb Code     8  startup_stm32f10x_hd.o(.text)
    ADC1_2_IRQHandler                        0x0800015f   Thumb Code     0  startup_stm32f10x_hd.o(.text)
    ADC3_IRQHandler                          0x0800015f   Thumb Code     0  startup_stm32f10x_hd.o(.text)
    CAN1_RX1_IRQHandler                      0x0800015f   Thumb Code     0  startup_stm32f10x_hd.o(.text)
    CAN1_SCE_IRQHandler                      0x0800015f   Thumb Code     0  startup_stm32f10x_hd.o(.text)
    DMA1_Channel1_IRQHandler                 0x0800015f   Thumb Code     0  startup_stm32f10x_hd.o(.text)
    DMA1_Channel2_IRQHandler                 0x0800015f   Thumb Code     0  startup_stm32f10x_hd.o(.text)
    DMA1_Channel5_IRQHandler                 0x0800015f   Thumb Code     0  startup_stm32f10x_hd.o(.text)
    DMA1_Channel6_IRQHandler                 0x0800015f   Thumb Code     0  startup_stm32f10x_hd.o(.text)
    DMA1_Channel7_IRQHandler                 0x0800015f   Thumb Code     0  startup_stm32f10x_hd.o(.text)
    DMA2_Channel1_IRQHandler                 0x0800015f   Thumb Code     0  startup_stm32f10x_hd.o(.text)
    DMA2_Channel2_IRQHandler                 0x0800015f   Thumb Code     0  startup_stm32f10x_hd.o(.text)
    DMA2_Channel3_IRQHandler                 0x0800015f   Thumb Code     0  startup_stm32f10x_hd.o(.text)
    DMA2_Channel4_5_IRQHandler               0x0800015f   Thumb Code     0  startup_stm32f10x_hd.o(.text)
    EXTI0_IRQHandler                         0x0800015f   Thumb Code     0  startup_stm32f10x_hd.o(.text)
    EXTI15_10_IRQHandler                     0x0800015f   Thumb Code     0  startup_stm32f10x_hd.o(.text)
    EXTI1_IRQHandler                         0x0800015f   Thumb Code     0  startup_stm32f10x_hd.o(.text)
    EXTI2_IRQHandler                         0x0800015f   Thumb Code     0  startup_stm32f10x_hd.o(.text)
    EXTI3_IRQHandler                         0x0800015f   Thumb Code     0  startup_stm32f10x_hd.o(.text)
    EXTI4_IRQHandler                         0x0800015f   Thumb Code     0  startup_stm32f10x_hd.o(.text)
    EXTI9_5_IRQHandler                       0x0800015f   Thumb Code     0  startup_stm32f10x_hd.o(.text)
    FLASH_IRQHandler                         0x0800015f   Thumb Code     0  startup_stm32f10x_hd.o(.text)
    FSMC_IRQHandler                          0x0800015f   Thumb Code     0  startup_stm32f10x_hd.o(.text)
    I2C1_ER_IRQHandler                       0x0800015f   Thumb Code     0  startup_stm32f10x_hd.o(.text)
    I2C1_EV_IRQHandler                       0x0800015f   Thumb Code     0  startup_stm32f10x_hd.o(.text)
    I2C2_ER_IRQHandler                       0x0800015f   Thumb Code     0  startup_stm32f10x_hd.o(.text)
    I2C2_EV_IRQHandler                       0x0800015f   Thumb Code     0  startup_stm32f10x_hd.o(.text)
    PVD_IRQHandler                           0x0800015f   Thumb Code     0  startup_stm32f10x_hd.o(.text)
    RCC_IRQHandler                           0x0800015f   Thumb Code     0  startup_stm32f10x_hd.o(.text)
    RTCAlarm_IRQHandler                      0x0800015f   Thumb Code     0  startup_stm32f10x_hd.o(.text)
    RTC_IRQHandler                           0x0800015f   Thumb Code     0  startup_stm32f10x_hd.o(.text)
    SDIO_IRQHandler                          0x0800015f   Thumb Code     0  startup_stm32f10x_hd.o(.text)
    SPI1_IRQHandler                          0x0800015f   Thumb Code     0  startup_stm32f10x_hd.o(.text)
    SPI2_IRQHandler                          0x0800015f   Thumb Code     0  startup_stm32f10x_hd.o(.text)
    SPI3_IRQHandler                          0x0800015f   Thumb Code     0  startup_stm32f10x_hd.o(.text)
    TAMPER_IRQHandler                        0x0800015f   Thumb Code     0  startup_stm32f10x_hd.o(.text)
    TIM1_BRK_IRQHandler                      0x0800015f   Thumb Code     0  startup_stm32f10x_hd.o(.text)
    TIM1_CC_IRQHandler                       0x0800015f   Thumb Code     0  startup_stm32f10x_hd.o(.text)
    TIM1_TRG_COM_IRQHandler                  0x0800015f   Thumb Code     0  startup_stm32f10x_hd.o(.text)
    TIM2_IRQHandler                          0x0800015f   Thumb Code     0  startup_stm32f10x_hd.o(.text)
    TIM3_IRQHandler                          0x0800015f   Thumb Code     0  startup_stm32f10x_hd.o(.text)
    TIM4_IRQHandler                          0x0800015f   Thumb Code     0  startup_stm32f10x_hd.o(.text)
    TIM5_IRQHandler                          0x0800015f   Thumb Code     0  startup_stm32f10x_hd.o(.text)
    TIM6_IRQHandler                          0x0800015f   Thumb Code     0  startup_stm32f10x_hd.o(.text)
    TIM7_IRQHandler                          0x0800015f   Thumb Code     0  startup_stm32f10x_hd.o(.text)
    TIM8_BRK_IRQHandler                      0x0800015f   Thumb Code     0  startup_stm32f10x_hd.o(.text)
    TIM8_CC_IRQHandler                       0x0800015f   Thumb Code     0  startup_stm32f10x_hd.o(.text)
    TIM8_TRG_COM_IRQHandler                  0x0800015f   Thumb Code     0  startup_stm32f10x_hd.o(.text)
    TIM8_UP_IRQHandler                       0x0800015f   Thumb Code     0  startup_stm32f10x_hd.o(.text)
    UART4_IRQHandler                         0x0800015f   Thumb Code     0  startup_stm32f10x_hd.o(.text)
    UART5_IRQHandler                         0x0800015f   Thumb Code     0  startup_stm32f10x_hd.o(.text)
    USART2_IRQHandler                        0x0800015f   Thumb Code     0  startup_stm32f10x_hd.o(.text)
    USART3_IRQHandler                        0x0800015f   Thumb Code     0  startup_stm32f10x_hd.o(.text)
    USBWakeUp_IRQHandler                     0x0800015f   Thumb Code     0  startup_stm32f10x_hd.o(.text)
    USB_HP_CAN1_TX_IRQHandler                0x0800015f   Thumb Code     0  startup_stm32f10x_hd.o(.text)
    USB_LP_CAN1_RX0_IRQHandler               0x0800015f   Thumb Code     0  startup_stm32f10x_hd.o(.text)
    WWDG_IRQHandler                          0x0800015f   Thumb Code     0  startup_stm32f10x_hd.o(.text)
    __aeabi_memset                           0x08000169   Thumb Code    14  memseta.o(.text)
    __aeabi_memset4                          0x08000169   Thumb Code     0  memseta.o(.text)
    __aeabi_memset8                          0x08000169   Thumb Code     0  memseta.o(.text)
    __aeabi_memclr                           0x08000177   Thumb Code     4  memseta.o(.text)
    __aeabi_memclr4                          0x08000177   Thumb Code     0  memseta.o(.text)
    __aeabi_memclr8                          0x08000177   Thumb Code     0  memseta.o(.text)
    _memset$wrapper                          0x0800017b   Thumb Code    18  memseta.o(.text)
    __aeabi_dadd                             0x0800018d   Thumb Code   322  dadd.o(.text)
    __aeabi_dsub                             0x080002cf   Thumb Code     6  dadd.o(.text)
    __aeabi_drsub                            0x080002d5   Thumb Code     6  dadd.o(.text)
    __aeabi_dmul                             0x080002db   Thumb Code   228  dmul.o(.text)
    __aeabi_ddiv                             0x080003bf   Thumb Code   222  ddiv.o(.text)
    __aeabi_cdrcmple                         0x0800049d   Thumb Code    48  cdrcmple.o(.text)
    __aeabi_uidiv                            0x080004cd   Thumb Code     0  uidiv.o(.text)
    __aeabi_uidivmod                         0x080004cd   Thumb Code    44  uidiv.o(.text)
    __aeabi_uldivmod                         0x080004f9   Thumb Code    98  uldiv.o(.text)
    __aeabi_llsl                             0x0800055b   Thumb Code    30  llshl.o(.text)
    _ll_shift_l                              0x0800055b   Thumb Code     0  llshl.o(.text)
    __aeabi_llsr                             0x08000579   Thumb Code    32  llushr.o(.text)
    _ll_ushift_r                             0x08000579   Thumb Code     0  llushr.o(.text)
    __aeabi_lasr                             0x08000599   Thumb Code    36  llsshr.o(.text)
    _ll_sshift_r                             0x08000599   Thumb Code     0  llsshr.o(.text)
    __I$use$fp                               0x080005bd   Thumb Code     0  iusefp.o(.text)
    _double_round                            0x080005bd   Thumb Code    30  depilogue.o(.text)
    _double_epilogue                         0x080005db   Thumb Code   156  depilogue.o(.text)
    __aeabi_d2ulz                            0x08000677   Thumb Code    48  dfixul.o(.text)
    __scatterload                            0x080006a9   Thumb Code    28  init.o(.text)
    __scatterload_rt2                        0x080006a9   Thumb Code     0  init.o(.text)
    BusFault_Handler                         0x080006cd   Thumb Code     4  stm32f10x_it.o(i.BusFault_Handler)
    DMA1_Channel3_IRQHandler                 0x080006d1   Thumb Code     8  stm32f10x_it.o(i.DMA1_Channel3_IRQHandler)
    DMA1_Channel4_IRQHandler                 0x080006d9   Thumb Code     8  stm32f10x_it.o(i.DMA1_Channel4_IRQHandler)
    DMA1_DATA_Trans_Task_OFF                 0x080006e1   Thumb Code     8  bsp_uart.o(i.DMA1_DATA_Trans_Task_OFF)
    DMA_ClearFlag                            0x080006ed   Thumb Code    18  stm32f10x_dma.o(i.DMA_ClearFlag)
    DMA_Cmd                                  0x08000709   Thumb Code    24  stm32f10x_dma.o(i.DMA_Cmd)
    DMA_DeInit                               0x08000721   Thumb Code   324  stm32f10x_dma.o(i.DMA_DeInit)
    DMA_GetITStatus                          0x0800086d   Thumb Code    36  stm32f10x_dma.o(i.DMA_GetITStatus)
    DMA_ITConfig                             0x08000899   Thumb Code    18  stm32f10x_dma.o(i.DMA_ITConfig)
    DMA_Init                                 0x080008ab   Thumb Code    60  stm32f10x_dma.o(i.DMA_Init)
    DMA_Uart1_Init                           0x080008e9   Thumb Code   140  bsp_uart.o(i.DMA_Uart1_Init)
    DebugMon_Handler                         0x08000981   Thumb Code     2  stm32f10x_it.o(i.DebugMon_Handler)
    GPIO_Init                                0x08000983   Thumb Code   278  stm32f10x_gpio.o(i.GPIO_Init)
    GPIO_ResetBits                           0x08000a99   Thumb Code     4  stm32f10x_gpio.o(i.GPIO_ResetBits)
    GPIO_SetBits                             0x08000a9d   Thumb Code     4  stm32f10x_gpio.o(i.GPIO_SetBits)
    GPS_ProcessDMAIRQ                        0x08000aa1   Thumb Code    50  bsp_gps.o(i.GPS_ProcessDMAIRQ)
    HardFault_Handler                        0x08000add   Thumb Code    10  stm32f10x_it.o(i.HardFault_Handler)
    MemManage_Handler                        0x08000b35   Thumb Code     4  stm32f10x_it.o(i.MemManage_Handler)
    NMI_Handler                              0x08000b39   Thumb Code     2  stm32f10x_it.o(i.NMI_Handler)
    NVIC_Configuration                       0x08000b3b   Thumb Code    12  bsp_timer.o(i.NVIC_Configuration)
    NVIC_Init                                0x08000b49   Thumb Code   100  misc.o(i.NVIC_Init)
    NVIC_PriorityGroupConfig                 0x08000bb9   Thumb Code    10  misc.o(i.NVIC_PriorityGroupConfig)
    PendSV_Handler                           0x08000bcd   Thumb Code     2  stm32f10x_it.o(i.PendSV_Handler)
    RCC_AHBPeriphClockCmd                    0x08000bd1   Thumb Code    26  stm32f10x_rcc.o(i.RCC_AHBPeriphClockCmd)
    RCC_APB1PeriphClockCmd                   0x08000bf1   Thumb Code    26  stm32f10x_rcc.o(i.RCC_APB1PeriphClockCmd)
    RCC_APB1PeriphResetCmd                   0x08000c11   Thumb Code    26  stm32f10x_rcc.o(i.RCC_APB1PeriphResetCmd)
    RCC_APB2PeriphClockCmd                   0x08000c31   Thumb Code    26  stm32f10x_rcc.o(i.RCC_APB2PeriphClockCmd)
    RCC_APB2PeriphResetCmd                   0x08000c51   Thumb Code    26  stm32f10x_rcc.o(i.RCC_APB2PeriphResetCmd)
    RCC_GetClocksFreq                        0x08000c71   Thumb Code   192  stm32f10x_rcc.o(i.RCC_GetClocksFreq)
    Robort_Beep_Init                         0x08000d45   Thumb Code    26  app_beep.o(i.Robort_Beep_Init)
    Robort_Light_Init                        0x08000d61   Thumb Code    50  app_light.o(i.Robort_Light_Init)
    Robort_Motor_Init                        0x08000d9d   Thumb Code   138  app_motor.o(i.Robort_Motor_Init)
    Robort_Steer_Init                        0x08000e2f   Thumb Code    84  app_steer.o(i.Robort_Steer_Init)
    Robort_Uart_Init                         0x08000e85   Thumb Code     8  app_message.o(i.Robort_Uart_Init)
    STM32_GPIO_ConfgPin                      0x08000e8d   Thumb Code   368  bsp_gpio.o(i.STM32_GPIO_ConfgPin)
    STM32_GPIO_SetPin                        0x08001001   Thumb Code   216  bsp_gpio.o(i.STM32_GPIO_SetPin)
    STM32_TIMER2_PWMControl                  0x080010f5   Thumb Code   128  bsp_pwm.o(i.STM32_TIMER2_PWMControl)
    STM32_TIMER3_PWMControl                  0x08001175   Thumb Code   118  bsp_pwm.o(i.STM32_TIMER3_PWMControl)
    STM32_TIMER4_PWMControl                  0x080011f1   Thumb Code   118  bsp_pwm.o(i.STM32_TIMER4_PWMControl)
    SVC_Handler                              0x0800126d   Thumb Code     2  stm32f10x_it.o(i.SVC_Handler)
    SysDelay_Init                            0x08001359   Thumb Code     8  app_sysdelay.o(i.SysDelay_Init)
    SysTick_CLKSourceConfig                  0x08001361   Thumb Code    40  misc.o(i.SysTick_CLKSourceConfig)
    SysTick_Handler                          0x08001389   Thumb Code     2  stm32f10x_it.o(i.SysTick_Handler)
    SystemInit                               0x0800138d   Thumb Code    78  system_stm32f10x.o(i.SystemInit)
    TIM1_Int_Init                            0x080013ed   Thumb Code    92  bsp_timer.o(i.TIM1_Int_Init)
    TIM1_UP_IRQHandler                       0x0800144d   Thumb Code   140  bsp_timer.o(i.TIM1_UP_IRQHandler)
    TIM2_PWM_Init                            0x080014f5   Thumb Code   234  bsp_pwm.o(i.TIM2_PWM_Init)
    TIM3_PWM_Init                            0x080015e5   Thumb Code   258  bsp_pwm.o(i.TIM3_PWM_Init)
    TIM4_PWM_Init                            0x080016f5   Thumb Code   226  bsp_pwm.o(i.TIM4_PWM_Init)
    TIMER_Init                               0x080017e1   Thumb Code    18  bsp_timer.o(i.TIMER_Init)
    TIM_ARRPreloadConfig                     0x080017f3   Thumb Code    24  stm32f10x_tim.o(i.TIM_ARRPreloadConfig)
    TIM_ClearITPendingBit                    0x0800180b   Thumb Code     6  stm32f10x_tim.o(i.TIM_ClearITPendingBit)
    TIM_Cmd                                  0x08001811   Thumb Code    24  stm32f10x_tim.o(i.TIM_Cmd)
    TIM_CtrlPWMOutputs                       0x08001829   Thumb Code    30  stm32f10x_tim.o(i.TIM_CtrlPWMOutputs)
    TIM_ITConfig                             0x08001847   Thumb Code    18  stm32f10x_tim.o(i.TIM_ITConfig)
    TIM_OC1Init                              0x08001859   Thumb Code   132  stm32f10x_tim.o(i.TIM_OC1Init)
    TIM_OC1PreloadConfig                     0x080018f1   Thumb Code    18  stm32f10x_tim.o(i.TIM_OC1PreloadConfig)
    TIM_OC2Init                              0x08001905   Thumb Code   154  stm32f10x_tim.o(i.TIM_OC2Init)
    TIM_OC2PreloadConfig                     0x080019a9   Thumb Code    26  stm32f10x_tim.o(i.TIM_OC2PreloadConfig)
    TIM_OC3Init                              0x080019c5   Thumb Code   150  stm32f10x_tim.o(i.TIM_OC3Init)
    TIM_OC3PreloadConfig                     0x08001a65   Thumb Code    18  stm32f10x_tim.o(i.TIM_OC3PreloadConfig)
    TIM_OC4Init                              0x08001a79   Thumb Code   114  stm32f10x_tim.o(i.TIM_OC4Init)
    TIM_OC4PreloadConfig                     0x08001af5   Thumb Code    26  stm32f10x_tim.o(i.TIM_OC4PreloadConfig)
    TIM_SetCompare1                          0x08001b0f   Thumb Code     4  stm32f10x_tim.o(i.TIM_SetCompare1)
    TIM_SetCompare2                          0x08001b13   Thumb Code     4  stm32f10x_tim.o(i.TIM_SetCompare2)
    TIM_SetCompare3                          0x08001b17   Thumb Code     4  stm32f10x_tim.o(i.TIM_SetCompare3)
    TIM_SetCompare4                          0x08001b1b   Thumb Code     6  stm32f10x_tim.o(i.TIM_SetCompare4)
    TIM_TimeBaseInit                         0x08001b21   Thumb Code   122  stm32f10x_tim.o(i.TIM_TimeBaseInit)
    UART1_Init                               0x08001bc5   Thumb Code   158  bsp_uart.o(i.UART1_Init)
    UART_Init                                0x08001c6d   Thumb Code    16  bsp_uart.o(i.UART_Init)
    USART1_IRQHandler                        0x08001c7d   Thumb Code   312  bsp_uart.o(i.USART1_IRQHandler)
    USART_Cmd                                0x08001ddd   Thumb Code    24  stm32f10x_usart.o(i.USART_Cmd)
    USART_DMACmd                             0x08001df5   Thumb Code    18  stm32f10x_usart.o(i.USART_DMACmd)
    USART_DeInit                             0x08001e09   Thumb Code   134  stm32f10x_usart.o(i.USART_DeInit)
    USART_GetFlagStatus                      0x08001ea5   Thumb Code    26  stm32f10x_usart.o(i.USART_GetFlagStatus)
    USART_GetITStatus                        0x08001ebf   Thumb Code    84  stm32f10x_usart.o(i.USART_GetITStatus)
    USART_ITConfig                           0x08001f13   Thumb Code    74  stm32f10x_usart.o(i.USART_ITConfig)
    USART_Init                               0x08001f5d   Thumb Code   210  stm32f10x_usart.o(i.USART_Init)
    USART_ReceiveData                        0x08002035   Thumb Code    10  stm32f10x_usart.o(i.USART_ReceiveData)
    USART_SendData                           0x0800203f   Thumb Code     8  stm32f10x_usart.o(i.USART_SendData)
    Upload_ProcessDMAIRQ                     0x08002047   Thumb Code    26  bsp_uart.o(i.Upload_ProcessDMAIRQ)
    UsageFault_Handler                       0x08002061   Thumb Code     4  stm32f10x_it.o(i.UsageFault_Handler)
    __0printf                                0x08002065   Thumb Code    22  printfa.o(i.__0printf)
    __1printf                                0x08002065   Thumb Code     0  printfa.o(i.__0printf)
    __2printf                                0x08002065   Thumb Code     0  printfa.o(i.__0printf)
    __c89printf                              0x08002065   Thumb Code     0  printfa.o(i.__0printf)
    printf                                   0x08002065   Thumb Code     0  printfa.o(i.__0printf)
    __scatterload_copy                       0x08002085   Thumb Code    14  handlers.o(i.__scatterload_copy)
    __scatterload_null                       0x08002093   Thumb Code     2  handlers.o(i.__scatterload_null)
    __scatterload_zeroinit                   0x08002095   Thumb Code    14  handlers.o(i.__scatterload_zeroinit)
    delay_init                               0x08002939   Thumb Code    56  bsp_systick.o(i.delay_init)
    fputc                                    0x08002985   Thumb Code    32  bsp_uart.o(i.fputc)
    main                                     0x080029a9   Thumb Code    38  main.o(i.main)
    Region$$Table$$Base                      0x080029d0   Number         0  anon$$obj.o(Region$$Table)
    Region$$Table$$Limit                     0x080029f0   Number         0  anon$$obj.o(Region$$Table)
    SystemCoreClock                          0x20000000   Data           4  system_stm32f10x.o(.data)
    AHBPrescTable                            0x20000004   Data          16  system_stm32f10x.o(.data)
    u                                        0x20000038   Data          20  main.o(.data)
    w                                        0x2000004c   Data          20  main.o(.data)
    Task_20ms                                0x20000064   Data           1  bsp_timer.o(.data)
    Task_50ms                                0x20000065   Data           1  bsp_timer.o(.data)
    Task_100ms                               0x20000066   Data           1  bsp_timer.o(.data)
    Task_500ms                               0x20000067   Data           1  bsp_timer.o(.data)
    Task_1s                                  0x20000068   Data           1  bsp_timer.o(.data)
    Task_Uart1_Rx                            0x20000074   Data           1  bsp_uart.o(.data)
    Tx_Ptr                                   0x20000075   Data           1  bsp_uart.o(.data)
    Rx_Ptr                                   0x20000076   Data           1  bsp_uart.o(.data)
    Tx_Tail                                  0x20000077   Data           1  bsp_uart.o(.data)
    Rx_Tail                                  0x20000078   Data           1  bsp_uart.o(.data)
    Rx_Step                                  0x20000079   Data           1  bsp_uart.o(.data)
    Tx_Count                                 0x2000007a   Data           1  bsp_uart.o(.data)
    Rx_Count                                 0x2000007b   Data           1  bsp_uart.o(.data)
    Temp                                     0x2000007c   Data           1  bsp_uart.o(.data)
    i                                        0x2000007d   Data           1  bsp_uart.o(.data)
    DMA1_Uart_Status                         0x2000007e   Data           1  bsp_uart.o(.data)
    GPS_TransferEnd                          0x2000007f   Data           1  bsp_gps.o(.data)
    GPS_HalfTransferEnd                      0x20000080   Data           1  bsp_gps.o(.data)
    __stdout                                 0x20000084   Data           4  stdout.o(.data)
    Tx_Buffer                                0x20000088   Data          50  bsp_uart.o(.bss)
    Rx_Buffer                                0x200000ba   Data          50  bsp_uart.o(.bss)
    Rx_Process_Buffer                        0x200000ec   Data          50  bsp_uart.o(.bss)
    __initial_sp                             0x20000520   Data           0  startup_stm32f10x_hd.o(STACK)



==============================================================================

Memory Map of the image

  Image Entry point : 0x08000131

  Load Region LR_IROM1 (Base: 0x08000000, Size: 0x00002a78, Max: 0x00020000, ABSOLUTE)

    Execution Region ER_IROM1 (Base: 0x08000000, Size: 0x000029f0, Max: 0x00020000, ABSOLUTE)

    Base Addr    Size         Type   Attr      Idx    E Section Name        Object

    0x08000000   0x00000130   Data   RO            3    RESET               startup_stm32f10x_hd.o
    0x08000130   0x00000000   Code   RO         4904  * .ARM.Collect$$$$00000000  mc_w.l(entry.o)
    0x08000130   0x00000004   Code   RO         5300    .ARM.Collect$$$$00000001  mc_w.l(entry2.o)
    0x08000134   0x00000004   Code   RO         5303    .ARM.Collect$$$$00000004  mc_w.l(entry5.o)
    0x08000138   0x00000000   Code   RO         5305    .ARM.Collect$$$$00000008  mc_w.l(entry7b.o)
    0x08000138   0x00000000   Code   RO         5307    .ARM.Collect$$$$0000000A  mc_w.l(entry8b.o)
    0x08000138   0x00000008   Code   RO         5308    .ARM.Collect$$$$0000000B  mc_w.l(entry9a.o)
    0x08000140   0x00000000   Code   RO         5310    .ARM.Collect$$$$0000000D  mc_w.l(entry10a.o)
    0x08000140   0x00000000   Code   RO         5312    .ARM.Collect$$$$0000000F  mc_w.l(entry11a.o)
    0x08000140   0x00000004   Code   RO         5301    .ARM.Collect$$$$00002712  mc_w.l(entry2.o)
    0x08000144   0x00000024   Code   RO            4    .text               startup_stm32f10x_hd.o
    0x08000168   0x00000024   Code   RO         4940    .text               mc_w.l(memseta.o)
    0x0800018c   0x0000014e   Code   RO         5241    .text               mf_w.l(dadd.o)
    0x080002da   0x000000e4   Code   RO         5243    .text               mf_w.l(dmul.o)
    0x080003be   0x000000de   Code   RO         5245    .text               mf_w.l(ddiv.o)
    0x0800049c   0x00000030   Code   RO         5259    .text               mf_w.l(cdrcmple.o)
    0x080004cc   0x0000002c   Code   RO         5315    .text               mc_w.l(uidiv.o)
    0x080004f8   0x00000062   Code   RO         5317    .text               mc_w.l(uldiv.o)
    0x0800055a   0x0000001e   Code   RO         5319    .text               mc_w.l(llshl.o)
    0x08000578   0x00000020   Code   RO         5321    .text               mc_w.l(llushr.o)
    0x08000598   0x00000024   Code   RO         5323    .text               mc_w.l(llsshr.o)
    0x080005bc   0x00000000   Code   RO         5338    .text               mc_w.l(iusefp.o)
    0x080005bc   0x000000ba   Code   RO         5341    .text               mf_w.l(depilogue.o)
    0x08000676   0x00000030   Code   RO         5347    .text               mf_w.l(dfixul.o)
    0x080006a6   0x00000002   PAD
    0x080006a8   0x00000024   Code   RO         5349    .text               mc_w.l(init.o)
    0x080006cc   0x00000004   Code   RO         3253    i.BusFault_Handler  stm32f10x_it.o
    0x080006d0   0x00000008   Code   RO         3254    i.DMA1_Channel3_IRQHandler  stm32f10x_it.o
    0x080006d8   0x00000008   Code   RO         3255    i.DMA1_Channel4_IRQHandler  stm32f10x_it.o
    0x080006e0   0x0000000c   Code   RO         3822    i.DMA1_DATA_Trans_Task_OFF  bsp_uart.o
    0x080006ec   0x0000001c   Code   RO          836    i.DMA_ClearFlag     stm32f10x_dma.o
    0x08000708   0x00000018   Code   RO          838    i.DMA_Cmd           stm32f10x_dma.o
    0x08000720   0x0000014c   Code   RO          839    i.DMA_DeInit        stm32f10x_dma.o
    0x0800086c   0x0000002c   Code   RO          842    i.DMA_GetITStatus   stm32f10x_dma.o
    0x08000898   0x00000012   Code   RO          843    i.DMA_ITConfig      stm32f10x_dma.o
    0x080008aa   0x0000003c   Code   RO          844    i.DMA_Init          stm32f10x_dma.o
    0x080008e6   0x00000002   PAD
    0x080008e8   0x00000098   Code   RO         3825    i.DMA_Uart1_Init    bsp_uart.o
    0x08000980   0x00000002   Code   RO         3256    i.DebugMon_Handler  stm32f10x_it.o
    0x08000982   0x00000116   Code   RO         1271    i.GPIO_Init         stm32f10x_gpio.o
    0x08000a98   0x00000004   Code   RO         1278    i.GPIO_ResetBits    stm32f10x_gpio.o
    0x08000a9c   0x00000004   Code   RO         1279    i.GPIO_SetBits      stm32f10x_gpio.o
    0x08000aa0   0x0000003c   Code   RO         4048    i.GPS_ProcessDMAIRQ  bsp_gps.o
    0x08000adc   0x00000024   Code   RO         3257    i.HardFault_Handler  stm32f10x_it.o
    0x08000b00   0x00000034   Code   RO         3108    i.Hardware_Test     main.o
    0x08000b34   0x00000004   Code   RO         3258    i.MemManage_Handler  stm32f10x_it.o
    0x08000b38   0x00000002   Code   RO         3259    i.NMI_Handler       stm32f10x_it.o
    0x08000b3a   0x0000000c   Code   RO         3717    i.NVIC_Configuration  bsp_timer.o
    0x08000b46   0x00000002   PAD
    0x08000b48   0x00000070   Code   RO           89    i.NVIC_Init         misc.o
    0x08000bb8   0x00000014   Code   RO           90    i.NVIC_PriorityGroupConfig  misc.o
    0x08000bcc   0x00000002   Code   RO         3260    i.PendSV_Handler    stm32f10x_it.o
    0x08000bce   0x00000002   PAD
    0x08000bd0   0x00000020   Code   RO         1695    i.RCC_AHBPeriphClockCmd  stm32f10x_rcc.o
    0x08000bf0   0x00000020   Code   RO         1696    i.RCC_APB1PeriphClockCmd  stm32f10x_rcc.o
    0x08000c10   0x00000020   Code   RO         1697    i.RCC_APB1PeriphResetCmd  stm32f10x_rcc.o
    0x08000c30   0x00000020   Code   RO         1698    i.RCC_APB2PeriphClockCmd  stm32f10x_rcc.o
    0x08000c50   0x00000020   Code   RO         1699    i.RCC_APB2PeriphResetCmd  stm32f10x_rcc.o
    0x08000c70   0x000000d4   Code   RO         1706    i.RCC_GetClocksFreq  stm32f10x_rcc.o
    0x08000d44   0x0000001a   Code   RO         3396    i.Robort_Beep_Init  app_beep.o
    0x08000d5e   0x00000002   Code   RO         3109    i.Robort_Beep_Test  main.o
    0x08000d60   0x00000038   Code   RO         3416    i.Robort_Light_Init  app_light.o
    0x08000d98   0x00000002   Code   RO         3110    i.Robort_Light_Test  main.o
    0x08000d9a   0x00000002   PAD
    0x08000d9c   0x00000090   Code   RO         3481    i.Robort_Motor_Init  app_motor.o
    0x08000e2c   0x00000002   Code   RO         3111    i.Robort_Motor_Test  main.o
    0x08000e2e   0x00000054   Code   RO         3333    i.Robort_Steer_Init  app_steer.o
    0x08000e82   0x00000002   Code   RO         3112    i.Robort_Steer_Test  main.o
    0x08000e84   0x00000008   Code   RO         3445    i.Robort_Uart_Init  app_message.o
    0x08000e8c   0x00000174   Code   RO         4027    i.STM32_GPIO_ConfgPin  bsp_gpio.o
    0x08001000   0x000000f4   Code   RO         4028    i.STM32_GPIO_SetPin  bsp_gpio.o
    0x080010f4   0x00000080   Code   RO         3930    i.STM32_TIMER2_PWMControl  bsp_pwm.o
    0x08001174   0x0000007c   Code   RO         3931    i.STM32_TIMER3_PWMControl  bsp_pwm.o
    0x080011f0   0x0000007c   Code   RO         3932    i.STM32_TIMER4_PWMControl  bsp_pwm.o
    0x0800126c   0x00000002   Code   RO         3261    i.SVC_Handler       stm32f10x_it.o
    0x0800126e   0x00000008   Code   RO           24    i.SetSysClock       system_stm32f10x.o
    0x08001276   0x00000002   PAD
    0x08001278   0x000000e0   Code   RO           25    i.SetSysClockTo72   system_stm32f10x.o
    0x08001358   0x00000008   Code   RO         3687    i.SysDelay_Init     app_sysdelay.o
    0x08001360   0x00000028   Code   RO           93    i.SysTick_CLKSourceConfig  misc.o
    0x08001388   0x00000002   Code   RO         3262    i.SysTick_Handler   stm32f10x_it.o
    0x0800138a   0x00000002   PAD
    0x0800138c   0x00000060   Code   RO           27    i.SystemInit        system_stm32f10x.o
    0x080013ec   0x00000060   Code   RO         3719    i.TIM1_Int_Init     bsp_timer.o
    0x0800144c   0x000000a8   Code   RO         3720    i.TIM1_UP_IRQHandler  bsp_timer.o
    0x080014f4   0x000000f0   Code   RO         3933    i.TIM2_PWM_Init     bsp_pwm.o
    0x080015e4   0x00000110   Code   RO         3934    i.TIM3_PWM_Init     bsp_pwm.o
    0x080016f4   0x000000ec   Code   RO         3935    i.TIM4_PWM_Init     bsp_pwm.o
    0x080017e0   0x00000012   Code   RO         3721    i.TIMER_Init        bsp_timer.o
    0x080017f2   0x00000018   Code   RO         2327    i.TIM_ARRPreloadConfig  stm32f10x_tim.o
    0x0800180a   0x00000006   Code   RO         2334    i.TIM_ClearITPendingBit  stm32f10x_tim.o
    0x08001810   0x00000018   Code   RO         2339    i.TIM_Cmd           stm32f10x_tim.o
    0x08001828   0x0000001e   Code   RO         2341    i.TIM_CtrlPWMOutputs  stm32f10x_tim.o
    0x08001846   0x00000012   Code   RO         2364    i.TIM_ITConfig      stm32f10x_tim.o
    0x08001858   0x00000098   Code   RO         2368    i.TIM_OC1Init       stm32f10x_tim.o
    0x080018f0   0x00000012   Code   RO         2371    i.TIM_OC1PreloadConfig  stm32f10x_tim.o
    0x08001902   0x00000002   PAD
    0x08001904   0x000000a4   Code   RO         2373    i.TIM_OC2Init       stm32f10x_tim.o
    0x080019a8   0x0000001a   Code   RO         2376    i.TIM_OC2PreloadConfig  stm32f10x_tim.o
    0x080019c2   0x00000002   PAD
    0x080019c4   0x000000a0   Code   RO         2378    i.TIM_OC3Init       stm32f10x_tim.o
    0x08001a64   0x00000012   Code   RO         2381    i.TIM_OC3PreloadConfig  stm32f10x_tim.o
    0x08001a76   0x00000002   PAD
    0x08001a78   0x0000007c   Code   RO         2383    i.TIM_OC4Init       stm32f10x_tim.o
    0x08001af4   0x0000001a   Code   RO         2385    i.TIM_OC4PreloadConfig  stm32f10x_tim.o
    0x08001b0e   0x00000004   Code   RO         2400    i.TIM_SetCompare1   stm32f10x_tim.o
    0x08001b12   0x00000004   Code   RO         2401    i.TIM_SetCompare2   stm32f10x_tim.o
    0x08001b16   0x00000004   Code   RO         2402    i.TIM_SetCompare3   stm32f10x_tim.o
    0x08001b1a   0x00000006   Code   RO         2403    i.TIM_SetCompare4   stm32f10x_tim.o
    0x08001b20   0x000000a4   Code   RO         2410    i.TIM_TimeBaseInit  stm32f10x_tim.o
    0x08001bc4   0x000000a8   Code   RO         3829    i.UART1_Init        bsp_uart.o
    0x08001c6c   0x00000010   Code   RO         3832    i.UART_Init         bsp_uart.o
    0x08001c7c   0x00000160   Code   RO         3833    i.USART1_IRQHandler  bsp_uart.o
    0x08001ddc   0x00000018   Code   RO         2875    i.USART_Cmd         stm32f10x_usart.o
    0x08001df4   0x00000012   Code   RO         2876    i.USART_DMACmd      stm32f10x_usart.o
    0x08001e06   0x00000002   PAD
    0x08001e08   0x0000009c   Code   RO         2877    i.USART_DeInit      stm32f10x_usart.o
    0x08001ea4   0x0000001a   Code   RO         2878    i.USART_GetFlagStatus  stm32f10x_usart.o
    0x08001ebe   0x00000054   Code   RO         2879    i.USART_GetITStatus  stm32f10x_usart.o
    0x08001f12   0x0000004a   Code   RO         2881    i.USART_ITConfig    stm32f10x_usart.o
    0x08001f5c   0x000000d8   Code   RO         2882    i.USART_Init        stm32f10x_usart.o
    0x08002034   0x0000000a   Code   RO         2889    i.USART_ReceiveData  stm32f10x_usart.o
    0x0800203e   0x00000008   Code   RO         2892    i.USART_SendData    stm32f10x_usart.o
    0x08002046   0x0000001a   Code   RO         3834    i.Upload_ProcessDMAIRQ  bsp_uart.o
    0x08002060   0x00000004   Code   RO         3263    i.UsageFault_Handler  stm32f10x_it.o
    0x08002064   0x00000020   Code   RO         5183    i.__0printf         mc_w.l(printfa.o)
    0x08002084   0x0000000e   Code   RO         5370    i.__scatterload_copy  mc_w.l(handlers.o)
    0x08002092   0x00000002   Code   RO         5371    i.__scatterload_null  mc_w.l(handlers.o)
    0x08002094   0x0000000e   Code   RO         5372    i.__scatterload_zeroinit  mc_w.l(handlers.o)
    0x080020a2   0x00000002   PAD
    0x080020a4   0x00000164   Code   RO         5190    i._fp_digits        mc_w.l(printfa.o)
    0x08002208   0x000006dc   Code   RO         5191    i._printf_core      mc_w.l(printfa.o)
    0x080028e4   0x00000024   Code   RO         5192    i._printf_post_padding  mc_w.l(printfa.o)
    0x08002908   0x0000002e   Code   RO         5193    i._printf_pre_padding  mc_w.l(printfa.o)
    0x08002936   0x00000002   PAD
    0x08002938   0x0000004c   Code   RO         3789    i.delay_init        bsp_systick.o
    0x08002984   0x00000024   Code   RO         3836    i.fputc             bsp_uart.o
    0x080029a8   0x00000026   Code   RO         3113    i.main              main.o
    0x080029ce   0x00000002   PAD
    0x080029d0   0x00000020   Data   RO         5368    Region$$Table       anon$$obj.o


    Execution Region RW_IRAM1 (Base: 0x20000000, Size: 0x00000520, Max: 0x00005000, ABSOLUTE)

    Base Addr    Size         Type   Attr      Idx    E Section Name        Object

    0x20000000   0x00000014   Data   RW           28    .data               system_stm32f10x.o
    0x20000014   0x00000014   Data   RW         1726    .data               stm32f10x_rcc.o
    0x20000028   0x00000038   Data   RW         3115    .data               main.o
    0x20000060   0x00000009   Data   RW         3722    .data               bsp_timer.o
    0x20000069   0x00000003   PAD
    0x2000006c   0x00000008   Data   RW         3793    .data               bsp_systick.o
    0x20000074   0x0000000b   Data   RW         3838    .data               bsp_uart.o
    0x2000007f   0x00000002   Data   RW         4054    .data               bsp_gps.o
    0x20000081   0x00000003   PAD
    0x20000084   0x00000004   Data   RW         5314    .data               mc_w.l(stdout.o)
    0x20000088   0x00000096   Zero   RW         3837    .bss                bsp_uart.o
    0x2000011e   0x00000002   PAD
    0x20000120   0x00000400   Zero   RW            1    STACK               startup_stm32f10x_hd.o


==============================================================================

Image component sizes


      Code (inc. data)   RO Data    RW Data    ZI Data      Debug   Object Name

        26          0          0          0          0        447   app_beep.o
        56          6          0          0          0        496   app_light.o
         8          0          0          0          0        451   app_message.o
       144          6          0          0          0        532   app_motor.o
        84          0          0          0          0        472   app_steer.o
         8          0          0          0          0        440   app_sysdelay.o
       616         88          0          0          0       2250   bsp_gpio.o
        60         10          0          2          0       1164   bsp_gps.o
      1124         42          0          0          0       4342   bsp_pwm.o
        76         20          0          8          0        673   bsp_systick.o
       294         32          0          9          0       2439   bsp_timer.o
       762         70          0         11        150       4822   bsp_uart.o
         0          0          0          0          0       4504   core_cm3.o
        98          4          0         56          0       6852   main.o
       172         22          0          0          0       2033   misc.o
        36          8        304          0       1024        856   startup_stm32f10x_hd.o
       506         26          0          0          0       5079   stm32f10x_dma.o
       286          0          0          0          0       2996   stm32f10x_gpio.o
        74         26          0          0          0       4732   stm32f10x_it.o
       372         50          0         20          0       6096   stm32f10x_rcc.o
       972         92          0          0          0      11172   stm32f10x_tim.o
       616         28          0          0          0       7223   stm32f10x_usart.o
       328         28          0         20          0     259045   system_stm32f10x.o

    ----------------------------------------------------------------------
      6740        558        336        132       1176     329116   Object Totals
         0          0         32          0          0          0   (incl. Generated)
        22          0          0          6          2          0   (incl. Padding)

    ----------------------------------------------------------------------

      Code (inc. data)   RO Data    RW Data    ZI Data      Debug   Library Member Name

         0          0          0          0          0          0   entry.o
         0          0          0          0          0          0   entry10a.o
         0          0          0          0          0          0   entry11a.o
         8          4          0          0          0          0   entry2.o
         4          0          0          0          0          0   entry5.o
         0          0          0          0          0          0   entry7b.o
         0          0          0          0          0          0   entry8b.o
         8          4          0          0          0          0   entry9a.o
        30          0          0          0          0          0   handlers.o
        36          8          0          0          0         68   init.o
         0          0          0          0          0          0   iusefp.o
        30          0          0          0          0         68   llshl.o
        36          0          0          0          0         68   llsshr.o
        32          0          0          0          0         68   llushr.o
        36          0          0          0          0        108   memseta.o
      2226         90          0          0          0        444   printfa.o
         0          0          0          4          0          0   stdout.o
        44          0          0          0          0         80   uidiv.o
        98          0          0          0          0         92   uldiv.o
        48          0          0          0          0         68   cdrcmple.o
       334          0          0          0          0        148   dadd.o
       222          0          0          0          0        100   ddiv.o
       186          0          0          0          0        176   depilogue.o
        48          0          0          0          0         68   dfixul.o
       228          0          0          0          0         96   dmul.o

    ----------------------------------------------------------------------
      3660        106          0          4          0       1652   Library Totals
         6          0          0          0          0          0   (incl. Padding)

    ----------------------------------------------------------------------

      Code (inc. data)   RO Data    RW Data    ZI Data      Debug   Library Name

      2588        106          0          4          0        996   mc_w.l
      1066          0          0          0          0        656   mf_w.l

    ----------------------------------------------------------------------
      3660        106          0          4          0       1652   Library Totals

    ----------------------------------------------------------------------

==============================================================================


      Code (inc. data)   RO Data    RW Data    ZI Data      Debug   

     10400        664        336        136       1176     325460   Grand Totals
     10400        664        336        136       1176     325460   ELF Image Totals
     10400        664        336        136          0          0   ROM Totals

==============================================================================

    Total RO  Size (Code + RO Data)                10736 (  10.48kB)
    Total RW  Size (RW Data + ZI Data)              1312 (   1.28kB)
    Total ROM Size (Code + RO Data + RW Data)      10872 (  10.62kB)

==============================================================================

